Archive member included because of file (symbol)

c:/winavr-20081205/bin/../lib/gcc/avr/4.3.2/../../../../avr/lib/avr5\libm.a(addsf3.o)
                              rout.o (__subsf3)
c:/winavr-20081205/bin/../lib/gcc/avr/4.3.2/../../../../avr/lib/avr5\libm.a(addsf3x.o)
                              c:/winavr-20081205/bin/../lib/gcc/avr/4.3.2/../../../../avr/lib/avr5\libm.a(addsf3.o) (__addsf3x)
c:/winavr-20081205/bin/../lib/gcc/avr/4.3.2/../../../../avr/lib/avr5\libm.a(cmpsf2.o)
                              rout.o (__eqsf2)
c:/winavr-20081205/bin/../lib/gcc/avr/4.3.2/../../../../avr/lib/avr5\libm.a(divsf3.o)
                              vout.o (__divsf3)
c:/winavr-20081205/bin/../lib/gcc/avr/4.3.2/../../../../avr/lib/avr5\libm.a(divsf3x.o)
                              c:/winavr-20081205/bin/../lib/gcc/avr/4.3.2/../../../../avr/lib/avr5\libm.a(divsf3.o) (__divsf3x)
c:/winavr-20081205/bin/../lib/gcc/avr/4.3.2/../../../../avr/lib/avr5\libm.a(fixunssfsi.o)
                              vout.o (__fixunssfsi)
c:/winavr-20081205/bin/../lib/gcc/avr/4.3.2/../../../../avr/lib/avr5\libm.a(floatsisf.o)
                              freq_dot.o (__floatunsisf)
c:/winavr-20081205/bin/../lib/gcc/avr/4.3.2/../../../../avr/lib/avr5\libm.a(fp_cmp.o)
                              c:/winavr-20081205/bin/../lib/gcc/avr/4.3.2/../../../../avr/lib/avr5\libm.a(cmpsf2.o) (__fp_cmp)
c:/winavr-20081205/bin/../lib/gcc/avr/4.3.2/../../../../avr/lib/avr5\libm.a(fp_inf.o)
                              c:/winavr-20081205/bin/../lib/gcc/avr/4.3.2/../../../../avr/lib/avr5\libm.a(addsf3x.o) (__fp_inf)
c:/winavr-20081205/bin/../lib/gcc/avr/4.3.2/../../../../avr/lib/avr5\libm.a(fp_nan.o)
                              c:/winavr-20081205/bin/../lib/gcc/avr/4.3.2/../../../../avr/lib/avr5\libm.a(addsf3x.o) (__fp_nan)
c:/winavr-20081205/bin/../lib/gcc/avr/4.3.2/../../../../avr/lib/avr5\libm.a(fp_pscA.o)
                              c:/winavr-20081205/bin/../lib/gcc/avr/4.3.2/../../../../avr/lib/avr5\libm.a(addsf3x.o) (__fp_pscA)
c:/winavr-20081205/bin/../lib/gcc/avr/4.3.2/../../../../avr/lib/avr5\libm.a(fp_pscB.o)
                              c:/winavr-20081205/bin/../lib/gcc/avr/4.3.2/../../../../avr/lib/avr5\libm.a(addsf3x.o) (__fp_pscB)
c:/winavr-20081205/bin/../lib/gcc/avr/4.3.2/../../../../avr/lib/avr5\libm.a(fp_round.o)
                              c:/winavr-20081205/bin/../lib/gcc/avr/4.3.2/../../../../avr/lib/avr5\libm.a(addsf3.o) (__fp_round)
c:/winavr-20081205/bin/../lib/gcc/avr/4.3.2/../../../../avr/lib/avr5\libm.a(fp_split3.o)
                              c:/winavr-20081205/bin/../lib/gcc/avr/4.3.2/../../../../avr/lib/avr5\libm.a(addsf3x.o) (__fp_split3)
c:/winavr-20081205/bin/../lib/gcc/avr/4.3.2/../../../../avr/lib/avr5\libm.a(fp_zero.o)
                              c:/winavr-20081205/bin/../lib/gcc/avr/4.3.2/../../../../avr/lib/avr5\libm.a(addsf3x.o) (__fp_zero)
c:/winavr-20081205/bin/../lib/gcc/avr/4.3.2/../../../../avr/lib/avr5\libm.a(gesf2.o)
                              rout.o (__gesf2)
c:/winavr-20081205/bin/../lib/gcc/avr/4.3.2/../../../../avr/lib/avr5\libm.a(mulsf3.o)
                              main.o (__mulsf3)
c:/winavr-20081205/bin/../lib/gcc/avr/4.3.2/../../../../avr/lib/avr5\libm.a(mulsf3x.o)
                              c:/winavr-20081205/bin/../lib/gcc/avr/4.3.2/../../../../avr/lib/avr5\libm.a(mulsf3.o) (__mulsf3x)
c:/winavr-20081205/bin/../lib/gcc/avr/4.3.2/../../../../avr/lib/avr5\libc.a(exit.o)
                              c:/winavr-20081205/bin/../lib/gcc/avr/4.3.2/../../../../avr/lib/avr5/crtm168.o (exit)
c:/winavr-20081205/bin/../lib/gcc/avr/4.3.2/../../../../avr/lib/avr5\libc.a(memcpy_P.o)
                              mbclient.o (memcpy_P)
c:/winavr-20081205/bin/../lib/gcc/avr/4.3.2/../../../../avr/lib/avr5\libc.a(memcpy.o)
                              mbclient.o (memcpy)
c:/winavr-20081205/bin/../lib/gcc/avr/4.3.2/../../../../avr/lib/avr5\libc.a(strcat.o)
                              reply.o (strcat)
c:/winavr-20081205/bin/../lib/gcc/avr/4.3.2/../../../../avr/lib/avr5\libc.a(strcpy.o)
                              reply.o (strcpy)
c:/winavr-20081205/bin/../lib/gcc/avr/4.3.2/../../../../avr/lib/avr5\libc.a(eerd_block.o)
                              main.o (__eerd_block)
c:/winavr-20081205/bin/../lib/gcc/avr/4.3.2/../../../../avr/lib/avr5\libc.a(eerd_word.o)
                              reply.o (__eerd_word)
c:/winavr-20081205/bin/../lib/gcc/avr/4.3.2/../../../../avr/lib/avr5\libc.a(eewr_block.o)
                              mbclient.o (__eewr_block)
c:/winavr-20081205/bin/../lib/gcc/avr/4.3.2/../../../../avr/lib/avr5\libc.a(eewr_word.o)
                              reply.o (__eewr_word)
c:/winavr-20081205/bin/../lib/gcc/avr/4.3.2/../../../../avr/lib/avr5\libc.a(utoa.o)
                              reply.o (utoa)
c:/winavr-20081205/bin/../lib/gcc/avr/4.3.2/../../../../avr/lib/avr5\libc.a(strrev.o)
                              c:/winavr-20081205/bin/../lib/gcc/avr/4.3.2/../../../../avr/lib/avr5\libc.a(utoa.o) (strrev)
c:/winavr-20081205/bin/../lib/gcc/avr/4.3.2/avr5\libgcc.a(_mulsi3.o)
                              freq_dot.o (__mulsi3)
c:/winavr-20081205/bin/../lib/gcc/avr/4.3.2/avr5\libgcc.a(_udivmodhi4.o)
                              fout.o (__udivmodhi4)
c:/winavr-20081205/bin/../lib/gcc/avr/4.3.2/avr5\libgcc.a(_prologue.o)
                              c:/winavr-20081205/bin/../lib/gcc/avr/4.3.2/../../../../avr/lib/avr5\libc.a(eerd_block.o) (__prologue_saves__)
c:/winavr-20081205/bin/../lib/gcc/avr/4.3.2/avr5\libgcc.a(_epilogue.o)
                              c:/winavr-20081205/bin/../lib/gcc/avr/4.3.2/../../../../avr/lib/avr5\libc.a(eerd_block.o) (__epilogue_restores__)
c:/winavr-20081205/bin/../lib/gcc/avr/4.3.2/avr5\libgcc.a(_exit.o)
                              c:/winavr-20081205/bin/../lib/gcc/avr/4.3.2/../../../../avr/lib/avr5\libc.a(exit.o) (_exit)
c:/winavr-20081205/bin/../lib/gcc/avr/4.3.2/avr5\libgcc.a(_copy_data.o)
                              main.o (__do_copy_data)
c:/winavr-20081205/bin/../lib/gcc/avr/4.3.2/avr5\libgcc.a(_clear_bss.o)
                              main.o (__do_clear_bss)

Allocating common symbols
Common symbol       size              file

hvost               0x1               fout.o
t                   0x1               reply.o
timer0              0x1               usart.o
pwm_max             0x2               reply.o
n                   0x2               reply.o
password_hi         0x4               reply.o
f_curr              0x2               reply.o
RegFile             0x1b8             settings.o
omnicomm_timer      0x4               omnicomm.o
omnicomm_command_type
                    0x1               omnicomm.o
trl                 0x2               reply.o
CPT0                0x12              mbfanction0.o
password_lo         0x4               reply.o
filt_length         0x1               reply.o
omnicomm_status     0x1               omnicomm.o
k_t0                0x1               reply.o
id                  0x4               reply.o
omnicomm_frame_size
                    0x1               omnicomm.o
k_t                 0x2               reply.o
DataBuffer0         0xfa              usart.o
omnicomm_cmd        0x1               omnicomm.o
pwm_mode            0x1               reply.o
report_on           0x1               reply.o
pBuf0               0x2               usart.o
ROutPWMValue        0x4               rout.o
hvost_tmp           0x1               fout.o
f_min_t             0x2               reply.o
omnicomm_addr       0x1               omnicomm.o
pUDR0               0x2               usart.o
FREQ_DOT            0xd               freq_dot.o
PotValue            0x4               potenciometer.o
net_mode            0x1               reply.o
f_max_t             0x2               reply.o

Memory Configuration

Name             Origin             Length             Attributes
text             0x00000000         0x00020000         xr
data             0x00800060         0x0000ffa0         rw !x
eeprom           0x00810000         0x00010000         rw !x
fuse             0x00820000         0x00000400         rw !x
lock             0x00830000         0x00000400         rw !x
signature        0x00840000         0x00000400         rw !x
*default*        0x00000000         0xffffffff

Linker script and memory map

Address of section .data set to 0x800100
LOAD c:/winavr-20081205/bin/../lib/gcc/avr/4.3.2/../../../../avr/lib/avr5/crtm168.o
Address of section .also_var set to 0x3b00
Address of section .bootloader set to 0x3960
LOAD main.o
LOAD spi.o
LOAD potenciometer.o
LOAD vout.o
LOAD rout.o
LOAD freq_dot.o
LOAD mbfanction0.o
LOAD mbclient.o
LOAD crc16.o
LOAD usart.o
LOAD settings.o
LOAD errors_led.o
LOAD dot.o
LOAD util.o
LOAD reset_fuse.o
LOAD omnicomm.o
LOAD reply.o
LOAD crc8.o
LOAD adc.o
LOAD fout.o
LOAD analog_dot.o
LOAD c:/winavr-20081205/bin/../lib/gcc/avr/4.3.2/../../../../avr/lib/avr5\libm.a
LOAD c:/winavr-20081205/bin/../lib/gcc/avr/4.3.2/../../../../avr/lib/avr5\libc.a
LOAD c:/winavr-20081205/bin/../lib/gcc/avr/4.3.2/avr5\libgcc.a
LOAD c:/winavr-20081205/bin/../lib/gcc/avr/4.3.2/../../../../avr/lib/avr5\libc.a
LOAD c:/winavr-20081205/bin/../lib/gcc/avr/4.3.2/avr5\libgcc.a

.hash
 *(.hash)

.dynsym
 *(.dynsym)

.dynstr
 *(.dynstr)

.gnu.version
 *(.gnu.version)

.gnu.version_d
 *(.gnu.version_d)

.gnu.version_r
 *(.gnu.version_r)

.rel.init
 *(.rel.init)

.rela.init
 *(.rela.init)

.rel.text
 *(.rel.text)
 *(.rel.text.*)
 *(.rel.gnu.linkonce.t*)

.rela.text
 *(.rela.text)
 *(.rela.text.*)
 *(.rela.gnu.linkonce.t*)

.rel.fini
 *(.rel.fini)

.rela.fini
 *(.rela.fini)

.rel.rodata
 *(.rel.rodata)
 *(.rel.rodata.*)
 *(.rel.gnu.linkonce.r*)

.rela.rodata
 *(.rela.rodata)
 *(.rela.rodata.*)
 *(.rela.gnu.linkonce.r*)

.rel.data
 *(.rel.data)
 *(.rel.data.*)
 *(.rel.gnu.linkonce.d*)

.rela.data
 *(.rela.data)
 *(.rela.data.*)
 *(.rela.gnu.linkonce.d*)

.rel.ctors
 *(.rel.ctors)

.rela.ctors
 *(.rela.ctors)

.rel.dtors
 *(.rel.dtors)

.rela.dtors
 *(.rela.dtors)

.rel.got
 *(.rel.got)

.rela.got
 *(.rela.got)

.rel.bss
 *(.rel.bss)

.rela.bss
 *(.rela.bss)

.rel.plt
 *(.rel.plt)

.rela.plt
 *(.rela.plt)

.text           0x00000000     0x3924
 *(.vectors)
 .vectors       0x00000000       0x68 c:/winavr-20081205/bin/../lib/gcc/avr/4.3.2/../../../../avr/lib/avr5/crtm168.o
                0x00000000                __vectors
                0x00000000                __vector_default
 *(.vectors)
 *(.progmem.gcc*)
 *(.progmem*)
 .progmem.data  0x00000068      0x200 crc16.o
                0x00000268                . = ALIGN (0x2)
                0x00000268                __trampolines_start = .
 *(.trampolines)
 .trampolines   0x00000268        0x0 linker stubs
 *(.trampolines*)
                0x00000268                __trampolines_end = .
 *(.jumptables)
 *(.jumptables*)
 *(.lowtext)
 *(.lowtext*)
                0x00000268                __ctors_start = .
 *(.ctors)
                0x00000268                __ctors_end = .
                0x00000268                __dtors_start = .
 *(.dtors)
                0x00000268                __dtors_end = .
 SORT(*)(.ctors)
 SORT(*)(.dtors)
 *(.init0)
 .init0         0x00000268        0x0 c:/winavr-20081205/bin/../lib/gcc/avr/4.3.2/../../../../avr/lib/avr5/crtm168.o
                0x00000268                __init
 *(.init0)
 *(.init1)
 *(.init1)
 *(.init2)
 .init2         0x00000268        0xc c:/winavr-20081205/bin/../lib/gcc/avr/4.3.2/../../../../avr/lib/avr5/crtm168.o
 *(.init2)
 *(.init3)
 *(.init3)
 *(.init4)
 .init4         0x00000274       0x16 c:/winavr-20081205/bin/../lib/gcc/avr/4.3.2/avr5\libgcc.a(_copy_data.o)
                0x00000274                __do_copy_data
 .init4         0x0000028a       0x10 c:/winavr-20081205/bin/../lib/gcc/avr/4.3.2/avr5\libgcc.a(_clear_bss.o)
                0x0000028a                __do_clear_bss
 *(.init4)
 *(.init5)
 *(.init5)
 *(.init6)
 *(.init6)
 *(.init7)
 *(.init7)
 *(.init8)
 *(.init8)
 *(.init9)
 .init9         0x0000029a        0x8 c:/winavr-20081205/bin/../lib/gcc/avr/4.3.2/../../../../avr/lib/avr5/crtm168.o
 *(.init9)
 *(.text)
 .text          0x000002a2        0x4 c:/winavr-20081205/bin/../lib/gcc/avr/4.3.2/../../../../avr/lib/avr5/crtm168.o
                0x000002a2                __vector_22
                0x000002a2                __vector_1
                0x000002a2                __vector_24
                0x000002a2                __vector_12
                0x000002a2                __bad_interrupt
                0x000002a2                __vector_6
                0x000002a2                __vector_3
                0x000002a2                __vector_23
                0x000002a2                __vector_25
                0x000002a2                __vector_11
                0x000002a2                __vector_17
                0x000002a2                __vector_5
                0x000002a2                __vector_4
                0x000002a2                __vector_9
                0x000002a2                __vector_2
                0x000002a2                __vector_21
                0x000002a2                __vector_15
                0x000002a2                __vector_8
                0x000002a2                __vector_14
 .text          0x000002a6      0x13c main.o
                0x000002b6                ReservProcess
                0x00000334                Init
                0x0000037c                main
 .text          0x000003e2       0x3e spi.o
                0x00000416                SPIWrite
                0x000003e2                SPIMasterInit
 .text          0x00000420       0x3c potenciometer.o
                0x00000420                PotSet
                0x00000438                PotInit
 .text          0x0000045c      0x132 vout.o
                0x000004be                VOutWidthSet
                0x00000504                VOutProcess
                0x0000045c                VOutInit
 .text          0x0000058e      0x670 rout.o
                0x0000058e                ROutWidthSet
                0x00000b6e                ROutInit
                0x00000592                GetLogR
                0x000006e4                GetAIN_I_Value
                0x00000718                GetR
                0x00000af0                ROutProcess
                0x000006f8                GetAIN_U_Value
                0x00000850                SetR
 .text          0x00000bfe      0x46a freq_dot.o
                0x00000c76                CoreFrequancyMeasure
                0x00000dce                SetDOTChannel
                0x00000de6                FrequancyMeasure
                0x00000fd2                __vector_13
                0x00000f6c                FreqDotInit
                0x00000bfe                __vector_10
 .text          0x00001068      0x1ca mbfanction0.o
                0x000011c6                check_modbus_packet
                0x00001132                DiagnosticModbus0
                0x00001108                SendErrorResponse
                0x00001068                MBClientReceive0
                0x00001198                CheckCRC0
                0x000010fc                MBClientSend
                0x0000106e                MBSend
 .text          0x00001232      0x4ce mbclient.o
                0x000016ba                ModbusProcess
                0x000013f8                MBReadMemory
                0x00001584                modWriteSingleRegister
                0x0000125c                WriteFlash
                0x0000165e                MBClientProcess
                0x00001292                modWriteOption
                0x000014f6                CheckRegisterValue
                0x0000148a                modReadInputRegisters
 .text          0x00001700       0x36 crc16.o
                0x00001700                CRC16
 .text          0x00001736      0x25e usart.o
                0x00001744                CLR_DE485_0
                0x00001916                __vector_19
                0x00001736                SET_DE485_0
                0x000017dc                UartRecivePacket
                0x00001752                InitUART
                0x00001788                __vector_16
                0x00001862                __vector_18
                0x000018da                __vector_20
 .text          0x00001994       0x34 settings.o
                0x00001994                get_double_P
 .text          0x000019c8       0x6e errors_led.o
                0x000019ca                ErrorProcess
                0x000019e6                error_led_isr
                0x000019c8                LedTimerInit
 .text          0x00001a36      0x55e dot.o
                0x00001b46                GetDotVolume
                0x00001e02                GetAllDotsVolume
                0x00001ece                DotsProcess
                0x00001a36                GetFullTanksVolume
                0x00001e64                GetFuelPercent
 .text          0x00001f94       0x70 util.o
                0x00001f94                mem_reverce
                0x00001fba                Reverse4
                0x00001fe8                Reverse2
 .text          0x00002004       0xf8 reset_fuse.o
                0x0000201e                SettingsReset
                0x0000209a                ResetFuseProcess
 .text          0x000020fc      0x3b0 omnicomm.o
                0x000021ea                is_frame_ok
                0x0000224e                OmniComm_Send_frame
                0x000022be                OmniComm_Reply_error
                0x000020fc                OmniComm_Check_old_frame
                0x0000212a                OmniComm_Send_frame_old_data
                0x000022d0                do_omnicom
                0x0000218e                OmniComm_Check_frame
                0x0000215a                OmniComm_Do_crc
                0x000022ae                OmniComm_Reply_ok
 .text          0x000024ac      0x95e reply.o
                0x000028e6                Fcurr_fmin
                0x00002668                Set_trl
                0x0000268c                Fcurr_fmax
                0x00002562                Disable_auto_old_mode
                0x0000267a                Set_fmax
                0x00002592                Get_auto_old_mode
                0x0000266e                Set_pwm_mod
                0x00002530                Enable_auto_old_mode
                0x00002662                Set_filt_length
                0x00002bfc                Set_id
                0x000026ea                Data_contin
                0x000027f2                Config_read
                0x000027ae                Passw_read
                0x0000265c                Set_passw
                0x00002622                Set_period
                0x000027ce                Filt_leng_read
                0x00002756                Set_net_mode
                0x00002cbc                Read_parameters
                0x00002974                Data_read
                0x000025a4                Set_auto_mode
                0x00002782                Set_addr
                0x00002674                Set_pwm_max
                0x00002686                Tslope_t0
                0x00002680                Set_fmin
                0x000024d6                update_data
                0x000028a4                Id_read
 .text          0x00002e0a       0x24 crc8.o
                0x00002e0a                crc8
 .text          0x00002e2e      0x37c adc.o
                0x00002e3e                ADCInit
                0x00002e2e                ADCSetChannel
                0x00002e94                ADCRead
                0x00002ebc                ADCGetRoundedValue
 .text          0x000031aa      0x116 fout.o
                0x000031d4                set_Freq
                0x000031aa                FOutInit
                0x00003260                __vector_7
 .text          0x000032c0        0x0 analog_dot.o
 .text          0x000032c0        0x0 c:/winavr-20081205/bin/../lib/gcc/avr/4.3.2/../../../../avr/lib/avr5\libm.a(addsf3.o)
 .text          0x000032c0        0x0 c:/winavr-20081205/bin/../lib/gcc/avr/4.3.2/../../../../avr/lib/avr5\libm.a(addsf3x.o)
 .text          0x000032c0        0x0 c:/winavr-20081205/bin/../lib/gcc/avr/4.3.2/../../../../avr/lib/avr5\libm.a(cmpsf2.o)
 .text          0x000032c0        0x0 c:/winavr-20081205/bin/../lib/gcc/avr/4.3.2/../../../../avr/lib/avr5\libm.a(divsf3.o)
 .text          0x000032c0        0x0 c:/winavr-20081205/bin/../lib/gcc/avr/4.3.2/../../../../avr/lib/avr5\libm.a(divsf3x.o)
 .text          0x000032c0        0x0 c:/winavr-20081205/bin/../lib/gcc/avr/4.3.2/../../../../avr/lib/avr5\libm.a(fixunssfsi.o)
 .text          0x000032c0        0x0 c:/winavr-20081205/bin/../lib/gcc/avr/4.3.2/../../../../avr/lib/avr5\libm.a(floatsisf.o)
 .text          0x000032c0        0x0 c:/winavr-20081205/bin/../lib/gcc/avr/4.3.2/../../../../avr/lib/avr5\libm.a(fp_cmp.o)
 .text          0x000032c0        0x0 c:/winavr-20081205/bin/../lib/gcc/avr/4.3.2/../../../../avr/lib/avr5\libm.a(fp_inf.o)
 .text          0x000032c0        0x0 c:/winavr-20081205/bin/../lib/gcc/avr/4.3.2/../../../../avr/lib/avr5\libm.a(fp_nan.o)
 .text          0x000032c0        0x0 c:/winavr-20081205/bin/../lib/gcc/avr/4.3.2/../../../../avr/lib/avr5\libm.a(fp_pscA.o)
 .text          0x000032c0        0x0 c:/winavr-20081205/bin/../lib/gcc/avr/4.3.2/../../../../avr/lib/avr5\libm.a(fp_pscB.o)
 .text          0x000032c0        0x0 c:/winavr-20081205/bin/../lib/gcc/avr/4.3.2/../../../../avr/lib/avr5\libm.a(fp_round.o)
 .text          0x000032c0        0x0 c:/winavr-20081205/bin/../lib/gcc/avr/4.3.2/../../../../avr/lib/avr5\libm.a(fp_split3.o)
 .text          0x000032c0        0x0 c:/winavr-20081205/bin/../lib/gcc/avr/4.3.2/../../../../avr/lib/avr5\libm.a(fp_zero.o)
 .text          0x000032c0        0x0 c:/winavr-20081205/bin/../lib/gcc/avr/4.3.2/../../../../avr/lib/avr5\libm.a(gesf2.o)
 .text          0x000032c0        0x0 c:/winavr-20081205/bin/../lib/gcc/avr/4.3.2/../../../../avr/lib/avr5\libm.a(mulsf3.o)
 .text          0x000032c0        0x0 c:/winavr-20081205/bin/../lib/gcc/avr/4.3.2/../../../../avr/lib/avr5\libm.a(mulsf3x.o)
 .text          0x000032c0        0x6 c:/winavr-20081205/bin/../lib/gcc/avr/4.3.2/../../../../avr/lib/avr5\libc.a(exit.o)
                0x000032c0                exit
 .text          0x000032c6       0x12 c:/winavr-20081205/bin/../lib/gcc/avr/4.3.2/../../../../avr/lib/avr5\libc.a(memcpy_P.o)
                0x000032c6                memcpy_P
 .text          0x000032d8       0x12 c:/winavr-20081205/bin/../lib/gcc/avr/4.3.2/../../../../avr/lib/avr5\libc.a(memcpy.o)
                0x000032d8                memcpy
 .text          0x000032ea       0x16 c:/winavr-20081205/bin/../lib/gcc/avr/4.3.2/../../../../avr/lib/avr5\libc.a(strcat.o)
                0x000032ea                strcat
 .text          0x00003300        0xe c:/winavr-20081205/bin/../lib/gcc/avr/4.3.2/../../../../avr/lib/avr5\libc.a(strcpy.o)
                0x00003300                strcpy
 .text          0x0000330e       0x38 c:/winavr-20081205/bin/../lib/gcc/avr/4.3.2/../../../../avr/lib/avr5\libc.a(eerd_block.o)
                0x0000330e                __eerd_block
 .text          0x00003346       0x2c c:/winavr-20081205/bin/../lib/gcc/avr/4.3.2/../../../../avr/lib/avr5\libc.a(eerd_word.o)
                0x00003346                __eerd_word
 .text          0x00003372       0x38 c:/winavr-20081205/bin/../lib/gcc/avr/4.3.2/../../../../avr/lib/avr5\libc.a(eewr_block.o)
                0x00003372                __eewr_block
 .text          0x000033aa       0x2a c:/winavr-20081205/bin/../lib/gcc/avr/4.3.2/../../../../avr/lib/avr5\libc.a(eewr_word.o)
                0x000033aa                __eewr_word
 .text          0x000033d4       0x2c c:/winavr-20081205/bin/../lib/gcc/avr/4.3.2/../../../../avr/lib/avr5\libc.a(utoa.o)
                0x000033d4                utoa
 .text          0x00003400       0x20 c:/winavr-20081205/bin/../lib/gcc/avr/4.3.2/../../../../avr/lib/avr5\libc.a(strrev.o)
                0x00003400                strrev
 .text          0x00003420        0x0 c:/winavr-20081205/bin/../lib/gcc/avr/4.3.2/avr5\libgcc.a(_mulsi3.o)
 .text          0x00003420        0x0 c:/winavr-20081205/bin/../lib/gcc/avr/4.3.2/avr5\libgcc.a(_udivmodhi4.o)
 .text          0x00003420        0x0 c:/winavr-20081205/bin/../lib/gcc/avr/4.3.2/avr5\libgcc.a(_prologue.o)
 .text          0x00003420        0x0 c:/winavr-20081205/bin/../lib/gcc/avr/4.3.2/avr5\libgcc.a(_epilogue.o)
 .text          0x00003420        0x0 c:/winavr-20081205/bin/../lib/gcc/avr/4.3.2/avr5\libgcc.a(_exit.o)
 .text          0x00003420        0x0 c:/winavr-20081205/bin/../lib/gcc/avr/4.3.2/avr5\libgcc.a(_copy_data.o)
 .text          0x00003420        0x0 c:/winavr-20081205/bin/../lib/gcc/avr/4.3.2/avr5\libgcc.a(_clear_bss.o)
                0x00003420                . = ALIGN (0x2)
 *(.text.*)
 .text.fplib    0x00003420        0xa c:/winavr-20081205/bin/../lib/gcc/avr/4.3.2/../../../../avr/lib/avr5\libm.a(addsf3.o)
                0x00003420                __subsf3
                0x00003422                __addsf3
 .text.fplib    0x0000342a       0xc0 c:/winavr-20081205/bin/../lib/gcc/avr/4.3.2/../../../../avr/lib/avr5\libm.a(addsf3x.o)
                0x00003444                __addsf3x
 .text.fplib    0x000034ea        0x8 c:/winavr-20081205/bin/../lib/gcc/avr/4.3.2/../../../../avr/lib/avr5\libm.a(cmpsf2.o)
                0x000034ea                __lesf2
                0x000034ea                __nesf2
                0x000034ea                __eqsf2
                0x000034ea                __cmpsf2
                0x000034ea                __ltsf2
 .text.fplib    0x000034f2        0x4 c:/winavr-20081205/bin/../lib/gcc/avr/4.3.2/../../../../avr/lib/avr5\libm.a(divsf3.o)
                0x000034f2                __divsf3
 .text.fplib    0x000034f6       0xcc c:/winavr-20081205/bin/../lib/gcc/avr/4.3.2/../../../../avr/lib/avr5\libm.a(divsf3x.o)
                0x0000350c                __divsf3x
                0x00003510                __divsf3_pse
 .text.fplib    0x000035c2       0x58 c:/winavr-20081205/bin/../lib/gcc/avr/4.3.2/../../../../avr/lib/avr5\libm.a(fixunssfsi.o)
                0x000035c2                __fixunssfsi
 .text.fplib    0x0000361a       0x7a c:/winavr-20081205/bin/../lib/gcc/avr/4.3.2/../../../../avr/lib/avr5\libm.a(floatsisf.o)
                0x0000361e                __floatsisf
                0x0000361a                __floatunsisf
 .text.fplib    0x00003694       0x48 c:/winavr-20081205/bin/../lib/gcc/avr/4.3.2/../../../../avr/lib/avr5\libm.a(fp_cmp.o)
                0x00003694                __fp_cmp
 .text.fplib    0x000036dc        0xc c:/winavr-20081205/bin/../lib/gcc/avr/4.3.2/../../../../avr/lib/avr5\libm.a(fp_inf.o)
                0x000036dc                __fp_inf
 .text.fplib    0x000036e8        0x6 c:/winavr-20081205/bin/../lib/gcc/avr/4.3.2/../../../../avr/lib/avr5\libm.a(fp_nan.o)
                0x000036e8                __fp_nan
 .text.fplib    0x000036ee        0xe c:/winavr-20081205/bin/../lib/gcc/avr/4.3.2/../../../../avr/lib/avr5\libm.a(fp_pscA.o)
                0x000036ee                __fp_pscA
 .text.fplib    0x000036fc        0xe c:/winavr-20081205/bin/../lib/gcc/avr/4.3.2/../../../../avr/lib/avr5\libm.a(fp_pscB.o)
                0x000036fc                __fp_pscB
 .text.fplib    0x0000370a       0x22 c:/winavr-20081205/bin/../lib/gcc/avr/4.3.2/../../../../avr/lib/avr5\libm.a(fp_round.o)
                0x0000370a                __fp_round
 .text.fplib    0x0000372c       0x44 c:/winavr-20081205/bin/../lib/gcc/avr/4.3.2/../../../../avr/lib/avr5\libm.a(fp_split3.o)
                0x0000372c                __fp_split3
                0x0000373c                __fp_splitA
 .text.fplib    0x00003770        0xe c:/winavr-20081205/bin/../lib/gcc/avr/4.3.2/../../../../avr/lib/avr5\libm.a(fp_zero.o)
                0x00003770                __fp_zero
                0x00003772                __fp_szero
 .text.fplib    0x0000377e        0x8 c:/winavr-20081205/bin/../lib/gcc/avr/4.3.2/../../../../avr/lib/avr5\libm.a(gesf2.o)
                0x0000377e                __gtsf2
                0x0000377e                __gesf2
 .text.fplib    0x00003786        0x4 c:/winavr-20081205/bin/../lib/gcc/avr/4.3.2/../../../../avr/lib/avr5\libm.a(mulsf3.o)
                0x00003786                __mulsf3
 .text.fplib    0x0000378a       0xc2 c:/winavr-20081205/bin/../lib/gcc/avr/4.3.2/../../../../avr/lib/avr5\libm.a(mulsf3x.o)
                0x000037a2                __mulsf3_pse
                0x0000379e                __mulsf3x
 .text.libgcc   0x0000384c       0x3e c:/winavr-20081205/bin/../lib/gcc/avr/4.3.2/avr5\libgcc.a(_mulsi3.o)
                0x0000384c                __mulsi3
 .text.libgcc   0x0000388a       0x28 c:/winavr-20081205/bin/../lib/gcc/avr/4.3.2/avr5\libgcc.a(_udivmodhi4.o)
                0x0000388a                __udivmodhi4
 .text.libgcc   0x000038b2       0x38 c:/winavr-20081205/bin/../lib/gcc/avr/4.3.2/avr5\libgcc.a(_prologue.o)
                0x000038b2                __prologue_saves__
 .text.libgcc   0x000038ea       0x36 c:/winavr-20081205/bin/../lib/gcc/avr/4.3.2/avr5\libgcc.a(_epilogue.o)
                0x000038ea                __epilogue_restores__
 .text.libgcc   0x00003920        0x0 c:/winavr-20081205/bin/../lib/gcc/avr/4.3.2/avr5\libgcc.a(_exit.o)
 .text.libgcc   0x00003920        0x0 c:/winavr-20081205/bin/../lib/gcc/avr/4.3.2/avr5\libgcc.a(_copy_data.o)
 .text.libgcc   0x00003920        0x0 c:/winavr-20081205/bin/../lib/gcc/avr/4.3.2/avr5\libgcc.a(_clear_bss.o)
                0x00003920                . = ALIGN (0x2)
 *(.fini9)
 .fini9         0x00003920        0x0 c:/winavr-20081205/bin/../lib/gcc/avr/4.3.2/avr5\libgcc.a(_exit.o)
                0x00003920                _exit
 *(.fini9)
 *(.fini8)
 *(.fini8)
 *(.fini7)
 *(.fini7)
 *(.fini6)
 *(.fini6)
 *(.fini5)
 *(.fini5)
 *(.fini4)
 *(.fini4)
 *(.fini3)
 *(.fini3)
 *(.fini2)
 *(.fini2)
 *(.fini1)
 *(.fini1)
 *(.fini0)
 .fini0         0x00003920        0x4 c:/winavr-20081205/bin/../lib/gcc/avr/4.3.2/avr5\libgcc.a(_exit.o)
 *(.fini0)
                0x00003924                _etext = .

.data           0x00800100       0x20 load address 0x00003924
                0x00800100                PROVIDE (__data_start, .)
 *(.data)
 .data          0x00800100        0x0 c:/winavr-20081205/bin/../lib/gcc/avr/4.3.2/../../../../avr/lib/avr5/crtm168.o
 .data          0x00800100        0x0 main.o
 .data          0x00800100        0x0 spi.o
 .data          0x00800100        0x0 potenciometer.o
 .data          0x00800100        0x0 vout.o
 .data          0x00800100        0x0 rout.o
 .data          0x00800100        0x0 freq_dot.o
 .data          0x00800100        0x1 mbfanction0.o
                0x00800100                hostID0
 .data          0x00800101        0x0 mbclient.o
 .data          0x00800101        0x0 crc16.o
 .data          0x00800101        0x0 usart.o
 .data          0x00800101        0x0 settings.o
 .data          0x00800101        0x3 errors_led.o
                0x00800101                FlashCount
                0x00800102                Delay
 .data          0x00800104        0x0 dot.o
 .data          0x00800104        0x0 util.o
 .data          0x00800104        0x0 reset_fuse.o
 .data          0x00800104        0x0 omnicomm.o
 .data          0x00800104       0x1c reply.o
                0x0080011f                period_auto
 .data          0x00800120        0x0 crc8.o
 .data          0x00800120        0x0 adc.o
 .data          0x00800120        0x0 fout.o
 .data          0x00800120        0x0 analog_dot.o
 .data          0x00800120        0x0 c:/winavr-20081205/bin/../lib/gcc/avr/4.3.2/../../../../avr/lib/avr5\libm.a(addsf3.o)
 .data          0x00800120        0x0 c:/winavr-20081205/bin/../lib/gcc/avr/4.3.2/../../../../avr/lib/avr5\libm.a(addsf3x.o)
 .data          0x00800120        0x0 c:/winavr-20081205/bin/../lib/gcc/avr/4.3.2/../../../../avr/lib/avr5\libm.a(cmpsf2.o)
 .data          0x00800120        0x0 c:/winavr-20081205/bin/../lib/gcc/avr/4.3.2/../../../../avr/lib/avr5\libm.a(divsf3.o)
 .data          0x00800120        0x0 c:/winavr-20081205/bin/../lib/gcc/avr/4.3.2/../../../../avr/lib/avr5\libm.a(divsf3x.o)
 .data          0x00800120        0x0 c:/winavr-20081205/bin/../lib/gcc/avr/4.3.2/../../../../avr/lib/avr5\libm.a(fixunssfsi.o)
 .data          0x00800120        0x0 c:/winavr-20081205/bin/../lib/gcc/avr/4.3.2/../../../../avr/lib/avr5\libm.a(floatsisf.o)
 .data          0x00800120        0x0 c:/winavr-20081205/bin/../lib/gcc/avr/4.3.2/../../../../avr/lib/avr5\libm.a(fp_cmp.o)
 .data          0x00800120        0x0 c:/winavr-20081205/bin/../lib/gcc/avr/4.3.2/../../../../avr/lib/avr5\libm.a(fp_inf.o)
 .data          0x00800120        0x0 c:/winavr-20081205/bin/../lib/gcc/avr/4.3.2/../../../../avr/lib/avr5\libm.a(fp_nan.o)
 .data          0x00800120        0x0 c:/winavr-20081205/bin/../lib/gcc/avr/4.3.2/../../../../avr/lib/avr5\libm.a(fp_pscA.o)
 .data          0x00800120        0x0 c:/winavr-20081205/bin/../lib/gcc/avr/4.3.2/../../../../avr/lib/avr5\libm.a(fp_pscB.o)
 .data          0x00800120        0x0 c:/winavr-20081205/bin/../lib/gcc/avr/4.3.2/../../../../avr/lib/avr5\libm.a(fp_round.o)
 .data          0x00800120        0x0 c:/winavr-20081205/bin/../lib/gcc/avr/4.3.2/../../../../avr/lib/avr5\libm.a(fp_split3.o)
 .data          0x00800120        0x0 c:/winavr-20081205/bin/../lib/gcc/avr/4.3.2/../../../../avr/lib/avr5\libm.a(fp_zero.o)
 .data          0x00800120        0x0 c:/winavr-20081205/bin/../lib/gcc/avr/4.3.2/../../../../avr/lib/avr5\libm.a(gesf2.o)
 .data          0x00800120        0x0 c:/winavr-20081205/bin/../lib/gcc/avr/4.3.2/../../../../avr/lib/avr5\libm.a(mulsf3.o)
 .data          0x00800120        0x0 c:/winavr-20081205/bin/../lib/gcc/avr/4.3.2/../../../../avr/lib/avr5\libm.a(mulsf3x.o)
 .data          0x00800120        0x0 c:/winavr-20081205/bin/../lib/gcc/avr/4.3.2/../../../../avr/lib/avr5\libc.a(exit.o)
 .data          0x00800120        0x0 c:/winavr-20081205/bin/../lib/gcc/avr/4.3.2/../../../../avr/lib/avr5\libc.a(memcpy_P.o)
 .data          0x00800120        0x0 c:/winavr-20081205/bin/../lib/gcc/avr/4.3.2/../../../../avr/lib/avr5\libc.a(memcpy.o)
 .data          0x00800120        0x0 c:/winavr-20081205/bin/../lib/gcc/avr/4.3.2/../../../../avr/lib/avr5\libc.a(strcat.o)
 .data          0x00800120        0x0 c:/winavr-20081205/bin/../lib/gcc/avr/4.3.2/../../../../avr/lib/avr5\libc.a(strcpy.o)
 .data          0x00800120        0x0 c:/winavr-20081205/bin/../lib/gcc/avr/4.3.2/../../../../avr/lib/avr5\libc.a(eerd_block.o)
 .data          0x00800120        0x0 c:/winavr-20081205/bin/../lib/gcc/avr/4.3.2/../../../../avr/lib/avr5\libc.a(eerd_word.o)
 .data          0x00800120        0x0 c:/winavr-20081205/bin/../lib/gcc/avr/4.3.2/../../../../avr/lib/avr5\libc.a(eewr_block.o)
 .data          0x00800120        0x0 c:/winavr-20081205/bin/../lib/gcc/avr/4.3.2/../../../../avr/lib/avr5\libc.a(eewr_word.o)
 .data          0x00800120        0x0 c:/winavr-20081205/bin/../lib/gcc/avr/4.3.2/../../../../avr/lib/avr5\libc.a(utoa.o)
 .data          0x00800120        0x0 c:/winavr-20081205/bin/../lib/gcc/avr/4.3.2/../../../../avr/lib/avr5\libc.a(strrev.o)
 .data          0x00800120        0x0 c:/winavr-20081205/bin/../lib/gcc/avr/4.3.2/avr5\libgcc.a(_mulsi3.o)
 .data          0x00800120        0x0 c:/winavr-20081205/bin/../lib/gcc/avr/4.3.2/avr5\libgcc.a(_udivmodhi4.o)
 .data          0x00800120        0x0 c:/winavr-20081205/bin/../lib/gcc/avr/4.3.2/avr5\libgcc.a(_prologue.o)
 .data          0x00800120        0x0 c:/winavr-20081205/bin/../lib/gcc/avr/4.3.2/avr5\libgcc.a(_epilogue.o)
 .data          0x00800120        0x0 c:/winavr-20081205/bin/../lib/gcc/avr/4.3.2/avr5\libgcc.a(_exit.o)
 .data          0x00800120        0x0 c:/winavr-20081205/bin/../lib/gcc/avr/4.3.2/avr5\libgcc.a(_copy_data.o)
 .data          0x00800120        0x0 c:/winavr-20081205/bin/../lib/gcc/avr/4.3.2/avr5\libgcc.a(_clear_bss.o)
 *(.data*)
 *(.rodata)
 *(.rodata*)
 *(.gnu.linkonce.d*)
                0x00800120                . = ALIGN (0x2)
                0x00800120                _edata = .
                0x00800120                PROVIDE (__data_end, .)

.bss            0x00800120      0x338
                0x00800120                PROVIDE (__bss_start, .)
 *(.bss)
 .bss           0x00800120        0x0 c:/winavr-20081205/bin/../lib/gcc/avr/4.3.2/../../../../avr/lib/avr5/crtm168.o
 .bss           0x00800120        0x0 main.o
 .bss           0x00800120        0x0 spi.o
 .bss           0x00800120        0x0 potenciometer.o
 .bss           0x00800120        0x4 vout.o
                0x00800122                new_value
                0x00800120                old_value
 .bss           0x00800124        0xc rout.o
                0x00800124                uR
                0x00800128                iR
                0x0080012c                currentR
 .bss           0x00800130        0x4 freq_dot.o
 .bss           0x00800134        0x0 mbfanction0.o
 .bss           0x00800134        0x0 mbclient.o
 .bss           0x00800134        0x0 crc16.o
 .bss           0x00800134        0x3 usart.o
                0x00800135                state0
                0x00800134                BufferSize0
 .bss           0x00800137        0x0 settings.o
 .bss           0x00800137        0x1 errors_led.o
                0x00800137                Flashed
 .bss           0x00800138        0x8 dot.o
                0x00800138                VolumePercent
 .bss           0x00800140        0x0 util.o
 .bss           0x00800140        0x3 reset_fuse.o
                0x00800140                ResetTimerCounter
 .bss           0x00800143        0x0 omnicomm.o
 .bss           0x00800143        0x0 reply.o
 .bss           0x00800143        0x0 crc8.o
 .bss           0x00800143        0x8 adc.o
                0x00800147                refValue
                0x00800143                ADCRef
 .bss           0x0080014b        0x4 fout.o
                0x0080014c                big_tmp
                0x0080014b                big
                0x0080014e                count_big_tmp
                0x0080014d                count_big
 .bss           0x0080014f        0x0 analog_dot.o
 .bss           0x0080014f        0x0 c:/winavr-20081205/bin/../lib/gcc/avr/4.3.2/../../../../avr/lib/avr5\libm.a(addsf3.o)
 .bss           0x0080014f        0x0 c:/winavr-20081205/bin/../lib/gcc/avr/4.3.2/../../../../avr/lib/avr5\libm.a(addsf3x.o)
 .bss           0x0080014f        0x0 c:/winavr-20081205/bin/../lib/gcc/avr/4.3.2/../../../../avr/lib/avr5\libm.a(cmpsf2.o)
 .bss           0x0080014f        0x0 c:/winavr-20081205/bin/../lib/gcc/avr/4.3.2/../../../../avr/lib/avr5\libm.a(divsf3.o)
 .bss           0x0080014f        0x0 c:/winavr-20081205/bin/../lib/gcc/avr/4.3.2/../../../../avr/lib/avr5\libm.a(divsf3x.o)
 .bss           0x0080014f        0x0 c:/winavr-20081205/bin/../lib/gcc/avr/4.3.2/../../../../avr/lib/avr5\libm.a(fixunssfsi.o)
 .bss           0x0080014f        0x0 c:/winavr-20081205/bin/../lib/gcc/avr/4.3.2/../../../../avr/lib/avr5\libm.a(floatsisf.o)
 .bss           0x0080014f        0x0 c:/winavr-20081205/bin/../lib/gcc/avr/4.3.2/../../../../avr/lib/avr5\libm.a(fp_cmp.o)
 .bss           0x0080014f        0x0 c:/winavr-20081205/bin/../lib/gcc/avr/4.3.2/../../../../avr/lib/avr5\libm.a(fp_inf.o)
 .bss           0x0080014f        0x0 c:/winavr-20081205/bin/../lib/gcc/avr/4.3.2/../../../../avr/lib/avr5\libm.a(fp_nan.o)
 .bss           0x0080014f        0x0 c:/winavr-20081205/bin/../lib/gcc/avr/4.3.2/../../../../avr/lib/avr5\libm.a(fp_pscA.o)
 .bss           0x0080014f        0x0 c:/winavr-20081205/bin/../lib/gcc/avr/4.3.2/../../../../avr/lib/avr5\libm.a(fp_pscB.o)
 .bss           0x0080014f        0x0 c:/winavr-20081205/bin/../lib/gcc/avr/4.3.2/../../../../avr/lib/avr5\libm.a(fp_round.o)
 .bss           0x0080014f        0x0 c:/winavr-20081205/bin/../lib/gcc/avr/4.3.2/../../../../avr/lib/avr5\libm.a(fp_split3.o)
 .bss           0x0080014f        0x0 c:/winavr-20081205/bin/../lib/gcc/avr/4.3.2/../../../../avr/lib/avr5\libm.a(fp_zero.o)
 .bss           0x0080014f        0x0 c:/winavr-20081205/bin/../lib/gcc/avr/4.3.2/../../../../avr/lib/avr5\libm.a(gesf2.o)
 .bss           0x0080014f        0x0 c:/winavr-20081205/bin/../lib/gcc/avr/4.3.2/../../../../avr/lib/avr5\libm.a(mulsf3.o)
 .bss           0x0080014f        0x0 c:/winavr-20081205/bin/../lib/gcc/avr/4.3.2/../../../../avr/lib/avr5\libm.a(mulsf3x.o)
 .bss           0x0080014f        0x0 c:/winavr-20081205/bin/../lib/gcc/avr/4.3.2/../../../../avr/lib/avr5\libc.a(exit.o)
 .bss           0x0080014f        0x0 c:/winavr-20081205/bin/../lib/gcc/avr/4.3.2/../../../../avr/lib/avr5\libc.a(memcpy_P.o)
 .bss           0x0080014f        0x0 c:/winavr-20081205/bin/../lib/gcc/avr/4.3.2/../../../../avr/lib/avr5\libc.a(memcpy.o)
 .bss           0x0080014f        0x0 c:/winavr-20081205/bin/../lib/gcc/avr/4.3.2/../../../../avr/lib/avr5\libc.a(strcat.o)
 .bss           0x0080014f        0x0 c:/winavr-20081205/bin/../lib/gcc/avr/4.3.2/../../../../avr/lib/avr5\libc.a(strcpy.o)
 .bss           0x0080014f        0x0 c:/winavr-20081205/bin/../lib/gcc/avr/4.3.2/../../../../avr/lib/avr5\libc.a(eerd_block.o)
 .bss           0x0080014f        0x0 c:/winavr-20081205/bin/../lib/gcc/avr/4.3.2/../../../../avr/lib/avr5\libc.a(eerd_word.o)
 .bss           0x0080014f        0x0 c:/winavr-20081205/bin/../lib/gcc/avr/4.3.2/../../../../avr/lib/avr5\libc.a(eewr_block.o)
 .bss           0x0080014f        0x0 c:/winavr-20081205/bin/../lib/gcc/avr/4.3.2/../../../../avr/lib/avr5\libc.a(eewr_word.o)
 .bss           0x0080014f        0x0 c:/winavr-20081205/bin/../lib/gcc/avr/4.3.2/../../../../avr/lib/avr5\libc.a(utoa.o)
 .bss           0x0080014f        0x0 c:/winavr-20081205/bin/../lib/gcc/avr/4.3.2/../../../../avr/lib/avr5\libc.a(strrev.o)
 .bss           0x0080014f        0x0 c:/winavr-20081205/bin/../lib/gcc/avr/4.3.2/avr5\libgcc.a(_mulsi3.o)
 .bss           0x0080014f        0x0 c:/winavr-20081205/bin/../lib/gcc/avr/4.3.2/avr5\libgcc.a(_udivmodhi4.o)
 .bss           0x0080014f        0x0 c:/winavr-20081205/bin/../lib/gcc/avr/4.3.2/avr5\libgcc.a(_prologue.o)
 .bss           0x0080014f        0x0 c:/winavr-20081205/bin/../lib/gcc/avr/4.3.2/avr5\libgcc.a(_epilogue.o)
 .bss           0x0080014f        0x0 c:/winavr-20081205/bin/../lib/gcc/avr/4.3.2/avr5\libgcc.a(_exit.o)
 .bss           0x0080014f        0x0 c:/winavr-20081205/bin/../lib/gcc/avr/4.3.2/avr5\libgcc.a(_copy_data.o)
 .bss           0x0080014f        0x0 c:/winavr-20081205/bin/../lib/gcc/avr/4.3.2/avr5\libgcc.a(_clear_bss.o)
 *(.bss*)
 *(COMMON)
 COMMON         0x0080014f        0x4 potenciometer.o
                0x0080014f                PotValue
 COMMON         0x00800153        0x4 rout.o
                0x00800153                ROutPWMValue
 COMMON         0x00800157        0xd freq_dot.o
                0x00800157                FREQ_DOT
 COMMON         0x00800164       0x12 mbfanction0.o
                0x00800164                CPT0
 COMMON         0x00800176       0xff usart.o
                0x00800176                timer0
                0x00800177                DataBuffer0
                0x00800271                pBuf0
                0x00800273                pUDR0
 COMMON         0x00800275      0x1b8 settings.o
                0x00800275                RegFile
 COMMON         0x0080042d        0x9 omnicomm.o
                0x0080042d                omnicomm_timer
                0x00800431                omnicomm_command_type
                0x00800432                omnicomm_status
                0x00800433                omnicomm_frame_size
                0x00800434                omnicomm_cmd
                0x00800435                omnicomm_addr
 COMMON         0x00800436       0x20 reply.o
                0x00800436                t
                0x00800437                pwm_max
                0x00800439                n
                0x0080043b                password_hi
                0x0080043f                f_curr
                0x00800441                trl
                0x00800443                password_lo
                0x00800447                filt_length
                0x00800448                k_t0
                0x00800449                id
                0x0080044d                k_t
                0x0080044f                pwm_mode
                0x00800450                report_on
                0x00800451                f_min_t
                0x00800453                net_mode
                0x00800454                f_max_t
 COMMON         0x00800456        0x2 fout.o
                0x00800456                hvost
                0x00800457                hvost_tmp
                0x00800458                PROVIDE (__bss_end, .)
                0x00003924                __data_load_start = LOADADDR (.data)
                0x00003944                __data_load_end = (__data_load_start + SIZEOF (.data))

.noinit         0x00800458        0x0
                0x00800458                PROVIDE (__noinit_start, .)
 *(.noinit*)
                0x00800458                PROVIDE (__noinit_end, .)
                0x00800458                _end = .
                0x00800458                PROVIDE (__heap_start, .)

.eeprom         0x00810000      0x1eb
 *(.eeprom*)
 .eeprom        0x00810000      0x1bd settings.o
                0x00810000                EepromRegFile
                0x008101b9                EEP_Boudrate0
                0x008101b8                EEP_ID0
 .eeprom        0x008101bd       0x2e reply.o
                0x008101e9                filt_length_accessed
                0x008101c6                e2_password
                0x008101e0                e2_password_hi
                0x008101c5                e2_report_on
                0x008101dc                e2_id
                0x008101be                e2_net_mode
                0x008101d0                e2_f_curr
                0x008101bd                passw
                0x008101c0                e2_t
                0x008101c1                e2_pwm_mode
                0x008101ce                e2_n
                0x008101d6                e2_f_max_t
                0x008101d8                e2_pwm_max
                0x008101c4                e2_passw
                0x008101ea                old_contin
                0x008101da                e2_trl
                0x008101c3                e2_period_auto
                0x008101e4                e2_password_lo
                0x008101c2                e2_filt_length
                0x008101d4                e2_f_min_t
                0x008101d2                e2_k_t
                0x008101bf                e2_k_t0
                0x008101e8                id_was_set
                0x008101eb                __eeprom_end = .

.fuse
 *(.fuse)
 *(.lfuse)
 *(.hfuse)
 *(.efuse)

.lock
 *(.lock*)

.signature
 *(.signature*)

.stab
 *(.stab)

.stabstr
 *(.stabstr)

.stab.excl
 *(.stab.excl)

.stab.exclstr
 *(.stab.exclstr)

.stab.index
 *(.stab.index)

.stab.indexstr
 *(.stab.indexstr)

.comment
 *(.comment)

.debug
 *(.debug)

.line
 *(.line)

.debug_srcinfo
 *(.debug_srcinfo)

.debug_sfnames
 *(.debug_sfnames)

.debug_aranges  0x00000000      0x288
 *(.debug_aranges)
 .debug_aranges
                0x00000000       0x20 main.o
 .debug_aranges
                0x00000020       0x20 spi.o
 .debug_aranges
                0x00000040       0x20 potenciometer.o
 .debug_aranges
                0x00000060       0x20 vout.o
 .debug_aranges
                0x00000080       0x20 rout.o
 .debug_aranges
                0x000000a0       0x20 freq_dot.o
 .debug_aranges
                0x000000c0       0x20 mbfanction0.o
 .debug_aranges
                0x000000e0       0x28 mbclient.o
 .debug_aranges
                0x00000108       0x20 crc16.o
 .debug_aranges
                0x00000128       0x20 usart.o
 .debug_aranges
                0x00000148       0x20 settings.o
 .debug_aranges
                0x00000168       0x20 errors_led.o
 .debug_aranges
                0x00000188       0x20 dot.o
 .debug_aranges
                0x000001a8       0x20 util.o
 .debug_aranges
                0x000001c8       0x20 reset_fuse.o
 .debug_aranges
                0x000001e8       0x20 omnicomm.o
 .debug_aranges
                0x00000208       0x20 reply.o
 .debug_aranges
                0x00000228       0x20 crc8.o
 .debug_aranges
                0x00000248       0x20 adc.o
 .debug_aranges
                0x00000268       0x20 fout.o

.debug_pubnames
                0x00000000      0xcd2
 *(.debug_pubnames)
 .debug_pubnames
                0x00000000       0x36 main.o
 .debug_pubnames
                0x00000036       0x31 spi.o
 .debug_pubnames
                0x00000067       0x36 potenciometer.o
 .debug_pubnames
                0x0000009d       0x5c vout.o
 .debug_pubnames
                0x000000f9       0xb0 rout.o
 .debug_pubnames
                0x000001a9       0x8f freq_dot.o
 .debug_pubnames
                0x00000238       0xaa mbfanction0.o
 .debug_pubnames
                0x000002e2       0xcd mbclient.o
 .debug_pubnames
                0x000003af       0x1c crc16.o
 .debug_pubnames
                0x000003cb       0xde usart.o
 .debug_pubnames
                0x000004a9       0x73 settings.o
 .debug_pubnames
                0x0000051c       0x6b errors_led.o
 .debug_pubnames
                0x00000587       0x84 dot.o
 .debug_pubnames
                0x0000060b       0x3c util.o
 .debug_pubnames
                0x00000647       0x4f reset_fuse.o
 .debug_pubnames
                0x00000696      0x15f omnicomm.o
 .debug_pubnames
                0x000007f5      0x3d0 reply.o
 .debug_pubnames
                0x00000bc5       0x1b crc8.o
 .debug_pubnames
                0x00000be0       0x6b adc.o
 .debug_pubnames
                0x00000c4b       0x87 fout.o

.debug_info     0x00000000     0x55ce
 *(.debug_info)
 .debug_info    0x00000000      0x430 main.o
 .debug_info    0x00000430       0xa6 spi.o
 .debug_info    0x000004d6       0xbe potenciometer.o
 .debug_info    0x00000594      0x3a7 vout.o
 .debug_info    0x0000093b      0x55d rout.o
 .debug_info    0x00000e98      0x4b7 freq_dot.o
 .debug_info    0x0000134f      0x4e4 mbfanction0.o
 .debug_info    0x00001833      0x992 mbclient.o
 .debug_info    0x000021c5      0x18e crc16.o
 .debug_info    0x00002353      0x4e1 usart.o
 .debug_info    0x00002834      0x345 settings.o
 .debug_info    0x00002b79      0x386 errors_led.o
 .debug_info    0x00002eff      0x566 dot.o
 .debug_info    0x00003465      0x14c util.o
 .debug_info    0x000035b1      0x488 reset_fuse.o
 .debug_info    0x00003a39      0x4e8 omnicomm.o
 .debug_info    0x00003f21      0xfda reply.o
 .debug_info    0x00004efb       0x71 crc8.o
 .debug_info    0x00004f6c      0x211 adc.o
 .debug_info    0x0000517d      0x3df fout.o
 .debug_info    0x0000555c       0x72 analog_dot.o
 *(.gnu.linkonce.wi.*)

.debug_abbrev   0x00000000     0x1c17
 *(.debug_abbrev)
 .debug_abbrev  0x00000000      0x19e main.o
 .debug_abbrev  0x0000019e       0x6c spi.o
 .debug_abbrev  0x0000020a       0x7f potenciometer.o
 .debug_abbrev  0x00000289      0x15f vout.o
 .debug_abbrev  0x000003e8      0x1d8 rout.o
 .debug_abbrev  0x000005c0      0x1b1 freq_dot.o
 .debug_abbrev  0x00000771      0x16c mbfanction0.o
 .debug_abbrev  0x000008dd      0x25a mbclient.o
 .debug_abbrev  0x00000b37       0xd8 crc16.o
 .debug_abbrev  0x00000c0f      0x199 usart.o
 .debug_abbrev  0x00000da8      0x10d settings.o
 .debug_abbrev  0x00000eb5      0x117 errors_led.o
 .debug_abbrev  0x00000fcc      0x1cb dot.o
 .debug_abbrev  0x00001197       0xef util.o
 .debug_abbrev  0x00001286      0x1d2 reset_fuse.o
 .debug_abbrev  0x00001458      0x195 omnicomm.o
 .debug_abbrev  0x000015ed      0x309 reply.o
 .debug_abbrev  0x000018f6       0x65 crc8.o
 .debug_abbrev  0x0000195b      0x136 adc.o
 .debug_abbrev  0x00001a91      0x153 fout.o
 .debug_abbrev  0x00001be4       0x33 analog_dot.o

.debug_line     0x00000000     0x337b
 *(.debug_line)
 .debug_line    0x00000000      0x27b main.o
 .debug_line    0x0000027b       0xc5 spi.o
 .debug_line    0x00000340       0xb1 potenciometer.o
 .debug_line    0x000003f1      0x1aa vout.o
 .debug_line    0x0000059b      0x308 rout.o
 .debug_line    0x000008a3      0x2b8 freq_dot.o
 .debug_line    0x00000b5b      0x223 mbfanction0.o
 .debug_line    0x00000d7e      0x537 mbclient.o
 .debug_line    0x000012b5       0xc7 crc16.o
 .debug_line    0x0000137c      0x290 usart.o
 .debug_line    0x0000160c       0xc6 settings.o
 .debug_line    0x000016d2      0x115 errors_led.o
 .debug_line    0x000017e7      0x288 dot.o
 .debug_line    0x00001a6f       0xbd util.o
 .debug_line    0x00001b2c      0x2b9 reset_fuse.o
 .debug_line    0x00001de5      0x3f6 omnicomm.o
 .debug_line    0x000021db      0xceb reply.o
 .debug_line    0x00002ec6       0x96 crc8.o
 .debug_line    0x00002f5c      0x257 adc.o
 .debug_line    0x000031b3      0x187 fout.o
 .debug_line    0x0000333a       0x41 analog_dot.o

.debug_frame    0x00000000      0x850
 *(.debug_frame)
 .debug_frame   0x00000000       0x50 main.o
 .debug_frame   0x00000050       0x30 spi.o
 .debug_frame   0x00000080       0x30 potenciometer.o
 .debug_frame   0x000000b0       0x40 vout.o
 .debug_frame   0x000000f0       0x90 rout.o
 .debug_frame   0x00000180       0x70 freq_dot.o
 .debug_frame   0x000001f0       0x80 mbfanction0.o
 .debug_frame   0x00000270       0xc0 mbclient.o
 .debug_frame   0x00000330       0x20 crc16.o
 .debug_frame   0x00000350       0x90 usart.o
 .debug_frame   0x000003e0       0x20 settings.o
 .debug_frame   0x00000400       0x40 errors_led.o
 .debug_frame   0x00000440       0x70 dot.o
 .debug_frame   0x000004b0       0x40 util.o
 .debug_frame   0x000004f0       0x40 reset_fuse.o
 .debug_frame   0x00000530       0xa0 omnicomm.o
 .debug_frame   0x000005d0      0x1d0 reply.o
 .debug_frame   0x000007a0       0x20 crc8.o
 .debug_frame   0x000007c0       0x50 adc.o
 .debug_frame   0x00000810       0x40 fout.o

.debug_str      0x00000000      0xfb6
 *(.debug_str)
 .debug_str     0x00000000      0x24e main.o
                                0x29e (size before relaxing)
 .debug_str     0x0000024e       0x20 spi.o
                                 0xcd (size before relaxing)
 .debug_str     0x0000026e       0x2b potenciometer.o
                                 0xd8 (size before relaxing)
 .debug_str     0x00000299       0x40 vout.o
                                0x24c (size before relaxing)
 .debug_str     0x000002d9       0xa3 rout.o
                                0x2b8 (size before relaxing)
 .debug_str     0x0000037c       0xec freq_dot.o
                                0x30e (size before relaxing)
 .debug_str     0x00000468       0xf0 mbfanction0.o
                                0x300 (size before relaxing)
 .debug_str     0x00000558      0x2ef mbclient.o
                                0x59a (size before relaxing)
 .debug_str     0x00000847       0x4f crc16.o
                                0x12d (size before relaxing)
 .debug_str     0x00000896       0xdc usart.o
                                0x30c (size before relaxing)
 .debug_str     0x00000972       0x25 settings.o
                                0x23f (size before relaxing)
 .debug_str     0x00000997       0x64 errors_led.o
                                0x26a (size before relaxing)
 .debug_str     0x000009fb       0x97 dot.o
                                0x2c7 (size before relaxing)
 .debug_str     0x00000a92       0x28 util.o
                                 0xea (size before relaxing)
 .debug_str     0x00000aba       0x8d reset_fuse.o
                                0x2cc (size before relaxing)
 .debug_str     0x00000b47      0x11d omnicomm.o
                                0x38d (size before relaxing)
 .debug_str     0x00000c64      0x268 reply.o
                                0x5e3 (size before relaxing)
 .debug_str     0x00000ecc        0xf crc8.o
                                 0x4e (size before relaxing)
 .debug_str     0x00000edb       0x65 adc.o
                                0x118 (size before relaxing)
 .debug_str     0x00000f40       0x66 fout.o
                                0x289 (size before relaxing)
 .debug_str     0x00000fa6       0x10 analog_dot.o
                                 0xbd (size before relaxing)

.debug_loc      0x00000000     0x119a
 *(.debug_loc)
 .debug_loc     0x00000000       0x49 main.o
 .debug_loc     0x00000049       0x1e potenciometer.o
 .debug_loc     0x00000067       0x28 vout.o
 .debug_loc     0x0000008f      0x1bb rout.o
 .debug_loc     0x0000024a      0x10e freq_dot.o
 .debug_loc     0x00000358       0xe1 mbfanction0.o
 .debug_loc     0x00000439      0x48f mbclient.o
 .debug_loc     0x000008c8       0x96 crc16.o
 .debug_loc     0x0000095e       0x13 usart.o
 .debug_loc     0x00000971       0x28 settings.o
 .debug_loc     0x00000999       0x67 errors_led.o
 .debug_loc     0x00000a00      0x270 dot.o
 .debug_loc     0x00000c70       0x66 util.o
 .debug_loc     0x00000cd6       0x48 reset_fuse.o
 .debug_loc     0x00000d1e       0x4f omnicomm.o
 .debug_loc     0x00000d6d      0x2f9 reply.o
 .debug_loc     0x00001066       0x1e crc8.o
 .debug_loc     0x00001084       0xbf adc.o
 .debug_loc     0x00001143       0x57 fout.o

.debug_macinfo
 *(.debug_macinfo)
OUTPUT(summator.elf elf32-avr)
LOAD linker stubs

.also_var       0x00003b00      0x3c0
 .also_var      0x00003b00      0x3c0 settings.o
                0x00003b00                ProgramDotTable

.bootloader     0x00003960       0x76
 .bootloader    0x00003960       0x76 mbclient.o
                0x00003960                boot_program_page

.debug_ranges   0x00000000       0x68
 .debug_ranges  0x00000000       0x68 mbclient.o
