ARM Linker, 5.03 [Build 76] [MDK-ARM Professional]

==============================================================================

Section Cross References

    retarget.o(.text) refers to lcd 133x65_uc1601s.o(.text) for LCD_putchar
    retarget.o(.text) refers to retarget.o(.data) for ITM_RxBuffer
    at45db161d.o(.text) refers to heap_2.o(.text) for pvPortMalloc
    at45db161d.o(.text) refers to memseta.o(.text) for __aeabi_memclr
    at45db161d.o(.text) refers to ff.o(.text) for f_open
    at45db161d.o(.text) refers to vfs.o(.text) for is_root
    at45db161d.o(.text) refers to strcpy.o(.text) for strcpy
    at45db161d.o(.text) refers to at45db161d.o(.bss) for fat12_fs
    at45db161d.o(.data) refers to at45db161d.o(.text) for at45_VFS_open
    drivers.o(.text) refers to driverscore.o(.text) for OpenDevice
    drivers.o(.text) refers to vfs.o(.text) for is_root
    drivers.o(.text) refers to strcpy.o(.text) for strcpy
    drivers.o(.text) refers to strrchr.o(.text) for strrchr
    drivers.o(.text) refers to drivers.o(.data) for j
    drivers.o(.text) refers to driverscore.o(.data) for device_list
    drivers.o(.data) refers to drivers.o(.text) for drv_VFS_open
    sensors.o(.text) refers to sensorcore.o(.text) for OpenSensorProc
    sensors.o(.text) refers to strcmp.o(.text) for strcmp
    sensors.o(.text) refers to vfs.o(.text) for is_root
    sensors.o(.text) refers to strcpy.o(.text) for strcpy
    sensors.o(.text) refers to sensorcore.o(.data) for sensor_list
    sensors.o(.text) refers to sensors.o(.data) for j
    sensors.o(.data) refers to sensors.o(.text) for sens_VFS_open
    vfs.o(.text) refers to strcmp.o(.text) for strcmp
    vfs.o(.text) refers to strchr.o(.text) for strchr
    vfs.o(.text) refers to strcpy.o(.text) for strcpy
    vfs.o(.text) refers to vfs.o(.data) for vfs_list
    saver_fs.o(.text) refers to saver.o(.text) for GetSaverFile
    saver_fs.o(.text) refers to driverscore.o(.text) for OpenDevice
    saver_fs.o(.text) refers to vfs.o(.text) for is_root
    saver_fs.o(.text) refers to strcpy.o(.text) for strcpy
    saver_fs.o(.text) refers to saver_fs.o(.data) for seek_flag
    saver_fs.o(.text) refers to saver.o(.data) for first_file
    saver_fs.o(.data) refers to saver_fs.o(.text) for svr_VFS_open
    croutine.o(.text) refers to list.o(.text) for vListInitialise
    croutine.o(.text) refers to heap_2.o(.text) for pvPortMalloc
    croutine.o(.text) refers to port.o(.emb_text) for vPortSetInterruptMask
    croutine.o(.text) refers to tasks.o(.text) for xTaskGetTickCount
    croutine.o(.text) refers to croutine.o(.bss) for pxReadyCoRoutineLists
    croutine.o(.text) refers to croutine.o(.data) for pxDelayedCoRoutineList
    queue.o(.text) refers to heap_2.o(.text) for pvPortMalloc
    queue.o(.text) refers to list.o(.text) for vListInitialise
    queue.o(.text) refers to port.o(.text) for vPortEnterCritical
    queue.o(.text) refers to tasks.o(.text) for xTaskRemoveFromEventList
    queue.o(.text) refers to memmovea.o(.text) for __aeabi_memcpy
    queue.o(.text) refers to port.o(.emb_text) for vPortSetInterruptMask
    tasks.o(.text) refers to list.o(.text) for vListInitialise
    tasks.o(.text) refers to strncpy.o(.text) for strncpy
    tasks.o(.text) refers to heap_2.o(.text) for pvPortMalloc
    tasks.o(.text) refers to memseta.o(.text) for __aeabi_memset
    tasks.o(.text) refers to port.o(.text) for pxPortInitialiseStack
    tasks.o(.text) refers to timers.o(.text) for vApplicationTickHook
    tasks.o(.text) refers to tasks.o(.bss) for pxReadyTasksLists
    tasks.o(.text) refers to tasks.o(.data) for pxDelayedTaskList
    tasks.o(.text) refers to user_task1.o(.text) for vApplicationIdleHook
    tasks.o(.text) refers to port.o(.emb_text) for vPortSetInterruptMask
    tasks.o(.text) refers to all_stats.o(.text) for vConfigureTimerForRunTimeStats
    tasks.o(.text) refers to printfa.o(i.__0sprintf) for __2sprintf
    tasks.o(.text) refers to strcat.o(.text) for strcat
    port.o(.emb_text) refers to tasks.o(.text) for vTaskSwitchContext
    port.o(.emb_text) refers to tasks.o(.data) for pxCurrentTCB
    port.o(.text) refers to port.o(.emb_text) for vPortStartFirstTask
    port.o(.text) refers to tasks.o(.text) for vTaskIncrementTick
    port.o(.text) refers to port.o(.data) for uxCriticalNesting
    heap_2.o(.text) refers to tasks.o(.text) for vTaskSuspendAll
    heap_2.o(.text) refers to port.o(.text) for vPortEnterCritical
    heap_2.o(.text) refers to heap_2.o(.data) for xHeapHasBeenInitialised
    heap_2.o(.text) refers to heap_2.o(.bss) for xHeap
    main.o(.text) refers to wdt.o(.text) for InitWDT
    main.o(.text) refers to system_lpc17xx.o(.text) for SystemInit
    main.o(.text) refers to tasks.o(.text) for xTaskGenericCreate
    main.o(.text) refers to atoi.o(.text) for atoi
    main.o(.text) refers to main.o(.data) for USERHandle
    main.o(.text) refers to user_task1.o(.text) for UserTask
    user_task1.o(.text) refers to strchr.o(.text) for strchr
[...]
    ___aeabi_memcpy8$move                    0x000365dd   Thumb Code     0  memmovea.o(.text)
    __aeabi_memcpy                           0x000365dd   Thumb Code    64  memmovea.o(.text)
    __aeabi_memcpy4                          0x000365dd   Thumb Code     0  memmovea.o(.text)
    __aeabi_memmove                          0x000365dd   Thumb Code     0  memmovea.o(.text)
    __aeabi_memmove4                         0x000365dd   Thumb Code     0  memmovea.o(.text)
    __aeabi_memmove8                         0x000365dd   Thumb Code     0  memmovea.o(.text)
    __aeabi_memset                           0x0003661d   Thumb Code    14  memseta.o(.text)
    __aeabi_memset4                          0x0003661d   Thumb Code     0  memseta.o(.text)
    __aeabi_memset8                          0x0003661d   Thumb Code     0  memseta.o(.text)
    __aeabi_memclr                           0x0003662b   Thumb Code     4  memseta.o(.text)
    __aeabi_memclr4                          0x0003662b   Thumb Code     0  memseta.o(.text)
    __aeabi_memclr8                          0x0003662b   Thumb Code     0  memseta.o(.text)
    _memset$wrapper                          0x0003662f   Thumb Code    18  memseta.o(.text)
    strcat                                   0x00036641   Thumb Code    24  strcat.o(.text)
    strstr                                   0x00036659   Thumb Code    36  strstr.o(.text)
    strncpy                                  0x0003667d   Thumb Code    24  strncpy.o(.text)
    strchr                                   0x00036695   Thumb Code    20  strchr.o(.text)
    strlen                                   0x000366a9   Thumb Code    14  strlen.o(.text)
    strcmp                                   0x000366b7   Thumb Code    28  strcmp.o(.text)
    memcmp                                   0x000366d3   Thumb Code    26  memcmp.o(.text)
    strcpy                                   0x000366ed   Thumb Code    18  strcpy.o(.text)
    strncmp                                  0x000366ff   Thumb Code    30  strncmp.o(.text)
    strrchr                                  0x0003671d   Thumb Code    32  strrchr.o(.text)
    strpbrk                                  0x0003673d   Thumb Code    32  strpbrk.o(.text)
    strncasecmp                              0x0003675d   Thumb Code    50  strncasecmp.o(.text)
    sscanf                                   0x00036791   Thumb Code    48  sscanf.o(.text)
    __0sscanf                                0x000367c9   Thumb Code    48  __0sscanf.o(.text)
    _scanf_int                               0x00036801   Thumb Code   336  _scanf_int.o(.text)
    strtol                                   0x00036951   Thumb Code   112  strtol.o(.text)
    atoi                                     0x000369c1   Thumb Code    26  atoi.o(.text)
    atol                                     0x000369db   Thumb Code    26  atol.o(.text)
    __aeabi_fadd                             0x000369f5   Thumb Code   164  fadd.o(.text)
    __aeabi_fsub                             0x00036a99   Thumb Code     6  fadd.o(.text)
    __aeabi_frsub                            0x00036a9f   Thumb Code     6  fadd.o(.text)
    __aeabi_fmul                             0x00036aa5   Thumb Code   108  fmul.o(.text)
    __aeabi_fdiv                             0x00036b11   Thumb Code   128  fdiv.o(.text)
    __aeabi_dadd                             0x00036b91   Thumb Code   322  dadd.o(.text)
    __aeabi_dsub                             0x00036cd3   Thumb Code     6  dadd.o(.text)
    __aeabi_drsub                            0x00036cd9   Thumb Code     6  dadd.o(.text)
    __aeabi_ddiv                             0x00036cdf   Thumb Code   222  ddiv.o(.text)
    __aeabi_i2f                              0x00036dbd   Thumb Code    18  fflti.o(.text)
    __aeabi_ui2f                             0x00036dcf   Thumb Code    10  ffltui.o(.text)
    __aeabi_ui2d                             0x00036dd9   Thumb Code    26  dfltui.o(.text)
    __aeabi_f2uiz                            0x00036df3   Thumb Code    40  ffixui.o(.text)
    __aeabi_d2uiz                            0x00036e1b   Thumb Code    50  dfixui.o(.text)
    __aeabi_f2d                              0x00036e4d   Thumb Code    38  f2d.o(.text)
    __aeabi_cdcmpeq                          0x00036e75   Thumb Code     0  cdcmple.o(.text)
    __aeabi_cdcmple                          0x00036e75   Thumb Code    38  cdcmple.o(.text)
    __aeabi_cdrcmple                         0x00036e9d   Thumb Code    38  cdrcmple.o(.text)
    __aeabi_d2f                              0x00036ec5   Thumb Code    56  d2f.o(.text)
    __aeabi_cfcmpeq                          0x00036efd   Thumb Code     0  cfcmple.o(.text)
    __aeabi_cfcmple                          0x00036efd   Thumb Code    20  cfcmple.o(.text)
    __aeabi_cfrcmple                         0x00036f11   Thumb Code    20  cfrcmple.o(.text)
    __aeabi_uidiv                            0x00036f25   Thumb Code     0  uidiv.o(.text)
    __aeabi_uidivmod                         0x00036f25   Thumb Code    44  uidiv.o(.text)
    __aeabi_llsl                             0x00036f51   Thumb Code    30  llshl.o(.text)
    _ll_shift_l                              0x00036f51   Thumb Code     0  llshl.o(.text)
    __aeabi_llsr                             0x00036f6f   Thumb Code    32  llushr.o(.text)
    _ll_ushift_r                             0x00036f6f   Thumb Code     0  llushr.o(.text)
    __aeabi_lasr                             0x00036f8f   Thumb Code    36  llsshr.o(.text)
    _ll_sshift_r                             0x00036f8f   Thumb Code     0  llsshr.o(.text)
    tolower                                  0x00036fb3   Thumb Code    12  tolower.o(.text)
    _localtime                               0x00036fc1   Thumb Code   122  localtime_i.o(.text)
    _chval                                   0x00037041   Thumb Code    28  _chval.o(.text)
    _scanf_longlong                          0x0003705d   Thumb Code   342  _scanf_longlong.o(.text)
    _scanf_string                            0x000371b3   Thumb Code   218  _scanf_str.o(.text)
    _scanf_real                              0x0003738d   Thumb Code     0  scanf_fp.o(.text)
    _scanf_really_real                       0x0003738d   Thumb Code   560  scanf_fp.o(.text)
    __vfscanf_char                           0x000375d5   Thumb Code    20  scanf_char.o(.text)
    _sgetc                                   0x000375f1   Thumb Code    30  _sgetc.o(.text)
    _sbackspace                              0x0003760f   Thumb Code    34  _sgetc.o(.text)
    _strtoul                                 0x00037631   Thumb Code   158  _strtoul.o(.text)
    __strtod_int                             0x00037707   Thumb Code    88  strtod.o(.text)
    __I$use$fp                               0x0003776d   Thumb Code     0  iusefp.o(.text)
    _float_round                             0x0003776d   Thumb Code    18  fepilogue.o(.text)
    _float_epilogue                          0x0003777f   Thumb Code    90  fepilogue.o(.text)
    _double_round                            0x000377d9   Thumb Code    26  depilogue.o(.text)
    _double_epilogue                         0x000377f3   Thumb Code   164  depilogue.o(.text)
    __aeabi_dmul                             0x00037897   Thumb Code   228  dmul.o(.text)
    __aeabi_d2ulz                            0x0003797b   Thumb Code    48  dfixul.o(.text)
    __scatterload                            0x000379ad   Thumb Code    28  init.o(.text)
    __scatterload_rt2                        0x000379ad   Thumb Code     0  init.o(.text)
    __vfscanf                                0x000379d1   Thumb Code   806  _scanf.o(.text)
    __aeabi_ul2d                             0x00037cfd   Thumb Code    24  dfltul.o(.text)
    __decompress                             0x00037d15   Thumb Code     0  __dczerorl2.o(.text)
    __decompress1                            0x00037d15   Thumb Code    92  __dczerorl2.o(.text)
    __0printf                                0x00037d71   Thumb Code    22  printfa.o(i.__0printf)
    __1printf                                0x00037d71   Thumb Code     0  printfa.o(i.__0printf)
    __2printf                                0x00037d71   Thumb Code     0  printfa.o(i.__0printf)
    __c89printf                              0x00037d71   Thumb Code     0  printfa.o(i.__0printf)
    printf                                   0x00037d71   Thumb Code     0  printfa.o(i.__0printf)
    __0snprintf                              0x00037d91   Thumb Code    36  printfa.o(i.__0snprintf)
    __1snprintf                              0x00037d91   Thumb Code     0  printfa.o(i.__0snprintf)
    __2snprintf                              0x00037d91   Thumb Code     0  printfa.o(i.__0snprintf)
    __c89snprintf                            0x00037d91   Thumb Code     0  printfa.o(i.__0snprintf)
    snprintf                                 0x00037d91   Thumb Code     0  printfa.o(i.__0snprintf)
    __0sprintf                               0x00037db9   Thumb Code    34  printfa.o(i.__0sprintf)
    __1sprintf                               0x00037db9   Thumb Code     0  printfa.o(i.__0sprintf)
    __2sprintf                               0x00037db9   Thumb Code     0  printfa.o(i.__0sprintf)
    __c89sprintf                             0x00037db9   Thumb Code     0  printfa.o(i.__0sprintf)
    sprintf                                  0x00037db9   Thumb Code     0  printfa.o(i.__0sprintf)
    __0vsprintf                              0x00037de1   Thumb Code    30  printfa.o(i.__0vsprintf)
    __1vsprintf                              0x00037de1   Thumb Code     0  printfa.o(i.__0vsprintf)
    __2vsprintf                              0x00037de1   Thumb Code     0  printfa.o(i.__0vsprintf)
    __c89vsprintf                            0x00037de1   Thumb Code     0  printfa.o(i.__0vsprintf)
    vsprintf                                 0x00037de1   Thumb Code     0  printfa.o(i.__0vsprintf)
    __aeabi_errno_addr                       0x00037e05   Thumb Code     4  errno.o(i.__aeabi_errno_addr)
    __rt_errno_addr                          0x00037e05   Thumb Code     0  errno.o(i.__aeabi_errno_addr)
    __read_errno                             0x00037e0d   Thumb Code     6  errno.o(i.__read_errno)
    __scatterload_copy                       0x00037e19   Thumb Code    14  handlers.o(i.__scatterload_copy)
    __scatterload_null                       0x00037e27   Thumb Code     2  handlers.o(i.__scatterload_null)
    __scatterload_zeroinit                   0x00037e29   Thumb Code    14  handlers.o(i.__scatterload_zeroinit)
    __set_errno                              0x00037e39   Thumb Code     6  errno.o(i.__set_errno)
    _is_digit                                0x00037fa1   Thumb Code    14  scanf_fp.o(i._is_digit)
    atof                                     0x00038717   Thumb Code    42  atof.o(i.atof)
    strtod                                   0x00038741   Thumb Code    28  strtod.o(i.strtod)
    ssp0_device_io                           0x0003875c   Data          56  ssp_lpc17xx.o(.constdata)
    uart1_device_io                          0x00038794   Data          56  uart_lpc17xx.o(.constdata)
    uart3_device_io                          0x000387cc   Data          56  uart_lpc17xx.o(.constdata)
    stats_device_io                          0x00038804   Data          56  all_stats.o(.constdata)
    MBS_device_io                            0x0003883c   Data          56  mb_server_device.o(.constdata)
    i2c0_device_io                           0x00038874   Data          56  i2c_lpc17xx.o(.constdata)
    i2c1_device_io                           0x000388ac   Data          56  i2c_lpc17xx.o(.constdata)
    discrete_device_io                       0x000388e4   Data          56  discrete_lpc17xx.o(.constdata)
    saver_device_io                          0x0003891c   Data          56  saver.o(.constdata)
    tcp_device_1_io                          0x00038954   Data          56  tcp_redirector.o(.constdata)
    tcp_device_2_io                          0x0003898c   Data          56  tcp_redirector.o(.constdata)
    clock_device_io                          0x000389c4   Data          56  rtc_lpc17xx.o(.constdata)
    flash_device_io                          0x000389fc   Data          56  m25pe80.o(.constdata)
    Imp_device_io                            0x00038a34   Data          56  impulse_lpc17xx.o(.constdata)
    modem_device_io                          0x00038a6c   Data          56  modemdrv.o(.constdata)
    CGI_CMD_ARRAY                            0x00038d98   Data          64  http_cgi.o(.constdata)
    tcp_state_str                            0x00039bc4   Data          44  tcp.o(.constdata)
    tcp_backoff                              0x00039bf0   Data          13  tcp.o(.constdata)
    tcp_persist_backoff                      0x00039bfd   Data           7  tcp.o(.constdata)
    tcp_pcb_lists                            0x00039c04   Data          16  tcp.o(.constdata)
    ethbroadcast                             0x00039c14   Data           6  etharp.o(.constdata)
    ethzero                                  0x00039c1a   Data           6  etharp.o(.constdata)
    bar                                      0x00039c20   Data           4  display_133x64.o(.constdata)
    clock_big_digits                         0x00039c24   Data         880  display_133x64.o(.constdata)
    icons                                    0x00039f94   Data         714  display_133x64.o(.constdata)
    clock_place                              0x0003a25e   Data           8  display_133x64.o(.constdata)
    menu_icon_place                          0x0003a266   Data          14  display_133x64.o(.constdata)
    suFont_OEM_6x8                           0x0003a274   Data         954  lcd 133x65_uc1601s.o(.constdata)
    SMS_handles                              0x0003a630   Data         300  sms.o(.constdata)
    usb_device_io                            0x0003a75c   Data          56  usb_rndis_lpc17xx.o(.constdata)
    DeviceDescriptor                         0x0003a794   Data          18  descriptors.o(.constdata)
    ConfigurationDescriptor                  0x0003a7a6   Data          62  descriptors.o(.constdata)
    LanguageString                           0x0003a7e4   Data           4  descriptors.o(.constdata)
    ManufacturerString                       0x0003a7e8   Data          32  descriptors.o(.constdata)
    ProductString                            0x0003a808   Data          44  descriptors.o(.constdata)
    __ctype_table                            0x0003a8b7   Data         129  ctype_o.o(.constdata)
    Region$$Table$$Base                      0x0003abf8   Number         0  anon$$obj.o(Region$$Table)
    Region$$Table$$Limit                     0x0003ac38   Number         0  anon$$obj.o(Region$$Table)
    i                                        0x10000004   Data           4  heap_2.o(.data)
    xStart                                   0x1000000c   Data           8  heap_2.o(.data)
    xEnd                                     0x10000014   Data           8  heap_2.o(.data)
    USERHandle                               0x1000001c   Data           4  main.o(.data)
    MBCMethod                                0x10000020   Data           4  user_modbus.o(.data)
    MB_reg                                   0x10000024   Data           4  user_modbus.o(.data)
    ssp0_device                              0x10000034   Data          16  ssp_lpc17xx.o(.data)
    first_file                               0x10000044   Data           4  saver.o(.data)
    LogFile                                  0x10000048   Data          24  saver.o(.data)
    saver_device                             0x10000060   Data          16  saver.o(.data)
    clockDate                                0x10000070   Data          29  rtc_lpc17xx.o(.data)
    SystemCoreClock                          0x10000090   Data           4  system_lpc17xx.o(.data)
    global_setting_filename                  0x10000094   Data           4  setparametrs.o(.data)
    CurTopOffset                             0x10000098   Data           4  setparametrs.o(.data)
    socket_sem                               0x1000009c   Data           4  ftpd.o(.data)
    Use_Cookies                              0x100000cc   Data           1  http_server.o(.data)
    errMes                                   0x100000f8   Data           4  http_server.o(.data)
    HTTPQueue                                0x100000fc   Data           4  http_server.o(.data)
    firs_tl_server                           0x10000108   Data           4  telnet.o(.data)
    telnet_queue                             0x10000110   Data           4  telnet.o(.data)
    p_info                                   0x10000114   Data          20  ping.o(.data)
    errno                                    0x10000134   Data           4  sockets.o(.data)
    ppp_protocols                            0x10000138   Data          16  ppp.o(.data)
    subnetMask                               0x10000150   Data           4  ppp.o(.data)
    tcp_input_pcb                            0x10000194   Data           4  tcp_in.o(.data)
    current_netif                            0x10000198   Data           4  ip.o(.data)
    current_header                           0x1000019c   Data           4  ip.o(.data)
    current_iphdr_src                        0x100001a0   Data           4  ip.o(.data)
    current_iphdr_dest                       0x100001a4   Data           4  ip.o(.data)
    pFirstTimer                              0x100001bc   Data           4  timers.o(.data)
    timers_queue                             0x100001c4   Data           4  timers.o(.data)
    invert_flag                              0x100001dc   Data           1  lcd 133x65_uc1601s.o(.data)
    CurrentPos                               0x100001e0   Data           2  lcd 133x65_uc1601s.o(.data)
    LCD_buffer                               0x100001e4   Data           4  lcd 133x65_uc1601s.o(.data)
    hI2C                                     0x100001e8   Data           4  lcd 133x65_uc1601s.o(.data)
    SETUPReceived                            0x100001ec   Data           1  endpoint_lpc17xx.o(.data)
    isOutReceived                            0x100001ed   Data           1  endpoint_lpc17xx.o(.data)
    isInReady                                0x100001ee   Data           1  endpoint_lpc17xx.o(.data)
    DataInRemainCount                        0x100001f8   Data           4  endpoint_lpc17xx.o(.data)
    DataInRemainOffset                       0x100001fc   Data           4  endpoint_lpc17xx.o(.data)
    IsConfigured                             0x10000200   Data           1  endpoint_lpc17xx.o(.data)
    shortpacket                              0x10000201   Data           1  endpoint_lpc17xx.o(.data)
    ISO_Address                              0x10000204   Data           4  endpoint_lpc17xx.o(.data)
    iso_buffer                               0x10000208   Data           1  endpoint_lpc17xx.o(.data)
    SizeAudioTransfer                        0x1000020c   Data           4  endpoint_lpc17xx.o(.data)
    USB_IsInitialized                        0x10000210   Data           1  usbtask.o(.data)
    USB_ControlRequest                       0x10000211   Data           8  usbtask.o(.data)
    USB_DeviceState                          0x10000219   Data           1  usbtask.o(.data)
    xHeap                                    0x10000228   Data       31000  heap_2.o(.bss)
    ssp0Data                                 0x10007b68   Data          10  ssp_lpc17xx.o(.bss)
    i2c0Data                                 0x10007b72   Data          12  i2c_lpc17xx.o(.bss)
    i2c1Data                                 0x10007b7e   Data          12  i2c_lpc17xx.o(.bss)
    ITM_RxBuffer                             0x2007c000   Data           4  retarget.o(.data)
    std_dbg_out                              0x2007c004   Data           4  retarget.o(.data)
    fat_at45db                               0x2007c008   Data          88  at45db161d.o(.data)
    drivers                                  0x2007c060   Data          88  drivers.o(.data)
    sensors_VFS                              0x2007c0c0   Data          88  sensors.o(.data)
    saver_fs                                 0x2007c130   Data          88  saver_fs.o(.data)
    pxCurrentTCB                             0x2007c194   Data           4  tasks.o(.data)
    ProfInfo                                 0x2007c1e8   Data           6  user_task1.o(.data)
    UartControlQueue                         0x2007c1f0   Data           4  user_task1.o(.data)
    simPresentFlag                           0x2007c1f4   Data           1  user_task1.o(.data)
    LCDContrast                              0x2007c1f5   Data           1  user_task1.o(.data)
    initErrorFlag                            0x2007c1f6   Data           1  user_task1.o(.data)
    MBPort                                   0x2007c1f8   Data           4  user_task1.o(.data)
    reset_task_queue                         0x2007c1fc   Data           4  user_task1.o(.data)
    flag_pos                                 0x2007c200   Data           4  user_task1.o(.data)
    proba                                    0x2007c204   Data           2  user_task1.o(.data)
    check_funk                               0x2007c20c   Data           4  user_task1.o(.data)
    sms_funk                                 0x2007c210   Data           4  user_task1.o(.data)
    synk_time_func                           0x2007c214   Data           4  user_task1.o(.data)
    sig_lev_func                             0x2007c218   Data           4  user_task1.o(.data)
    FTPHandle                                0x2007c21c   Data           4  user_task1.o(.data)
    HTTPHandle                               0x2007c220   Data           4  user_task1.o(.data)
    TelnetHandle                             0x2007c224   Data           4  user_task1.o(.data)
    EventHandle                              0x2007c228   Data           4  user_task1.o(.data)
    ModemHandle                              0x2007c22c   Data           4  user_task1.o(.data)
    ModBusHandle                             0x2007c230   Data           4  user_task1.o(.data)
    UartControlHandle                        0x2007c234   Data           4  user_task1.o(.data)
    MBCHandle                                0x2007c238   Data           4  user_task1.o(.data)
    ResetTaskHandle                          0x2007c23c   Data           4  user_task1.o(.data)
    common_queue                             0x2007c240   Data           4  user_task1.o(.data)
    Key                                      0x2007c244   Data           1  user_task1.o(.data)
    startInitFlag                            0x2007c245   Data           1  user_task1.o(.data)
    user_message_queue                       0x2007c248   Data           4  user_task1.o(.data)
    evPipe1_I_ON                             0x2007c24c   Data          20  user_events.o(.data)
    evPipe1_S_ON                             0x2007c260   Data          20  user_events.o(.data)
    evPipe2_I_ON                             0x2007c274   Data          20  user_events.o(.data)
    evPipe2_S_ON                             0x2007c288   Data          20  user_events.o(.data)
    evPipe3_I_ON                             0x2007c29c   Data          20  user_events.o(.data)
    evPipe3_S_ON                             0x2007c2b0   Data          20  user_events.o(.data)
    evPipe4_I_ON                             0x2007c2c4   Data          20  user_events.o(.data)
    evPipe4_S_ON                             0x2007c2d8   Data          20  user_events.o(.data)
    evPipe1_I_OFF                            0x2007c2ec   Data          20  user_events.o(.data)
    evPipe1_S_OFF                            0x2007c300   Data          20  user_events.o(.data)
    evPipe2_I_OFF                            0x2007c314   Data          20  user_events.o(.data)
    evPipe2_S_OFF                            0x2007c328   Data          20  user_events.o(.data)
    evPipe3_I_OFF                            0x2007c33c   Data          20  user_events.o(.data)
    evPipe3_S_OFF                            0x2007c350   Data          20  user_events.o(.data)
    evPipe4_I_OFF                            0x2007c364   Data          20  user_events.o(.data)
    evPipe4_S_OFF                            0x2007c378   Data          20  user_events.o(.data)
    devFail1_ON                              0x2007c38c   Data          20  user_events.o(.data)
    devFail2_ON                              0x2007c3a0   Data          20  user_events.o(.data)
    devFail3_ON                              0x2007c3b4   Data          20  user_events.o(.data)
    devFail4_ON                              0x2007c3c8   Data          20  user_events.o(.data)
    devFail1_OFF                             0x2007c3dc   Data          20  user_events.o(.data)
    devFail2_OFF                             0x2007c3f0   Data          20  user_events.o(.data)
    devFail3_OFF                             0x2007c404   Data          20  user_events.o(.data)
    devFail4_OFF                             0x2007c418   Data          20  user_events.o(.data)
    doorEvent_ON                             0x2007c42c   Data          20  user_events.o(.data)
    doorEvent_OFF                            0x2007c440   Data          20  user_events.o(.data)
    DisplayBlinkFlag                         0x2007c454   Data           1  user_events.o(.data)
    savedFlags                               0x2007c460   Data           8  user_events.o(.data)
    tempFlags                                0x2007c468   Data           8  user_events.o(.data)
    Led_Timer                                0x2007c470   Data          32  user_timers.o(.data)
    SIG_Check_Timer                          0x2007c490   Data          32  user_timers.o(.data)
    Sensors_Pool_Timer                       0x2007c4b0   Data          32  user_timers.o(.data)
    Display_Update_Timer                     0x2007c4d0   Data          32  user_timers.o(.data)
    Clock_Pool_Timer                         0x2007c4f0   Data          32  user_timers.o(.data)
    Discrete_Pool_Timer                      0x2007c510   Data          32  user_timers.o(.data)
    Reset_To_Clock_Timer                     0x2007c530   Data          32  user_timers.o(.data)
    SMS_Timer                                0x2007c550   Data          32  user_timers.o(.data)
    PING_Timer                               0x2007c570   Data          32  user_timers.o(.data)
    WDT_Timer                                0x2007c590   Data          32  user_timers.o(.data)
    modem_info                               0x2007c5b0   Data           8  sim300dz.o(.data)
    uart_info_1                              0x2007c5b8   Data          48  uart_lpc17xx.o(.data)
    uart1_device                             0x2007c5e8   Data          16  uart_lpc17xx.o(.data)
    uart_info_3                              0x2007c5f8   Data          48  uart_lpc17xx.o(.data)
    uart3_device                             0x2007c628   Data          16  uart_lpc17xx.o(.data)
    device_list                              0x2007c640   Data           8  driverscore.o(.data)
    uart1_item                               0x2007c648   Data           8  driverscore.o(.data)
    uart3_item                               0x2007c650   Data           8  driverscore.o(.data)
    i2c0_item                                0x2007c658   Data           8  driverscore.o(.data)
    i2c1_item                                0x2007c660   Data           8  driverscore.o(.data)
    ssp0_item                                0x2007c668   Data           8  driverscore.o(.data)
    stats_item                               0x2007c670   Data           8  driverscore.o(.data)
    discrete_item                            0x2007c678   Data           8  driverscore.o(.data)
    imp_item                                 0x2007c680   Data           8  driverscore.o(.data)
    flash_item                               0x2007c688   Data           8  driverscore.o(.data)
    clock_item                               0x2007c690   Data           8  driverscore.o(.data)
    modem_item                               0x2007c698   Data           8  driverscore.o(.data)
    usb_item                                 0x2007c6a0   Data           8  driverscore.o(.data)
    saver_item                               0x2007c6a8   Data           8  driverscore.o(.data)
    mbs_item                                 0x2007c6b0   Data           8  driverscore.o(.data)
    tcp_item_1                               0x2007c6b8   Data           8  driverscore.o(.data)
    tcp_item_2                               0x2007c6c0   Data           8  driverscore.o(.data)
    statsDate                                0x2007c6c8   Data           4  all_stats.o(.data)
    stats_device                             0x2007c6cc   Data          16  all_stats.o(.data)
    MBS_data                                 0x2007c6dc   Data           8  mb_server_device.o(.data)
    MBS_device                               0x2007c6e4   Data          16  mb_server_device.o(.data)
    i2c0_device                              0x2007c704   Data          16  i2c_lpc17xx.o(.data)
    i2c1_device                              0x2007c720   Data          16  i2c_lpc17xx.o(.data)
    discrete_info                            0x2007c730   Data         138  discrete_lpc17xx.o(.data)
    disData                                  0x2007c7ba   Data           6  discrete_lpc17xx.o(.data)
    discrete_device                          0x2007c7c0   Data          16  discrete_lpc17xx.o(.data)
    tcp_redirector_1_info                    0x2007c7d0   Data          52  tcp_redirector.o(.data)
    tcp_redirector_2_info                    0x2007c804   Data          52  tcp_redirector.o(.data)
    tcp_device_1                             0x2007c838   Data          16  tcp_redirector.o(.data)
    tcp_device_2                             0x2007c848   Data          16  tcp_redirector.o(.data)
    imp_info                                 0x2007c858   Data          29  impulse_lpc17xx.o(.data)
    ImpData                                  0x2007c875   Data           2  impulse_lpc17xx.o(.data)
    Imp_device                               0x2007c878   Data          16  impulse_lpc17xx.o(.data)
    modemDate                                0x2007c88a   Data         291  modemdrv.o(.data)
    modem_device                             0x2007c9b0   Data          16  modemdrv.o(.data)
    pfnModemCbs                              0x2007c9c8   Data           4  lpc17xx_uart.o(.data)
    Average                                  0x2007c9cc   Data          28  datafunc.o(.data)
    NullData                                 0x2007c9e8   Data          28  datafunc.o(.data)
    Exp                                      0x2007ca04   Data          28  datafunc.o(.data)
    ExpEx                                    0x2007ca20   Data          28  datafunc.o(.data)
    MBf                                      0x2007ca3c   Data          28  datafunc.o(.data)
    DFunc                                    0x2007ca58   Data          28  datafunc.o(.data)
    BFunc                                    0x2007ca74   Data          28  datafunc.o(.data)
    QFunc                                    0x2007ca90   Data          28  datafunc.o(.data)
    datafunc_list                            0x2007cab0   Data           8  datafunc.o(.data)
    Nullproc                                 0x2007cab8   Data          28  physfunc.o(.data)
    physfunc_list                            0x2007cad4   Data           8  physfunc.o(.data)
    sensor_list                              0x2007cadc   Data           8  sensorcore.o(.data)
    pFistEvent                               0x2007cae4   Data           4  events.o(.data)
    pFistEventMem                            0x2007cae8   Data           4  events.o(.data)
    events_queue                             0x2007caec   Data           4  events.o(.data)
    pFirstCheck                              0x2007caf0   Data           4  events.o(.data)
    Sem                                      0x2007caf4   Data           4  ff_synk.o(.data)
    g_crc                                    0x2007cafc   Data           2  ff.o(.data)
    curr_dir                                 0x2007cb08   Data          51  shell.o(.data)
    peer_mru                                 0x2007cb9c   Data           4  fsm.o(.data)
    ipcp_protent                             0x2007cbdc   Data          40  ipcp.o(.data)
    lcp_protent                              0x2007cc5c   Data          40  lcp.o(.data)
    lcp_loopbackfail                         0x2007cc84   Data           4  lcp.o(.data)
    lcp_phase                                0x2007cc88   Data           1  lcp.o(.data)
    pap_protent                              0x2007cc8c   Data          40  pap.o(.data)
    netif_list                               0x2007ccb8   Data           4  netif.o(.data)
    netif_default                            0x2007ccbc   Data           4  netif.o(.data)
    tcp_ticks                                0x2007ccc8   Data           4  tcp.o(.data)
    tcp_bound_pcbs                           0x2007cccc   Data           4  tcp.o(.data)
    tcp_listen_pcbs                          0x2007ccd0   Data           4  tcp.o(.data)
    tcp_active_pcbs                          0x2007ccd4   Data           4  tcp.o(.data)
    tcp_tw_pcbs                              0x2007ccd8   Data           4  tcp.o(.data)
    tcp_tmp_pcb                              0x2007ccdc   Data           4  tcp.o(.data)
    udp_pcbs                                 0x2007cce4   Data           4  udp.o(.data)
    MBSInfo                                  0x2007cd00   Data         276  mbserver.o(.data)
    pLog                                     0x2007ce18   Data           4  log.o(.data)
    logSem                                   0x2007ce1c   Data           4  log.o(.data)
    SMSInfo                                  0x2007ce20   Data         164  sms.o(.data)
    SMSQueue                                 0x2007cec4   Data           4  sms.o(.data)
    usb_device                               0x2007cec8   Data          16  usb_rndis_lpc17xx.o(.data)
    Ethernet_RNDIS_Interface_Device          0x2007ced8   Data         164  usb_rndis_lpc17xx.o(.data)
    usb_data_buffer_size                     0x2007cf7c   Data           4  endpoint_lpc.o(.data)
    usb_data_buffer_index                    0x2007cf80   Data           4  endpoint_lpc.o(.data)
    usb_data_buffer_OUT_size                 0x2007cf84   Data           4  endpoint_lpc.o(.data)
    usb_data_buffer_OUT_index                0x2007cf88   Data           4  endpoint_lpc.o(.data)
    usb_data_buffer_IN_index                 0x2007cf8c   Data           4  endpoint_lpc.o(.data)
    endpointselected                         0x2007cf90   Data           1  endpoint_lpc.o(.data)
    endpointhandle                           0x2007cf91   Data           6  endpoint_lpc.o(.data)
    USBPortNum                               0x2007cf97   Data           1  usbcontroller_lpc.o(.data)
    USB_Device_ConfigurationNumber           0x2007cf98   Data           1  devicestandardreq.o(.data)
    USB_Device_CurrentlySelfPowered          0x2007cf99   Data           1  devicestandardreq.o(.data)
    USB_Device_RemoteWakeupEnabled           0x2007cf9a   Data           1  devicestandardreq.o(.data)
    modem_queue                              0x2007cf9c   Data           4  modemtask.o(.data)
    usb_con_flag                             0x2007cfa4   Data           4  modemtask.o(.data)
    hModemTask                               0x2007cfa8   Data           4  modemtask.o(.data)
    __stdout                                 0x2007cfac   Data           4  stdout.o(.data)
    fat12_fs                                 0x2007cfb0   Data         566  at45db161d.o(.bss)
    UstStr                                   0x2007d314   Data          32  user_task1.o(.bss)
    MBCInfo                                  0x2007d334   Data         276  user_task1.o(.bss)
    uart1Data                                0x2007d448   Data          10  uart_lpc17xx.o(.bss)
    uart3Data                                0x2007d452   Data          10  uart_lpc17xx.o(.bss)
    uart1_RxBuf                              0x2007d45c   Data         512  uart_lpc17xx.o(.bss)
    uart1_TxBuf                              0x2007d65c   Data         512  uart_lpc17xx.o(.bss)
    uart3_RxBuf                              0x2007d85c   Data         512  uart_lpc17xx.o(.bss)
    uart3_TxBuf                              0x2007da5c   Data         512  uart_lpc17xx.o(.bss)
    saver_info                               0x2007dc7c   Data         140  saver.o(.bss)
    uartCbsDat                               0x2007dd88   Data          64  lpc17xx_uart.o(.bss)
    lenBuf                                   0x2007e7e8   Data          10  http_server.o(.bss)
    s                                        0x2007e872   Data         129  telnet.o(.bss)
    usb_netif                                0x2007e8f4   Data          68  usb_netif.o(.bss)
    sockets                                  0x2007e938   Data         240  sockets.o(.bss)
    ipcp_wantoptions                         0x2007ea48   Data          32  ipcp.o(.bss)
    ipcp_gotoptions                          0x2007ea68   Data          32  ipcp.o(.bss)
    ipcp_allowoptions                        0x2007ea88   Data          32  ipcp.o(.bss)
    ipcp_hisoptions                          0x2007eaa8   Data          32  ipcp.o(.bss)
    ipcp_fsm                                 0x2007eac8   Data          56  ipcp.o(.bss)
    lcp_wantoptions                          0x2007eb38   Data          24  lcp.o(.bss)
    lcp_gotoptions                           0x2007eb50   Data          24  lcp.o(.bss)
    lcp_allowoptions                         0x2007eb68   Data          24  lcp.o(.bss)
    lcp_hisoptions                           0x2007eb80   Data          24  lcp.o(.bss)
    xmit_accm                                0x2007eb98   Data          32  lcp.o(.bss)
    upap                                     0x2007ee10   Data          48  pap.o(.bss)
    outpacket_buf                            0x2007f178   Data         604  ppp.o(.bss)
    ppp_settings                             0x2007f3d4   Data         140  ppp.o(.bss)
    ram_heap                                 0x2007f460   Data        5652  mem.o(.bss)
    WDT_cnt                                  0x20082970   Data          72  wdt.o(.bss)
    Log                                      0x20082a3d   Data          27  log.o(.bss)
    con                                      0x20082a98   Data          20  sms.o(.bss)
    usb_info                                 0x20082aac   Data         712  usb_rndis_lpc17xx.o(.bss)
    UDCA                                     0x20082d80   Data         128  endpoint_lpc17xx.o(.bss)
    dmaDescriptor                            0x20082e00   Data         240  endpoint_lpc17xx.o(.bss)
    BufferAddressIso                         0x20082ef0   Data         128  endpoint_lpc17xx.o(.bss)
    usb_data_buffer                          0x20082f80   Data         768  endpoint_lpc.o(.bss)
    usb_data_buffer_OUT                      0x20083280   Data         768  endpoint_lpc.o(.bss)
    usb_data_buffer_IN                       0x20083580   Data         768  endpoint_lpc.o(.bss)
    ip_buf                                   0x20083880   Data         100  modemtask.o(.bss)
    __initial_sp                             0x20083be8   Data           0  startup_lpc17xx.o(STACK)



==============================================================================

Memory Map of the image

  Image Entry point : 0x000050d5

  Load Region LR_IROM1 (Base: 0x00005000, Size: 0x00036e0c, Max: 0x00040000, ABSOLUTE, COMPRESSED[0x000360f0])

    Execution Region ER_IROM1 (Base: 0x00005000, Size: 0x00035c38, Max: 0x00040000, ABSOLUTE)

    Base Addr    Size         Type   Attr      Idx    E Section Name        Object

    0x00005000   0x000000d4   Data   RO          637    RESET               startup_lpc17xx.o
    0x000050d4   0x00000000   Code   RO         3784  * .ARM.Collect$$$$00000000  mc_w.l(entry.o)
    0x000050d4   0x00000004   Code   RO         4164    .ARM.Collect$$$$00000001  mc_w.l(entry2.o)
    0x000050d8   0x00000004   Code   RO         4167    .ARM.Collect$$$$00000004  mc_w.l(entry5.o)
    0x000050dc   0x00000000   Code   RO         4169    .ARM.Collect$$$$00000008  mc_w.l(entry7b.o)
    0x000050dc   0x00000000   Code   RO         4171    .ARM.Collect$$$$0000000A  mc_w.l(entry8b.o)
    0x000050dc   0x00000008   Code   RO         4172    .ARM.Collect$$$$0000000B  mc_w.l(entry9a.o)
    0x000050e4   0x00000000   Code   RO         4174    .ARM.Collect$$$$0000000D  mc_w.l(entry10a.o)
    0x000050e4   0x00000000   Code   RO         4176    .ARM.Collect$$$$0000000F  mc_w.l(entry11a.o)
    0x000050e4   0x00000004   Code   RO         4165    .ARM.Collect$$$$00002712  mc_w.l(entry2.o)
    0x000050e8   0x00000088   Code   RO          338    .emb_text           port.o
    0x00005170   0x00000008   Code   RO          399    .emb_text           user_task1.o
    0x00005178   0x00000006   Code   RO            1    .text               debug_system.o
    0x0000517e   0x00000002   PAD
    0x00005180   0x000000a0   Code   RO           85    .text               retarget.o
    0x00005220   0x00000298   Code   RO          110    .text               at45db161d.o
    0x000054b8   0x000001e4   Code   RO          152    .text               drivers.o
    0x0000569c   0x000001c8   Code   RO          188    .text               sensors.o
    0x00005864   0x000003b0   Code   RO          214    .text               vfs.o
    0x00005c14   0x0000017c   Code   RO          232    .text               saver_fs.o
    0x00005d90   0x00000094   Code   RO          278    .text               list.o
    0x00005e24   0x000004bc   Code   RO          290    .text               queue.o
    0x000062e0   0x00000d8c   Code   RO          302    .text               tasks.o
    0x0000706c   0x000000b4   Code   RO          339    .text               port.o
    0x00007120   0x00000220   Code   RO          361    .text               heap_2.o
    0x00007340   0x000000b0   Code   RO          377    .text               main.o
    0x000073f0   0x00000c8c   Code   RO          400    .text               user_task1.o
    0x0000807c   0x0000001c   Code   RO          639    .text               startup_lpc17xx.o
    0x00008098   0x00000158   Code   RO          645    .text               user_error.o
    0x000081f0   0x00000bd4   Code   RO          658    .text               user_events.o
    0x00008dc4   0x00000154   Code   RO          678    .text               user_timers.o
    0x00008f18   0x000001a8   Code   RO          718    .text               user_modbus.o
    0x000090c0   0x000000bc   Code   RO          739    .text               sim300dz.o
    0x0000917c   0x00000308   Code   RO          767    .text               ssp_lpc17xx.o
    0x00009484   0x00000bd0   Code   RO          796    .text               uart_lpc17xx.o
    0x0000a054   0x000003b0   Code   RO          827    .text               driverscore.o
    0x0000a404   0x00000208   Code   RO          842    .text               all_stats.o
    0x0000a60c   0x00000a24   Code   RO          872    .text               mb_server_device.o
    0x0000b030   0x00000384   Code   RO          893    .text               i2c_lpc17xx.o
    0x0000b3b4   0x00000438   Code   RO          919    .text               discrete_lpc17xx.o
    0x0000b7ec   0x000006b4   Code   RO          942    .text               saver.o
    0x0000bea0   0x00000578   Code   RO          972    .text               tcp_redirector.o
    0x0000c418   0x00000798   Code   RO         1004    .text               rtc_lpc17xx.o
    0x0000cbb0   0x00000602   Code   RO         1037    .text               m25pe80.o
    0x0000d1b2   0x00000002   PAD
    0x0000d1b4   0x00000330   Code   RO         1059    .text               impulse_lpc17xx.o
    0x0000d4e4   0x00001b2c   Code   RO         1082    .text               modemdrv.o
    0x0000f010   0x00000440   Code   RO         1116    .text               lpc17xx_gpio.o
    0x0000f450   0x00000100   Code   RO         1161    .text               lpc17xx_pinsel.o
    0x0000f550   0x000003ec   Code   RO         1180    .text               lpc17xx_ssp.o
    0x0000f93c   0x000009d8   Code   RO         1207    .text               lpc17xx_uart.o
    0x00010314   0x000001a0   Code   RO         1226    .text               lpc17xx_wdt.o
    0x000104b4   0x00000298   Code   RO         1238    .text               system_lpc17xx.o
    0x0001074c   0x00000150   Code   RO         1266    .text               lpc17xx_clkpwr.o
    0x0001089c   0x00000394   Code   RO         1278    .text               lpc17xx_timer.o
    0x00010c30   0x00000a10   Code   RO         1290    .text               lpc17xx_i2c.o
    0x00011640   0x0000050a   Code   RO         1308    .text               lpc17xx_rtc.o
    0x00011b4a   0x00000002   PAD
    0x00011b4c   0x000000e8   Code   RO         1320    .text               setparametrs.o
    0x00011c34   0x00000d44   Code   RO         1336    .text               minini.o
    0x00012978   0x0000117c   Code   RO         1353    .text               datafunc.o
    0x00013af4   0x00000108   Code   RO         1369    .text               physfunc.o
    0x00013bfc   0x00000874   Code   RO         1391    .text               sensorcore.o
    0x00014470   0x00000868   Code   RO         1407    .text               events.o
    0x00014cd8   0x00000064   Code   RO         1425    .text               ff_synk.o
    0x00014d3c   0x000003a4   Code   RO         1440    .text               iofat_at25db161a.o
    0x000150e0   0x00002b72   Code   RO         1461    .text               ff.o
    0x00017c52   0x00000002   PAD
    0x00017c54   0x00002200   Code   RO         1477    .text               ftpd.o
    0x00019e54   0x000002e4   Code   RO         1499    .text               cookie.o
    0x0001a138   0x00001688   Code   RO         1522    .text               http_cgi.o
    0x0001b7c0   0x00000768   Code   RO         1552    .text               http_server.o
    0x0001bf28   0x0000050c   Code   RO         1586    .text               wap.o
    0x0001c434   0x00001034   Code   RO         1605    .text               shell.o
    0x0001d468   0x00000a7c   Code   RO         1626    .text               telnet.o
    0x0001dee4   0x0000015c   Code   RO         1643    .text               lwip_sio.o
    0x0001e040   0x00000244   Code   RO         1660    .text               sys_arch.o
    0x0001e284   0x00000270   Code   RO         1675    .text               ping.o
    0x0001e4f4   0x00000254   Code   RO         1699    .text               usb_netif.o
    0x0001e748   0x00000838   Code   RO         1769    .text               api_lib.o
    0x0001ef80   0x00001282   Code   RO         1803    .text               api_msg.o
    0x00020202   0x00000002   PAD
    0x00020204   0x00000240   Code   RO         1833    .text               netbuf.o
    0x00020444   0x00001c00   Code   RO         1869    .text               sockets.o
    0x00022044   0x0000033c   Code   RO         1889    .text               tcpip.o
    0x00022380   0x000006d0   Code   RO         1922    .text               auth.o
    0x00022a50   0x000009a8   Code   RO         1963    .text               fsm.o
    0x000233f8   0x000012f0   Code   RO         1982    .text               ipcp.o
    0x000246e8   0x00001c5c   Code   RO         2004    .text               lcp.o
    0x00026344   0x0000000a   Code   RO         2027    .text               magic.o
    0x0002634e   0x00000002   PAD
    0x00026350   0x00000570   Code   RO         2042    .text               pap.o
    0x000268c0   0x00000f74   Code   RO         2062    .text               ppp.o
    0x00027834   0x00000070   Code   RO         2101    .text               randm.o
    0x000278a4   0x00000022   Code   RO         2118    .text               init.o
    0x000278c6   0x00000002   PAD
    0x000278c8   0x000004fc   Code   RO         2143    .text               mem.o
    0x00027dc4   0x00000128   Code   RO         2159    .text               memp.o
    0x00027eec   0x0000048a   Code   RO         2191    .text               netif.o
    0x00028376   0x00000002   PAD
    0x00028378   0x00000ab4   Code   RO         2228    .text               pbuf.o
    0x00028e2c   0x000001fc   Code   RO         2254    .text               raw.o
    0x00029028   0x00000024   Code   RO         2274    .text               sys.o
    0x0002904c   0x00000fd8   Code   RO         2286    .text               tcp.o
    0x0002a024   0x00001a1c   Code   RO         2310    .text               tcp_in.o
    0x0002ba40   0x00000f96   Code   RO         2333    .text               tcp_out.o
    0x0002c9d6   0x00000002   PAD
    0x0002c9d8   0x000002e0   Code   RO         2345    .text               icmp.o
    0x0002ccb8   0x0000027c   Code   RO         2363    .text               inet_chksum.o
    0x0002cf34   0x00000474   Code   RO         2375    .text               ip.o
    0x0002d3a8   0x00000310   Code   RO         2396    .text               ip_addr.o
    0x0002d6b8   0x0000073c   Code   RO         2419    .text               ip_frag.o
    0x0002ddf4   0x0000003e   Code   RO         2434    .text               def.o
    0x0002de32   0x00000002   PAD
    0x0002de34   0x00000270   Code   RO         2446    .text               lwip_timers.o
    0x0002e0a4   0x000005ec   Code   RO         2460    .text               udp.o
    0x0002e690   0x00000ad4   Code   RO         2478    .text               etharp.o
    0x0002f164   0x000000b4   Code   RO         2497    .text               timers.o
    0x0002f218   0x00000104   Code   RO         2515    .text               wdt.o
    0x0002f31c   0x000003f8   Code   RO         2533    .text               security_lpc17xx.o
    0x0002f714   0x00000066   Code   RO         2547    .text               crc16.o
    0x0002f77a   0x0000002e   Code   RO         2559    .text               mb_client.o
    0x0002f7a8   0x000005fc   Code   RO         2574    .text               modbustcp.o
    0x0002fda4   0x0000004c   Code   RO         2592    .text               mb_serial_client.o
    0x0002fdf0   0x00000180   Code   RO         2611    .text               mb_serial_port.o
    0x0002ff70   0x00000180   Code   RO         2623    .text               mbserver.o
    0x000300f0   0x0000187c   Code   RO         2638    .text               display_133x64.o
    0x0003196c   0x00000910   Code   RO         2668    .text               lcd 133x65_uc1601s.o
    0x0003227c   0x00000564   Code   RO         2690    .text               log.o
    0x000327e0   0x00000e7c   Code   RO         2712    .text               sms.o
    0x0003365c   0x00000218   Code   RO         2731    .text               usb_rndis_lpc17xx.o
    0x00033874   0x0000006c   Code   RO         2928    .text               descriptors.o
    0x000338e0   0x00000980   Code   RO         2946    .text               rndisclassdevice.o
    0x00034260   0x000008d4   Code   RO         3126    .text               endpoint_lpc17xx.o
    0x00034b34   0x000000c8   Code   RO         3231    .text               hal_lpc17xx.o
    0x00034bfc   0x00000164   Code   RO         3333    .text               endpoint_lpc.o
    0x00034d60   0x0000047c   Code   RO         3438    .text               endpointstream_lpc.o
    0x000351dc   0x00000074   Code   RO         3516    .text               usbcontroller_lpc.o
    0x00035250   0x000005e4   Code   RO         3557    .text               devicestandardreq.o
    0x00035834   0x00000044   Code   RO         3661    .text               usbtask.o
    0x00035878   0x00000510   Code   RO         3711    .text               modemtask.o
    0x00035d88   0x00000704   Code   RO         3762    .text               uartcontroltask.o
    0x0003648c   0x00000062   Code   RO         3787    .text               mc_w.l(uldiv.o)
    0x000364ee   0x00000002   PAD
    0x000364f0   0x00000008   Code   RO         3789    .text               mc_w.l(ctype_o.o)
    0x000364f8   0x00000012   Code   RO         3811    .text               mc_w.l(isspace_o.o)
    0x0003650a   0x0000000c   Code   RO         3817    .text               mc_w.l(toupper.o)
    0x00036516   0x00000002   PAD
    0x00036518   0x00000024   Code   RO         3819    .text               mc_w.l(rand.o)
    0x0003653c   0x000000a0   Code   RO         3822    .text               mc_w.l(mktime.o)
    0x000365dc   0x00000040   Code   RO         3827    .text               mc_w.l(memmovea.o)
    0x0003661c   0x00000024   Code   RO         3829    .text               mc_w.l(memseta.o)
    0x00036640   0x00000018   Code   RO         3831    .text               mc_w.l(strcat.o)
    0x00036658   0x00000024   Code   RO         3833    .text               mc_w.l(strstr.o)
    0x0003667c   0x00000018   Code   RO         3835    .text               mc_w.l(strncpy.o)
    0x00036694   0x00000014   Code   RO         3837    .text               mc_w.l(strchr.o)
    0x000366a8   0x0000000e   Code   RO         3839    .text               mc_w.l(strlen.o)
    0x000366b6   0x0000001c   Code   RO         3841    .text               mc_w.l(strcmp.o)
    0x000366d2   0x0000001a   Code   RO         3843    .text               mc_w.l(memcmp.o)
    0x000366ec   0x00000012   Code   RO         3845    .text               mc_w.l(strcpy.o)
    0x000366fe   0x0000001e   Code   RO         3847    .text               mc_w.l(strncmp.o)
    0x0003671c   0x00000020   Code   RO         3849    .text               mc_w.l(strrchr.o)
    0x0003673c   0x00000020   Code   RO         3851    .text               mc_w.l(strpbrk.o)
    0x0003675c   0x00000032   Code   RO         3857    .text               mc_w.l(strncasecmp.o)
    0x0003678e   0x00000002   PAD
    0x00036790   0x00000038   Code   RO         4120    .text               mc_w.l(sscanf.o)
    0x000367c8   0x00000038   Code   RO         4122    .text               mc_w.l(__0sscanf.o)
    0x00036800   0x00000150   Code   RO         4124    .text               mc_w.l(_scanf_int.o)
    0x00036950   0x00000070   Code   RO         4126    .text               mc_w.l(strtol.o)
    0x000369c0   0x0000001a   Code   RO         4128    .text               mc_w.l(atoi.o)
    0x000369da   0x0000001a   Code   RO         4130    .text               mc_w.l(atol.o)
    0x000369f4   0x000000b0   Code   RO         4132    .text               mf_w.l(fadd.o)
    0x00036aa4   0x0000006c   Code   RO         4134    .text               mf_w.l(fmul.o)
    0x00036b10   0x00000080   Code   RO         4136    .text               mf_w.l(fdiv.o)
    0x00036b90   0x0000014e   Code   RO         4138    .text               mf_w.l(dadd.o)
    0x00036cde   0x000000de   Code   RO         4140    .text               mf_w.l(ddiv.o)
    0x00036dbc   0x00000012   Code   RO         4142    .text               mf_w.l(fflti.o)
    0x00036dce   0x0000000a   Code   RO         4144    .text               mf_w.l(ffltui.o)
    0x00036dd8   0x0000001a   Code   RO         4146    .text               mf_w.l(dfltui.o)
    0x00036df2   0x00000028   Code   RO         4148    .text               mf_w.l(ffixui.o)
    0x00036e1a   0x00000032   Code   RO         4150    .text               mf_w.l(dfixui.o)
    0x00036e4c   0x00000026   Code   RO         4152    .text               mf_w.l(f2d.o)
    0x00036e72   0x00000002   PAD
    0x00036e74   0x00000028   Code   RO         4154    .text               mf_w.l(cdcmple.o)
    0x00036e9c   0x00000028   Code   RO         4156    .text               mf_w.l(cdrcmple.o)
    0x00036ec4   0x00000038   Code   RO         4158    .text               mf_w.l(d2f.o)
    0x00036efc   0x00000014   Code   RO         4160    .text               mf_w.l(cfcmple.o)
    0x00036f10   0x00000014   Code   RO         4162    .text               mf_w.l(cfrcmple.o)
    0x00036f24   0x0000002c   Code   RO         4179    .text               mc_w.l(uidiv.o)
    0x00036f50   0x0000001e   Code   RO         4181    .text               mc_w.l(llshl.o)
    0x00036f6e   0x00000020   Code   RO         4183    .text               mc_w.l(llushr.o)
    0x00036f8e   0x00000024   Code   RO         4185    .text               mc_w.l(llsshr.o)
    0x00036fb2   0x0000000c   Code   RO         4187    .text               mc_w.l(tolower.o)
    0x00036fbe   0x00000002   PAD
    0x00036fc0   0x00000080   Code   RO         4192    .text               mc_w.l(localtime_i.o)
    0x00037040   0x0000001c   Code   RO         4202    .text               mc_w.l(_chval.o)
    0x0003705c   0x00000156   Code   RO         4204    .text               mc_w.l(_scanf_longlong.o)
    0x000371b2   0x000000da   Code   RO         4206    .text               mc_w.l(_scanf_str.o)
    0x0003728c   0x0000033c   Code   RO         4208    .text               mc_w.l(scanf_fp.o)
    0x000375c8   0x00000028   Code   RO         4212    .text               mc_w.l(scanf_char.o)
    0x000375f0   0x00000040   Code   RO         4214    .text               mc_w.l(_sgetc.o)
    0x00037630   0x0000009e   Code   RO         4216    .text               mc_w.l(_strtoul.o)
    0x000376ce   0x00000002   PAD
    0x000376d0   0x0000009c   Code   RO         4218    .text               mc_w.l(strtod.o)
    0x0003776c   0x00000000   Code   RO         4220    .text               mc_w.l(iusefp.o)
    0x0003776c   0x0000006c   Code   RO         4221    .text               mf_w.l(fepilogue.o)
    0x000377d8   0x000000be   Code   RO         4223    .text               mf_w.l(depilogue.o)
    0x00037896   0x000000e4   Code   RO         4225    .text               mf_w.l(dmul.o)
    0x0003797a   0x00000030   Code   RO         4227    .text               mf_w.l(dfixul.o)
    0x000379aa   0x00000002   PAD
    0x000379ac   0x00000024   Code   RO         4229    .text               mc_w.l(init.o)
    0x000379d0   0x0000032c   Code   RO         4233    .text               mc_w.l(_scanf.o)
    0x00037cfc   0x00000018   Code   RO         4235    .text               mf_w.l(dfltul.o)
    0x00037d14   0x0000005c   Code   RO         4248    .text               mc_w.l(__dczerorl2.o)
    0x00037d70   0x00000020   Code   RO         4092    i.__0printf         mc_w.l(printfa.o)
    0x00037d90   0x00000028   Code   RO         4093    i.__0snprintf       mc_w.l(printfa.o)
    0x00037db8   0x00000028   Code   RO         4094    i.__0sprintf        mc_w.l(printfa.o)
    0x00037de0   0x00000024   Code   RO         4098    i.__0vsprintf       mc_w.l(printfa.o)
    0x00037e04   0x00000008   Code   RO         4195    i.__aeabi_errno_addr  mc_w.l(errno.o)
    0x00037e0c   0x0000000c   Code   RO         4196    i.__read_errno      mc_w.l(errno.o)
    0x00037e18   0x0000000e   Code   RO         4242    i.__scatterload_copy  mc_w.l(handlers.o)
    0x00037e26   0x00000002   Code   RO         4243    i.__scatterload_null  mc_w.l(handlers.o)
    0x00037e28   0x0000000e   Code   RO         4244    i.__scatterload_zeroinit  mc_w.l(handlers.o)
    0x00037e36   0x00000002   PAD
    0x00037e38   0x0000000c   Code   RO         4197    i.__set_errno       mc_w.l(errno.o)
    0x00037e44   0x0000015c   Code   RO         4099    i._fp_digits        mc_w.l(printfa.o)
    0x00037fa0   0x0000000e   Code   RO         4210    i._is_digit         mc_w.l(scanf_fp.o)
    0x00037fae   0x00000002   PAD
    0x00037fb0   0x000006f0   Code   RO         4100    i._printf_core      mc_w.l(printfa.o)
    0x000386a0   0x00000026   Code   RO         4101    i._printf_post_padding  mc_w.l(printfa.o)
    0x000386c6   0x00000030   Code   RO         4102    i._printf_pre_padding  mc_w.l(printfa.o)
    0x000386f6   0x00000016   Code   RO         4103    i._snputc           mc_w.l(printfa.o)
    0x0003870c   0x0000000a   Code   RO         4104    i._sputc            mc_w.l(printfa.o)
    0x00038716   0x0000002a   Code   RO         3777    i.atof              m_ws.l(atof.o)
    0x00038740   0x0000001c   Code   RO         3781    i.strtod            m_ws.l(strtod.o)
    0x0003875c   0x00000038   Data   RO          769    .constdata          ssp_lpc17xx.o
    0x00038794   0x00000070   Data   RO          798    .constdata          uart_lpc17xx.o
    0x00038804   0x00000038   Data   RO          843    .constdata          all_stats.o
    0x0003883c   0x00000038   Data   RO          874    .constdata          mb_server_device.o
    0x00038874   0x00000070   Data   RO          895    .constdata          i2c_lpc17xx.o
    0x000388e4   0x00000038   Data   RO          920    .constdata          discrete_lpc17xx.o
    0x0003891c   0x00000038   Data   RO          944    .constdata          saver.o
    0x00038954   0x00000070   Data   RO          973    .constdata          tcp_redirector.o
    0x000389c4   0x00000038   Data   RO         1005    .constdata          rtc_lpc17xx.o
    0x000389fc   0x00000038   Data   RO         1038    .constdata          m25pe80.o
    0x00038a34   0x00000038   Data   RO         1060    .constdata          impulse_lpc17xx.o
    0x00038a6c   0x00000038   Data   RO         1084    .constdata          modemdrv.o
    0x00038aa4   0x0000002c   Data   RO         1462    .constdata          ff.o
    0x00038ad0   0x000002c6   Data   RO         1479    .constdata          ftpd.o
    0x00038d96   0x00000002   PAD
    0x00038d98   0x00000040   Data   RO         1523    .constdata          http_cgi.o
    0x00038dd8   0x000003de   Data   RO         1554    .constdata          http_server.o
    0x000391b6   0x00000735   Data   RO         1588    .constdata          wap.o
    0x000398eb   0x00000001   PAD
    0x000398ec   0x00000060   Data   RO         1606    .constdata          shell.o
    0x0003994c   0x00000040   Data   RO         1871    .constdata          sockets.o
    0x0003998c   0x00000200   Data   RO         2064    .constdata          ppp.o
    0x00039b8c   0x00000038   Data   RO         2161    .constdata          memp.o
    0x00039bc4   0x00000050   Data   RO         2287    .constdata          tcp.o
    0x00039c14   0x0000000c   Data   RO         2480    .constdata          etharp.o
    0x00039c20   0x00000654   Data   RO         2640    .constdata          display_133x64.o
    0x0003a274   0x000003ba   Data   RO         2669    .constdata          lcd 133x65_uc1601s.o
    0x0003a62e   0x00000002   PAD
    0x0003a630   0x0000012c   Data   RO         2714    .constdata          sms.o
    0x0003a75c   0x00000038   Data   RO         2733    .constdata          usb_rndis_lpc17xx.o
    0x0003a794   0x000000a0   Data   RO         2929    .constdata          descriptors.o
    0x0003a834   0x00000074   Data   RO         2947    .constdata          rndisclassdevice.o
    0x0003a8a8   0x0000000f   Data   RO         3763    .constdata          uartcontroltask.o
    0x0003a8b7   0x00000081   Data   RO         3790    .constdata          mc_w.l(ctype_o.o)
    0x0003a938   0x00000004   Data   RO         3791    .constdata          mc_w.l(ctype_o.o)
    0x0003a93c   0x0000000c   Data   RO         3823    .constdata          mc_w.l(mktime.o)
    0x0003a948   0x0000000c   Data   RO         4193    .constdata          mc_w.l(localtime_i.o)
    0x0003a954   0x00000038   Data   RO         1524    .conststring        http_cgi.o
    0x0003a98c   0x00000091   Data   RO         1555    .conststring        http_server.o
    0x0003aa1d   0x00000035   Data   RO         1607    .conststring        shell.o
    0x0003aa52   0x0000006e   Data   RO         1964    .conststring        fsm.o
    0x0003aac0   0x00000005   Data   RO         1984    .conststring        ipcp.o
    0x0003aac5   0x00000004   Data   RO         2006    .conststring        lcp.o
    0x0003aac9   0x00000004   Data   RO         2044    .conststring        pap.o
    0x0003aacd   0x00000059   Data   RO         2288    .conststring        tcp.o
    0x0003ab26   0x000000c4   Data   RO         2715    .conststring        sms.o
    0x0003abea   0x0000000d   Data   RO         2734    .conststring        usb_rndis_lpc17xx.o
    0x0003abf7   0x00000001   PAD
    0x0003abf8   0x00000040   Data   RO         4240    Region$$Table       anon$$obj.o


    Execution Region RW_IRAM1 (Base: 0x10000000, Size: 0x00007bc4, Max: 0x00008000, ABSOLUTE, COMPRESSED[0x00000074])

    Base Addr    Size         Type   Attr      Idx    E Section Name        Object

    0x10000000   0x0000001c   Data   RW          363    .data               heap_2.o
    0x1000001c   0x00000004   Data   RW          378    .data               main.o
    0x10000020   0x0000000c   Data   RW          719    .data               user_modbus.o
    0x1000002c   0x00000018   Data   RW          770    .data               ssp_lpc17xx.o
    0x10000044   0x0000002c   Data   RW          945    .data               saver.o
    0x10000070   0x0000001d   Data   RW         1006    .data               rtc_lpc17xx.o
    0x1000008d   0x00000003   PAD
    0x10000090   0x00000004   Data   RW         1239    .data               system_lpc17xx.o
    0x10000094   0x00000008   Data   RW         1322    .data               setparametrs.o
    0x1000009c   0x00000030   Data   RW         1480    .data               ftpd.o
    0x100000cc   0x00000034   Data   RW         1556    .data               http_server.o
    0x10000100   0x00000005   Data   RW         1589    .data               wap.o
    0x10000105   0x00000003   PAD
    0x10000108   0x0000000c   Data   RW         1628    .data               telnet.o
    0x10000114   0x00000016   Data   RW         1676    .data               ping.o
    0x1000012a   0x00000002   PAD
    0x1000012c   0x0000000c   Data   RW         1872    .data               sockets.o
    0x10000138   0x0000001c   Data   RW         2065    .data               ppp.o
    0x10000154   0x0000000c   Data   RW         2102    .data               randm.o
    0x10000160   0x00000010   Data   RW         2145    .data               mem.o
    0x10000170   0x00000001   Data   RW         2229    .data               pbuf.o
    0x10000171   0x00000003   PAD
    0x10000174   0x00000004   Data   RW         2255    .data               raw.o
    0x10000178   0x00000020   Data   RW         2312    .data               tcp_in.o
    0x10000198   0x00000012   Data   RW         2376    .data               ip.o
    0x100001aa   0x00000002   PAD
    0x100001ac   0x00000006   Data   RW         2421    .data               ip_frag.o
    0x100001b2   0x00000002   PAD
    0x100001b4   0x00000008   Data   RW         2447    .data               lwip_timers.o
    0x100001bc   0x0000000c   Data   RW         2498    .data               timers.o
    0x100001c8   0x00000014   Data   RW         2641    .data               display_133x64.o
    0x100001dc   0x00000010   Data   RW         2670    .data               lcd 133x65_uc1601s.o
    0x100001ec   0x00000024   Data   RW         3128    .data               endpoint_lpc17xx.o
    0x10000210   0x0000000a   Data   RW         3662    .data               usbtask.o
    0x1000021a   0x00000002   PAD
    0x1000021c   0x00000004   Data   RW         3820    .data               mc_w.l(rand.o)
    0x10000220   0x00000004   Data   RW         4198    .data               mc_w.l(errno.o)
    0x10000224   0x00000004   PAD
    0x10000228   0x00007918   Zero   RW          362    .bss                heap_2.o
    0x10007b40   0x00000028   Zero   RW          659    .bss                user_events.o
    0x10007b68   0x0000000a   Zero   RW          768    .bss                ssp_lpc17xx.o
    0x10007b72   0x00000018   Zero   RW          894    .bss                i2c_lpc17xx.o
    0x10007b8a   0x00000002   PAD
    0x10007b8c   0x00000024   Zero   RW         1291    .bss                lpc17xx_i2c.o
    0x10007bb0   0x00000012   Zero   RW         1500    .bss                cookie.o


    Execution Region RW_IRAM2 (Base: 0x2007c000, Size: 0x00007be8, Max: 0x00008000, ABSOLUTE, COMPRESSED[0x00000444])

    Base Addr    Size         Type   Attr      Idx    E Section Name        Object

    0x2007c000   0x00000008   Data   RW           86    .data               retarget.o
    0x2007c008   0x00000058   Data   RW          112    .data               at45db161d.o
    0x2007c060   0x0000005d   Data   RW          153    .data               drivers.o
    0x2007c0bd   0x00000003   PAD
    0x2007c0c0   0x0000005d   Data   RW          189    .data               sensors.o
    0x2007c11d   0x00000003   PAD
    0x2007c120   0x00000010   Data   RW          215    .data               vfs.o
    0x2007c130   0x00000061   Data   RW          233    .data               saver_fs.o
    0x2007c191   0x00000003   PAD
    0x2007c194   0x00000050   Data   RW          304    .data               tasks.o
    0x2007c1e4   0x00000004   Data   RW          340    .data               port.o
    0x2007c1e8   0x00000064   Data   RW          402    .data               user_task1.o
    0x2007c24c   0x00000224   Data   RW          660    .data               user_events.o
    0x2007c470   0x00000140   Data   RW          679    .data               user_timers.o
    0x2007c5b0   0x00000008   Data   RW          740    .data               sim300dz.o
    0x2007c5b8   0x00000088   Data   RW          799    .data               uart_lpc17xx.o
    0x2007c640   0x00000088   Data   RW          828    .data               driverscore.o
    0x2007c6c8   0x00000014   Data   RW          844    .data               all_stats.o
    0x2007c6dc   0x00000019   Data   RW          875    .data               mb_server_device.o
    0x2007c6f5   0x00000003   PAD
    0x2007c6f8   0x00000038   Data   RW          896    .data               i2c_lpc17xx.o
    0x2007c730   0x000000a0   Data   RW          921    .data               discrete_lpc17xx.o
    0x2007c7d0   0x00000088   Data   RW          974    .data               tcp_redirector.o
    0x2007c858   0x00000030   Data   RW         1061    .data               impulse_lpc17xx.o
    0x2007c888   0x00000140   Data   RW         1085    .data               modemdrv.o
    0x2007c9c8   0x00000004   Data   RW         1209    .data               lpc17xx_uart.o
    0x2007c9cc   0x000000ec   Data   RW         1354    .data               datafunc.o
    0x2007cab8   0x00000024   Data   RW         1370    .data               physfunc.o
    0x2007cadc   0x00000008   Data   RW         1393    .data               sensorcore.o
    0x2007cae4   0x00000010   Data   RW         1408    .data               events.o
    0x2007caf4   0x00000004   Data   RW         1426    .data               ff_synk.o
    0x2007caf8   0x00000001   Data   RW         1441    .data               iofat_at25db161a.o
    0x2007caf9   0x00000003   PAD
    0x2007cafc   0x0000000b   Data   RW         1463    .data               ff.o
    0x2007cb07   0x00000001   PAD
    0x2007cb08   0x00000038   Data   RW         1608    .data               shell.o
    0x2007cb40   0x0000000c   Data   RW         1701    .data               usb_netif.o
    0x2007cb4c   0x0000000c   Data   RW         1890    .data               tcpip.o
    0x2007cb58   0x0000001c   Data   RW         1924    .data               auth.o
    0x2007cb74   0x0000002c   Data   RW         1965    .data               fsm.o
    0x2007cba0   0x0000006c   Data   RW         1985    .data               ipcp.o
    0x2007cc0c   0x0000007d   Data   RW         2007    .data               lcp.o
    0x2007cc89   0x00000003   PAD
    0x2007cc8c   0x00000028   Data   RW         2045    .data               pap.o
    0x2007ccb4   0x0000000c   Data   RW         2192    .data               netif.o
    0x2007ccc0   0x00000021   Data   RW         2289    .data               tcp.o
    0x2007cce1   0x00000003   PAD
    0x2007cce4   0x00000004   Data   RW         2461    .data               udp.o
    0x2007cce8   0x00000018   Data   RW         2575    .data               modbustcp.o
    0x2007cd00   0x00000118   Data   RW         2624    .data               mbserver.o
    0x2007ce18   0x00000008   Data   RW         2692    .data               log.o
    0x2007ce20   0x000000a8   Data   RW         2716    .data               sms.o
    0x2007cec8   0x000000b4   Data   RW         2735    .data               usb_rndis_lpc17xx.o
    0x2007cf7c   0x0000001b   Data   RW         3335    .data               endpoint_lpc.o
    0x2007cf97   0x00000001   Data   RW         3517    .data               usbcontroller_lpc.o
    0x2007cf98   0x00000003   Data   RW         3558    .data               devicestandardreq.o
    0x2007cf9b   0x00000001   PAD
    0x2007cf9c   0x00000010   Data   RW         3713    .data               modemtask.o
    0x2007cfac   0x00000004   Data   RW         4178    .data               mc_w.l(stdout.o)
    0x2007cfb0   0x00000236   Zero   RW          111    .bss                at45db161d.o
    0x2007d1e6   0x00000002   PAD
    0x2007d1e8   0x0000012c   Zero   RW          303    .bss                tasks.o
    0x2007d314   0x00000134   Zero   RW          401    .bss                user_task1.o
    0x2007d448   0x00000814   Zero   RW          797    .bss                uart_lpc17xx.o
    0x2007dc5c   0x0000001e   Zero   RW          873    .bss                mb_server_device.o
    0x2007dc7a   0x00000002   PAD
    0x2007dc7c   0x0000008c   Zero   RW          943    .bss                saver.o
    0x2007dd08   0x00000080   Zero   RW         1083    .bss                modemdrv.o
    0x2007dd88   0x00000040   Zero   RW         1208    .bss                lpc17xx_uart.o
    0x2007ddc8   0x00000080   Zero   RW         1321    .bss                setparametrs.o
    0x2007de48   0x00000100   Zero   RW         1337    .bss                minini.o
    0x2007df48   0x000008a0   Zero   RW         1478    .bss                ftpd.o
    0x2007e7e8   0x0000000a   Zero   RW         1553    .bss                http_server.o
    0x2007e7f2   0x00000080   Zero   RW         1587    .bss                wap.o
    0x2007e872   0x00000081   Zero   RW         1627    .bss                telnet.o
    0x2007e8f3   0x00000001   PAD
    0x2007e8f4   0x00000044   Zero   RW         1700    .bss                usb_netif.o
    0x2007e938   0x000000f0   Zero   RW         1870    .bss                sockets.o
    0x2007ea28   0x00000020   Zero   RW         1923    .bss                auth.o
    0x2007ea48   0x000000b8   Zero   RW         1983    .bss                ipcp.o
    0x2007eb00   0x00000310   Zero   RW         2005    .bss                lcp.o
    0x2007ee10   0x00000030   Zero   RW         2043    .bss                pap.o
    0x2007ee40   0x00000620   Zero   RW         2063    .bss                ppp.o
    0x2007f460   0x00001614   Zero   RW         2144    .bss                mem.o
    0x20080a74   0x00001cbf   Zero   RW         2160    .bss                memp.o
    0x20082733   0x00000001   PAD
    0x20082734   0x00000014   Zero   RW         2311    .bss                tcp_in.o
    0x20082748   0x00000010   Zero   RW         2397    .bss                ip_addr.o
    0x20082758   0x000001c8   Zero   RW         2420    .bss                ip_frag.o
    0x20082920   0x00000050   Zero   RW         2479    .bss                etharp.o
    0x20082970   0x00000048   Zero   RW         2516    .bss                wdt.o
    0x200829b8   0x00000044   Zero   RW         2534    .bss                security_lpc17xx.o
    0x200829fc   0x00000041   Zero   RW         2639    .bss                display_133x64.o
    0x20082a3d   0x0000005b   Zero   RW         2691    .bss                log.o
    0x20082a98   0x00000014   Zero   RW         2713    .bss                sms.o
    0x20082aac   0x000002c8   Zero   RW         2732    .bss                usb_rndis_lpc17xx.o
    0x20082d74   0x0000000c   PAD
    0x20082d80   0x000001f0   Zero   RW         3127    .bss                endpoint_lpc17xx.o
    0x20082f70   0x00000010   PAD
    0x20082f80   0x00000900   Zero   RW         3334    .bss                endpoint_lpc.o
    0x20083880   0x00000064   Zero   RW         3712    .bss                modemtask.o
    0x200838e4   0x00000004   PAD
    0x200838e8   0x00000300   Zero   RW          635    STACK               startup_lpc17xx.o



  Load Region LR$$.ARM.__at_0x02FC (Base: 0x000002fc, Size: 0x00000004, Max: 0x00000004, ABSOLUTE)

    Execution Region ER$$.ARM.__at_0x02FC (Base: 0x000002fc, Size: 0x00000004, Max: 0x00000004, ABSOLUTE, UNINIT)

    Base Addr    Size         Type   Attr      Idx    E Section Name        Object

    0x000002fc   0x00000004   Code   RO          638    .ARM.__at_0x02FC    startup_lpc17xx.o


==============================================================================

Image component sizes


      Code (inc. data)   RO Data    RW Data    ZI Data      Debug   Object Name

       520        112         56         20          0      27479   all_stats.o
      2104         94          0          0          0      18714   api_lib.o
      4738         82          0          0          0      10159   api_msg.o
       664         14          0         88        566      10835   at45db161d.o
      1744        286          0         28         32      11707   auth.o
       740        114          0          0         18       4945   cookie.o
       102          0          0          0          0       1584   crc16.o
      4476        150          0        236          0      16723   datafunc.o
         6          0          0          0          0      38099   debug_system.o
        62          0          0          0          0       1078   def.o
       108         22        160          0          0       2708   descriptors.o
      1508        150          0          3          0      13921   devicestandardreq.o
      1080         80         56        160          0       8873   discrete_lpc17xx.o
      6268        746       1620         20         65      12919   display_133x64.o
       484         14          0         93          0      11515   drivers.o
       944        134          0        136          0       5933   driverscore.o
       356         66          0         27       2304      10397   endpoint_lpc.o
      2260        300          0         36        496       9796   endpoint_lpc17xx.o
      1148         76          0          0          0      13845   endpointstream_lpc.o
      2772         74         12          0         80       9874   etharp.o
      2152         90          0         16          0       7935   events.o
     11122        130         44         11          0      26795   ff.o
       100          4          0          4          0       1917   ff_synk.o
      2472         96        110         44          0       7914   fsm.o
      8704       1872        710         48       2208      26401   ftpd.o
       200         24          0          0          0       1505   hal_lpc17xx.o
       544         20          0         28      31000       4821   heap_2.o
      5768       1006        120          0          0      11112   http_cgi.o
      1896        368       1135         52         10      16194   http_server.o
       900        202        112         56         24      11720   i2c_lpc17xx.o
       736         56          0          0          0       2674   icmp.o
       816        114         56         48          0       9053   impulse_lpc17xx.o
       636         54          0          0          0       3005   inet_chksum.o
        34          0          0          0          0       1220   init.o
       932         22          0          1          0       4651   iofat_at25db161a.o
      1140         72          0         18          0       6760   ip.o
       784         58          0          0         16       9055   ip_addr.o
      1852         70          0          6        456       6000   ip_frag.o
      4848        218          5        108        184      14567   ipcp.o
      2320         46        954         16          0       9859   lcd 133x65_uc1601s.o
      7260        452          4        125        784      19223   lcp.o
       148          0          0          0          0       1929   list.o
      1380         62          0          8         91       4735   log.o
       336         32          0          0          0       1859   lpc17xx_clkpwr.o
      1088         62          0          0          0       9931   lpc17xx_gpio.o
      2576         96          0          0         36      25004   lpc17xx_i2c.o
       256          4          0          0          0       2506   lpc17xx_pinsel.o
      1290         64          0          0          0       5683   lpc17xx_rtc.o
      1004         14          0          0          0       5760   lpc17xx_ssp.o
       916         16          0          0          0       5095   lpc17xx_timer.o
      2520         72          0          4         64      20223   lpc17xx_uart.o
       416         14          0          0          0       2079   lpc17xx_wdt.o
       348          0          0          0          0       2938   lwip_sio.o
       624         78          0          8          0       3247   lwip_timers.o
      1538         76         56          0          0      10559   m25pe80.o
        10          0          0          0          0        610   magic.o
       176         18          0          4          0       1352   main.o
        46          0          0          0          0       1168   mb_client.o
        76          0          0          0          0       5422   mb_serial_client.o
       384         22          0          0          0       3311   mb_serial_port.o
      2596        194         56         25         30      11062   mb_server_device.o
       384          8          0        280          0       3285   mbserver.o
      1276         76          0         16       5652       4090   mem.o
       296         58         56          0       7359       3334   memp.o
      3396         24          0          0        256      11579   minini.o
      1532        126          0         24          0       7189   modbustcp.o
      6956       1554         56        320        128      20900   modemdrv.o
      1296        312          0         16        100       4186   modemtask.o
       576         46          0          0          0       3925   netbuf.o
      1162         64          0         12          0       7450   netif.o
      1392         30          4         40         48       6289   pap.o
      2740         54          0          1          0       8441   pbuf.o
       264          8          0         36          0       3989   physfunc.o
       624         50          0         22          0       3966   ping.o
       316         26          0          4          0       3436   port.o
      3956        154        512         28       1568      18164   ppp.o
      1212          0          0          0          0       7027   queue.o
       112         12          0         12          0       1012   randm.o
       508         52          0          4          0       3365   raw.o
       160         16          0          8          0      20558   retarget.o
      2432        228        116          0          0      23034   rndisclassdevice.o
      1944        180         56         29          0      15022   rtc_lpc17xx.o
      1716        140         56         44        140       9589   saver.o
       380         26          0         97          0       7694   saver_fs.o
      1016        100          0          0         68       4302   security_lpc17xx.o
      2164        154          0          8          0       8071   sensorcore.o
       456         14          0         93          0       8511   sensors.o
       232         18          0          8        128       2385   setparametrs.o
      4148       1368        149         56          0       7652   shell.o
       188         36          0          8          0       2292   sim300dz.o
      3708        762        496        168         20       5651   sms.o
      7168        160         64         12        240      18151   sockets.o
       776        124         56         24         10      13023   ssp_lpc17xx.o
        32          8        212          0        768        924   startup_lpc17xx.o
        36          0          0          0          0        565   sys.o
       580          0          0          0          0       5994   sys_arch.o
       664         82          0          4          0       1181   system_lpc17xx.o
      3468        318          0         80        300      15146   tasks.o
      4056        178        169         33          0      20754   tcp.o
      6684        318          0         32         20      15787   tcp_in.o
      3990         58          0          0          0       9639   tcp_out.o
      1400         44        112        136          0      11156   tcp_redirector.o
       828         78          0         12          0       9386   tcpip.o
      2684        136          0         12        129       9306   telnet.o
       180         10          0         12          0       3511   timers.o
      3024        458        112        136       2068      39365   uart_lpc17xx.o
      1796        200         15          0          0       4894   uartcontroltask.o
      1516         58          0          4          0       6773   udp.o
       596         54          0         12         68       8048   usb_netif.o
       536         44         69        180        712      24321   usb_rndis_lpc17xx.o
       116         26          0          1          0       1259   usbcontroller_lpc.o
        68         12          0         10          0       7251   usbtask.o
       344        198          0          0          0        551   user_error.o
      3028        552          0        548         40       5816   user_events.o
       424         56          0         12          0       8385   user_modbus.o
      3220        900          0        100        308      62846   user_task1.o
       340         70          0        320          0       8836   user_timers.o
       944         18          0         16          0       8768   vfs.o
      1292        146       1845          5        128       3134   wap.o
       260          8          0          0         72       2235   wdt.o

    ----------------------------------------------------------------------
    201640      18322       9491       4552      58836    1131351   Object Totals
         0          0         64          0          0          0   (incl. Generated)
        20          0          6         40         42          0   (incl. Padding)

    ----------------------------------------------------------------------

      Code (inc. data)   RO Data    RW Data    ZI Data      Debug   Library Member Name

        42          0          0          0          0         84   atof.o
        28          0          0          0          0         80   strtod.o
        56          8          0          0          0         84   __0sscanf.o
        92          0          0          0          0          0   __dczerorl2.o
        28          0          0          0          0         68   _chval.o
       812          6          0          0          0        112   _scanf.o
       336          0          0          0          0         96   _scanf_int.o
       342          0          0          0          0        100   _scanf_longlong.o
       218          0          0          0          0         96   _scanf_str.o
        64          0          0          0          0         84   _sgetc.o
       158          0          0          0          0         92   _strtoul.o
        26          0          0          0          0         80   atoi.o
        26          0          0          0          0         80   atol.o
         8          4        133          0          0         68   ctype_o.o
         0          0          0          0          0          0   entry.o
         0          0          0          0          0          0   entry10a.o
         0          0          0          0          0          0   entry11a.o
         8          4          0          0          0          0   entry2.o
         4          0          0          0          0          0   entry5.o
         0          0          0          0          0          0   entry7b.o
         0          0          0          0          0          0   entry8b.o
         8          4          0          0          0          0   entry9a.o
        32         16          0          4          0        204   errno.o
        30          0          0          0          0          0   handlers.o
        36          8          0          0          0         68   init.o
        18          0          0          0          0         76   isspace_o.o
         0          0          0          0          0          0   iusefp.o
        30          0          0          0          0         68   llshl.o
        36          0          0          0          0         68   llsshr.o
        32          0          0          0          0         68   llushr.o
       128          6         12          0          0         80   localtime_i.o
        26          0          0          0          0         80   memcmp.o
        64          0          0          0          0         76   memmovea.o
        36          0          0          0          0        108   memseta.o
       160         18         12          0          0         80   mktime.o
      2390        106          0          0          0        828   printfa.o
        36         10          0          4          0        136   rand.o
        40          8          0          0          0         84   scanf_char.o
       842         12          0          0          0        216   scanf_fp.o
        56          8          0          0          0         84   sscanf.o
         0          0          0          4          0          0   stdout.o
        24          0          0          0          0         68   strcat.o
        20          0          0          0          0         68   strchr.o
        28          0          0          0          0         76   strcmp.o
        18          0          0          0          0         68   strcpy.o
        14          0          0          0          0         68   strlen.o
        50          0          0          0          0         84   strncasecmp.o
        30          0          0          0          0         80   strncmp.o
        24          0          0          0          0         76   strncpy.o
        32          0          0          0          0         76   strpbrk.o
        32          0          0          0          0         68   strrchr.o
        36          0          0          0          0         80   strstr.o
       156         14          0          0          0        120   strtod.o
       112          0          0          0          0         88   strtol.o
        12          0          0          0          0         68   tolower.o
        12          0          0          0          0         68   toupper.o
        44          0          0          0          0         80   uidiv.o
        98          0          0          0          0         92   uldiv.o
        40          2          0          0          0         68   cdcmple.o
        40          2          0          0          0         68   cdrcmple.o
        20          0          0          0          0         68   cfcmple.o
        20          0          0          0          0         68   cfrcmple.o
        56          0          0          0          0         88   d2f.o
       334          0          0          0          0        148   dadd.o
       222          0          0          0          0        100   ddiv.o
       190          0          0          0          0        176   depilogue.o
        50          0          0          0          0         76   dfixui.o
        48          0          0          0          0         68   dfixul.o
        26          0          0          0          0         76   dfltui.o
        24          0          0          0          0         76   dfltul.o
       228          0          0          0          0         96   dmul.o
        38          0          0          0          0         68   f2d.o
       176          0          0          0          0        140   fadd.o
       128          0          0          0          0         88   fdiv.o
       108          0          0          0          0        168   fepilogue.o
        40          0          0          0          0         68   ffixui.o
        18          0          0          0          0         68   fflti.o
        10          0          0          0          0         68   ffltui.o
       108          0          0          0          0         76   fmul.o

    ----------------------------------------------------------------------
      8932        236        157         12          4       6696   Library Totals
        18          0          0          0          4          0   (incl. Padding)

    ----------------------------------------------------------------------

      Code (inc. data)   RO Data    RW Data    ZI Data      Debug   Library Name

        70          0          0          0          0        164   m_ws.l
      6920        232        157         12          0       4612   mc_w.l
      1924          4          0          0          0       1920   mf_w.l

    ----------------------------------------------------------------------
      8932        236        157         12          4       6696   Library Totals

    ----------------------------------------------------------------------

==============================================================================


      Code (inc. data)   RO Data    RW Data    ZI Data      Debug   

    210572      18558       9648       4564      58840    1122863   Grand Totals
    210572      18558       9648       1208      58840    1122863   ELF Image Totals (compressed)
    210572      18558       9648       1208          0          0   ROM Totals

==============================================================================

    Total RO  Size (Code + RO Data)               220220 ( 215.06kB)
    Total RW  Size (RW Data + ZI Data)             63404 (  61.92kB)
    Total ROM Size (Code + RO Data + RW Data)     221428 ( 216.24kB)

==============================================================================

