Archive member included to satisfy reference by file (symbol)

c:/program files (x86)/atmel/studio/7.0/toolchain/avr8/avr8-gnu-toolchain/bin/../lib/gcc/avr/5.4.0/../../../../avr/lib/avr5\libm.a(addsf3.o)
                              lib/ADC.o (__addsf3)
c:/program files (x86)/atmel/studio/7.0/toolchain/avr8/avr8-gnu-toolchain/bin/../lib/gcc/avr/5.4.0/../../../../avr/lib/avr5\libm.a(addsf3x.o)
                              c:/program files (x86)/atmel/studio/7.0/toolchain/avr8/avr8-gnu-toolchain/bin/../lib/gcc/avr/5.4.0/../../../../avr/lib/avr5\libm.a(addsf3.o) (__addsf3x)
c:/program files (x86)/atmel/studio/7.0/toolchain/avr8/avr8-gnu-toolchain/bin/../lib/gcc/avr/5.4.0/../../../../avr/lib/avr5\libm.a(fixunssfsi.o)
                              lib/ADC.o (__fixunssfsi)
c:/program files (x86)/atmel/studio/7.0/toolchain/avr8/avr8-gnu-toolchain/bin/../lib/gcc/avr/5.4.0/../../../../avr/lib/avr5\libm.a(floatsisf.o)
                              lib/ADC.o (__floatunsisf)
c:/program files (x86)/atmel/studio/7.0/toolchain/avr8/avr8-gnu-toolchain/bin/../lib/gcc/avr/5.4.0/../../../../avr/lib/avr5\libm.a(fp_inf.o)
                              c:/program files (x86)/atmel/studio/7.0/toolchain/avr8/avr8-gnu-toolchain/bin/../lib/gcc/avr/5.4.0/../../../../avr/lib/avr5\libm.a(addsf3x.o) (__fp_inf)
c:/program files (x86)/atmel/studio/7.0/toolchain/avr8/avr8-gnu-toolchain/bin/../lib/gcc/avr/5.4.0/../../../../avr/lib/avr5\libm.a(fp_nan.o)
                              c:/program files (x86)/atmel/studio/7.0/toolchain/avr8/avr8-gnu-toolchain/bin/../lib/gcc/avr/5.4.0/../../../../avr/lib/avr5\libm.a(addsf3x.o) (__fp_nan)
c:/program files (x86)/atmel/studio/7.0/toolchain/avr8/avr8-gnu-toolchain/bin/../lib/gcc/avr/5.4.0/../../../../avr/lib/avr5\libm.a(fp_pscA.o)
                              c:/program files (x86)/atmel/studio/7.0/toolchain/avr8/avr8-gnu-toolchain/bin/../lib/gcc/avr/5.4.0/../../../../avr/lib/avr5\libm.a(addsf3x.o) (__fp_pscA)
c:/program files (x86)/atmel/studio/7.0/toolchain/avr8/avr8-gnu-toolchain/bin/../lib/gcc/avr/5.4.0/../../../../avr/lib/avr5\libm.a(fp_pscB.o)
                              c:/program files (x86)/atmel/studio/7.0/toolchain/avr8/avr8-gnu-toolchain/bin/../lib/gcc/avr/5.4.0/../../../../avr/lib/avr5\libm.a(addsf3x.o) (__fp_pscB)
c:/program files (x86)/atmel/studio/7.0/toolchain/avr8/avr8-gnu-toolchain/bin/../lib/gcc/avr/5.4.0/../../../../avr/lib/avr5\libm.a(fp_round.o)
                              c:/program files (x86)/atmel/studio/7.0/toolchain/avr8/avr8-gnu-toolchain/bin/../lib/gcc/avr/5.4.0/../../../../avr/lib/avr5\libm.a(addsf3.o) (__fp_round)
c:/program files (x86)/atmel/studio/7.0/toolchain/avr8/avr8-gnu-toolchain/bin/../lib/gcc/avr/5.4.0/../../../../avr/lib/avr5\libm.a(fp_split3.o)
                              c:/program files (x86)/atmel/studio/7.0/toolchain/avr8/avr8-gnu-toolchain/bin/../lib/gcc/avr/5.4.0/../../../../avr/lib/avr5\libm.a(addsf3x.o) (__fp_split3)
c:/program files (x86)/atmel/studio/7.0/toolchain/avr8/avr8-gnu-toolchain/bin/../lib/gcc/avr/5.4.0/../../../../avr/lib/avr5\libm.a(fp_zero.o)
                              c:/program files (x86)/atmel/studio/7.0/toolchain/avr8/avr8-gnu-toolchain/bin/../lib/gcc/avr/5.4.0/../../../../avr/lib/avr5\libm.a(addsf3x.o) (__fp_zero)
c:/program files (x86)/atmel/studio/7.0/toolchain/avr8/avr8-gnu-toolchain/bin/../lib/gcc/avr/5.4.0/../../../../avr/lib/avr5\libm.a(mulsf3.o)
                              lib/ADC.o (__mulsf3)
c:/program files (x86)/atmel/studio/7.0/toolchain/avr8/avr8-gnu-toolchain/bin/../lib/gcc/avr/5.4.0/../../../../avr/lib/avr5\libm.a(mulsf3x.o)
                              c:/program files (x86)/atmel/studio/7.0/toolchain/avr8/avr8-gnu-toolchain/bin/../lib/gcc/avr/5.4.0/../../../../avr/lib/avr5\libm.a(mulsf3.o) (__mulsf3x)
c:/program files (x86)/atmel/studio/7.0/toolchain/avr8/avr8-gnu-toolchain/bin/../lib/gcc/avr/5.4.0/avr5\libgcc.a(_udivmodhi4.o)
                              lib/freq.o (__udivmodhi4)
c:/program files (x86)/atmel/studio/7.0/toolchain/avr8/avr8-gnu-toolchain/bin/../lib/gcc/avr/5.4.0/avr5\libgcc.a(_udivmodsi4.o)
                              lib/freq.o (__udivmodsi4)
c:/program files (x86)/atmel/studio/7.0/toolchain/avr8/avr8-gnu-toolchain/bin/../lib/gcc/avr/5.4.0/avr5\libgcc.a(_divmodsi4.o)
                              lib/freq.o (__divmodsi4)
c:/program files (x86)/atmel/studio/7.0/toolchain/avr8/avr8-gnu-toolchain/bin/../lib/gcc/avr/5.4.0/avr5\libgcc.a(_negsi2.o)
                              c:/program files (x86)/atmel/studio/7.0/toolchain/avr8/avr8-gnu-toolchain/bin/../lib/gcc/avr/5.4.0/avr5\libgcc.a(_divmodsi4.o) (__negsi2)
c:/program files (x86)/atmel/studio/7.0/toolchain/avr8/avr8-gnu-toolchain/bin/../lib/gcc/avr/5.4.0/avr5\libgcc.a(_exit.o)
                              C:/Program Files (x86)/Atmel/Studio/7.0/Packs/atmel/ATmega_DFP/1.0.90/gcc/dev/atmega168pa/avr5/crtatmega168pa.o (exit)
[...]
Memory Configuration

Name             Origin             Length             Attributes
text             0x00000000         0x00020000         xr
data             0x00800060         0x0000ffa0         rw !x
eeprom           0x00810000         0x00010000         rw !x
fuse             0x00820000         0x00000400         rw !x
lock             0x00830000         0x00000400         rw !x
signature        0x00840000         0x00000400         rw !x
user_signatures  0x00850000         0x00000400         rw !x
*default*        0x00000000         0xffffffff

Linker script and memory map

Address of section .data set to 0x800100
LOAD C:/Program Files (x86)/Atmel/Studio/7.0/Packs/atmel/ATmega_DFP/1.0.90/gcc/dev/atmega168pa/avr5/crtatmega168pa.o
LOAD lib/ADC.o
LOAD lib/Button.o
LOAD lib/event.o
LOAD lib/freq.o
LOAD lib/i2c.o
LOAD lib/LCD_133X65_UC1601S.o
LOAD lib/modbus/mbfanction0.o
LOAD lib/modbus/MBServer.o
LOAD lib/timer.o
LOAD lib/uart.o
LOAD main.o
START GROUP
LOAD c:/program files (x86)/atmel/studio/7.0/toolchain/avr8/avr8-gnu-toolchain/bin/../lib/gcc/avr/5.4.0/../../../../avr/lib/avr5\libm.a
END GROUP
START GROUP
LOAD c:/program files (x86)/atmel/studio/7.0/toolchain/avr8/avr8-gnu-toolchain/bin/../lib/gcc/avr/5.4.0/avr5\libgcc.a
LOAD c:/program files (x86)/atmel/studio/7.0/toolchain/avr8/avr8-gnu-toolchain/bin/../lib/gcc/avr/5.4.0/../../../../avr/lib/avr5\libm.a
LOAD c:/program files (x86)/atmel/studio/7.0/toolchain/avr8/avr8-gnu-toolchain/bin/../lib/gcc/avr/5.4.0/../../../../avr/lib/avr5\libc.a
LOAD C:/Program Files (x86)/Atmel/Studio/7.0/Packs/atmel/ATmega_DFP/1.0.90/gcc/dev/atmega168pa/avr5\libatmega168pa.a
END GROUP
                0x00020000                __TEXT_REGION_LENGTH__ = DEFINED (__TEXT_REGION_LENGTH__)?__TEXT_REGION_LENGTH__:0x20000
                0x0000ffa0                __DATA_REGION_LENGTH__ = DEFINED (__DATA_REGION_LENGTH__)?__DATA_REGION_LENGTH__:0xffa0
                0x00010000                __EEPROM_REGION_LENGTH__ = DEFINED (__EEPROM_REGION_LENGTH__)?__EEPROM_REGION_LENGTH__:0x10000
                0x00000400                __FUSE_REGION_LENGTH__ = DEFINED (__FUSE_REGION_LENGTH__)?__FUSE_REGION_LENGTH__:0x400
                0x00000400                __LOCK_REGION_LENGTH__ = DEFINED (__LOCK_REGION_LENGTH__)?__LOCK_REGION_LENGTH__:0x400
                0x00000400                __SIGNATURE_REGION_LENGTH__ = DEFINED (__SIGNATURE_REGION_LENGTH__)?__SIGNATURE_REGION_LENGTH__:0x400
                0x00000400                __USER_SIGNATURE_REGION_LENGTH__ = DEFINED (__USER_SIGNATURE_REGION_LENGTH__)?__USER_SIGNATURE_REGION_LENGTH__:0x400

.hash
 *(.hash)

.dynsym
 *(.dynsym)

.dynstr
 *(.dynstr)

.gnu.version
 *(.gnu.version)

.gnu.version_d
 *(.gnu.version_d)

.gnu.version_r
 *(.gnu.version_r)

.rel.init
 *(.rel.init)

.rela.init
 *(.rela.init)

.rel.text
 *(.rel.text)
 *(.rel.text.*)
 *(.rel.gnu.linkonce.t*)

.rela.text
 *(.rela.text)
 *(.rela.text.*)
 *(.rela.gnu.linkonce.t*)

.rel.fini
 *(.rel.fini)

.rela.fini
 *(.rela.fini)

.rel.rodata
 *(.rel.rodata)
 *(.rel.rodata.*)
 *(.rel.gnu.linkonce.r*)

.rela.rodata
 *(.rela.rodata)
 *(.rela.rodata.*)
 *(.rela.gnu.linkonce.r*)

.rel.data
 *(.rel.data)
 *(.rel.data.*)
 *(.rel.gnu.linkonce.d*)

.rela.data
 *(.rela.data)
 *(.rela.data.*)
 *(.rela.gnu.linkonce.d*)

.rel.ctors
 *(.rel.ctors)

.rela.ctors
 *(.rela.ctors)

.rel.dtors
 *(.rel.dtors)

.rela.dtors
 *(.rela.dtors)

.rel.got
 *(.rel.got)

.rela.got
 *(.rela.got)

.rel.bss
 *(.rel.bss)

.rela.bss
 *(.rela.bss)

.rel.plt
 *(.rel.plt)

.rela.plt
 *(.rela.plt)

.text           0x00000000     0x39cc
 *(.vectors)
 .vectors       0x00000000       0x68 C:/Program Files (x86)/Atmel/Studio/7.0/Packs/atmel/ATmega_DFP/1.0.90/gcc/dev/atmega168pa/avr5/crtatmega168pa.o
                0x00000000                __vector_default
                0x00000000                __vectors
 *(.vectors)
 *(.progmem.gcc*)
 .progmem.gcc_sw_table.rs232_baud_select_event_cb
                0x00000068        0xe main.o
 .progmem.gcc_sw_table.rs232_event_cb
                0x00000076       0x12 main.o
                0x00000088                . = ALIGN (0x2)
                0x00000088                __trampolines_start = .
 *(.trampolines)
 .trampolines   0x00000088        0x0 linker stubs
 *(.trampolines*)
                0x00000088                __trampolines_end = .
 *libprintf_flt.a:*(.progmem.data)
 *libc.a:*(.progmem.data)
 *(.progmem*)
 .progmem.data.font11x15
                0x00000088      0x134 lib/LCD_133X65_UC1601S.o
                0x00000088                font11x15
 .progmem.data.font
                0x000001bc      0x31b lib/LCD_133X65_UC1601S.o
                0x000001bc                font
 .progmem.data.__c.3175
                0x000004d7        0x6 main.o
 .progmem.data.__c.3173
                0x000004dd        0x6 main.o
 .progmem.data.__c.3056
                0x000004e3        0x7 main.o
 .progmem.data.frame_rs485_main
                0x000004ea       0x10 main.o
                0x000004ea                frame_rs485_main
 .progmem.data.frame_rs232_main
                0x000004fa       0x10 main.o
                0x000004fa                frame_rs232_main
 .progmem.data.frame_param_adjust
                0x0000050a       0x10 main.o
                0x0000050a                frame_param_adjust
 .progmem.data.frame_baud_select
                0x0000051a       0x10 main.o
                0x0000051a                frame_baud_select
 .progmem.data.frame_id_select
                0x0000052a       0x10 main.o
                0x0000052a                frame_id_select
 .progmem.data.frame_analog
                0x0000053a       0x10 main.o
                0x0000053a                frame_analog
 .progmem.data.frame_freq
                0x0000054a       0x10 main.o
                0x0000054a                frame_freq
 .progmem.data.frame_rs232_settings
                0x0000055a       0x10 main.o
                0x0000055a                frame_rs232_settings
 .progmem.data.frame_rs232
                0x0000056a       0x18 main.o
                0x0000056a                frame_rs232
 .progmem.data.frame_mode_select
                0x00000582       0x10 main.o
                0x00000582                frame_mode_select
 .progmem.data.str_f8_5
                0x00000592        0xe main.o
                0x00000592                str_f8_5
 .progmem.data.str_f8_0
                0x000005a0       0x15 main.o
                0x000005a0                str_f8_0
 .progmem.data.str_f7_7
                0x000005b5        0xf main.o
                0x000005b5                str_f7_7
 .progmem.data.str_f7_5
                0x000005c4       0x15 main.o
                0x000005c4                str_f7_5
 .progmem.data.str_f7_3
                0x000005d9       0x16 main.o
                0x000005d9                str_f7_3
 .progmem.data.str_f7_2
                0x000005ef       0x15 main.o
                0x000005ef                str_f7_2
 .progmem.data.str_f7_0
                0x00000604       0x17 main.o
                0x00000604                str_f7_0
 .progmem.data.str_okcn
                0x0000061b       0x15 main.o
                0x0000061b                str_okcn
 .progmem.data.str_f6_3
                0x00000630       0x13 main.o
                0x00000630                str_f6_3
 .progmem.data.str_f6_0
                0x00000643       0x17 main.o
                0x00000643                str_f6_0
 .progmem.data.str_f5_0
                0x0000065a       0x17 main.o
                0x0000065a                str_f5_0
 .progmem.data.str_excl
                0x00000671       0x16 main.o
                0x00000671                str_excl
 .progmem.data.str_f4_0
                0x00000687       0x17 main.o
                0x00000687                str_f4_0
 .progmem.data.str_title_rs485
                0x0000069e       0x17 main.o
                0x0000069e                str_title_rs485
 .progmem.data.str_interval
                0x000006b5       0x11 main.o
                0x000006b5                str_interval
 .progmem.data.str_auto_send
                0x000006c6        0xe main.o
                0x000006c6                str_auto_send
 .progmem.data.str_net_mode
                0x000006d4        0xe main.o
                0x000006d4                str_net_mode
 .progmem.data.str_baudrate
                0x000006e2        0x9 main.o
                0x000006e2                str_baudrate
 .progmem.data.str_id
                0x000006eb        0x3 main.o
                0x000006eb                str_id
 .progmem.data.str_f2_0
                0x000006ee       0x17 main.o
                0x000006ee                str_f2_0
 .progmem.data.str_no_conn
                0x00000705       0x11 main.o
                0x00000705                str_no_conn
 .progmem.data.str_text_mode
                0x00000716        0x5 main.o
                0x00000716                str_text_mode
 .progmem.data.str_bin_mode
                0x0000071b        0x4 main.o
                0x0000071b                str_bin_mode
 .progmem.data.str_off
                0x0000071f        0x5 main.o
                0x0000071f                str_off
 .progmem.data.str_on
                0x00000724        0x4 main.o
                0x00000724                str_on
 .progmem.data.str_current_draw
                0x00000728        0x6 main.o
                0x00000728                str_current_draw
 .progmem.data.str_exit
                0x0000072e        0x6 main.o
                0x0000072e                str_exit
 .progmem.data.str_conn_settings
                0x00000734       0x10 main.o
                0x00000734                str_conn_settings
 .progmem.data.str_t_average
                0x00000744        0xb main.o
                0x00000744                str_t_average
 .progmem.data.str_n_max
                0x0000074f        0x5 main.o
                0x0000074f                str_n_max
 .progmem.data.str_full_tank
                0x00000754        0xa main.o
                0x00000754                str_full_tank
 .progmem.data.str_empty_tank
                0x0000075e        0xb main.o
                0x0000075e                str_empty_tank
 .progmem.data.str_param_edit
                0x00000769       0x13 main.o
                0x00000769                str_param_edit
 .progmem.data.str_modbus_error
                0x0000077c        0x7 main.o
                0x0000077c                str_modbus_error
 .progmem.data.str_freq
                0x00000783        0xa main.o
                0x00000783                str_f0_1
                0x00000783                str_freq
 .progmem.data.str_level_n
                0x0000078d        0xb main.o
                0x0000078d                str_level_n
 .progmem.data.str_level_precent
                0x00000798        0xb main.o
                0x00000798                str_level_precent
 .progmem.data.str_title_rs232
                0x000007a3       0x17 main.o
                0x000007a3                str_title_rs232
 .progmem.data.str_exset
                0x000007ba       0x16 main.o
                0x000007ba                str_exset
 .progmem.data.str_f0_7
                0x000007d0       0x11 main.o
                0x000007d0                str_f0_7
 .progmem.data.str_f0_4
                0x000007e1        0x7 main.o
                0x000007e1                str_f0_4
 .progmem.data.str_f0_3
                0x000007e8        0x7 main.o
                0x000007e8                str_f0_3
 .progmem.data.str_f0_2
                0x000007ef        0xb main.o
                0x000007ef                str_f0_2
 .progmem.data.str_f0_0
                0x000007fa       0x17 main.o
                0x000007fa                str_f0_0
 .progmem.data.str_null
                0x00000811        0x1 main.o
                0x00000811                str_null
 .progmem.data.str_cal_error
                0x00000812       0x15 main.o
                0x00000812                str_cal_error
 .progmem.data.str_cal_check
                0x00000827       0x15 main.o
                0x00000827                str_cal_check
 .progmem.data.str_cal_success
                0x0000083c       0x16 main.o
                0x0000083c                str_cal_success
 .progmem.data.str_cal_in_progress
                0x00000852       0x15 main.o
                0x00000852                str_cal_in_progress
 .progmem.data.str_connect_electrode
                0x00000867       0x16 main.o
                0x00000867                str_connect_electrode
 .progmem.data.str_disconnect_electrode
                0x0000087d       0x16 main.o
                0x0000087d                str_disconnect_electrode
 .progmem.data.STR_FW_VERSION
                0x00000893        0x6 main.o
                0x00000893                STR_FW_VERSION
 .progmem.data.STR_FW_TITLE
                0x00000899        0xb main.o
                0x00000899                STR_FW_TITLE
 .progmem.data.STR_DEVICE_NAME
                0x000008a4        0xd main.o
                0x000008a4                STR_DEVICE_NAME
                0x000008b2                . = ALIGN (0x2)
 *fill*         0x000008b1        0x1 
 *(.jumptables)
 *(.jumptables*)
 *(.lowtext)
 *(.lowtext*)
                0x000008b2                __ctors_start = .
 *(.ctors)
                0x000008b2                __ctors_end = .
                0x000008b2                __dtors_start = .
 *(.dtors)
                0x000008b2                __dtors_end = .
 SORT(*)(.ctors)
 SORT(*)(.dtors)
 *(.init0)
 .init0         0x000008b2        0x0 C:/Program Files (x86)/Atmel/Studio/7.0/Packs/atmel/ATmega_DFP/1.0.90/gcc/dev/atmega168pa/avr5/crtatmega168pa.o
                0x000008b2                __init
 *(.init0)
 *(.init1)
 *(.init1)
 *(.init2)
 .init2         0x000008b2        0xc C:/Program Files (x86)/Atmel/Studio/7.0/Packs/atmel/ATmega_DFP/1.0.90/gcc/dev/atmega168pa/avr5/crtatmega168pa.o
 *(.init2)
 *(.init3)
 *(.init3)
 *(.init4)
 .init4         0x000008be       0x16 c:/program files (x86)/atmel/studio/7.0/toolchain/avr8/avr8-gnu-toolchain/bin/../lib/gcc/avr/5.4.0/avr5\libgcc.a(_copy_data.o)
                0x000008be                __do_copy_data
 .init4         0x000008d4       0x10 c:/program files (x86)/atmel/studio/7.0/toolchain/avr8/avr8-gnu-toolchain/bin/../lib/gcc/avr/5.4.0/avr5\libgcc.a(_clear_bss.o)
                0x000008d4                __do_clear_bss
 *(.init4)
 *(.init5)
 *(.init5)
 *(.init6)
 *(.init6)
 *(.init7)
 *(.init7)
 *(.init8)
 *(.init8)
 *(.init9)
 .init9         0x000008e4        0x8 C:/Program Files (x86)/Atmel/Studio/7.0/Packs/atmel/ATmega_DFP/1.0.90/gcc/dev/atmega168pa/avr5/crtatmega168pa.o
 *(.init9)
 *(.text)
 .text          0x000008ec        0x2 C:/Program Files (x86)/Atmel/Studio/7.0/Packs/atmel/ATmega_DFP/1.0.90/gcc/dev/atmega168pa/avr5/crtatmega168pa.o
                0x000008ec                __vector_22
                0x000008ec                __vector_1
                0x000008ec                __vector_24
                0x000008ec                __vector_12
                0x000008ec                __bad_interrupt
                0x000008ec                __vector_6
                0x000008ec                __vector_3
                0x000008ec                __vector_23
                0x000008ec                __vector_25
                0x000008ec                __vector_11
                0x000008ec                __vector_17
                0x000008ec                __vector_5
                0x000008ec                __vector_4
                0x000008ec                __vector_21
                0x000008ec                __vector_15
                0x000008ec                __vector_8
                0x000008ec                __vector_14
                0x000008ee                . = ALIGN (0x2)
 *(.text.*)
 .text.ADC_start_conversion
                0x000008ee       0x1c lib/ADC.o
 .text.ADC_ready
                0x0000090a       0x74 lib/ADC.o
                0x0000090a                ADC_ready
 .text.ADC_enable
                0x0000097e       0x18 lib/ADC.o
                0x0000097e                ADC_enable
 .text.ADC_convert_sensor_voltage
                0x00000996       0x1e lib/ADC.o
                0x00000996                ADC_convert_sensor_voltage
 .text.ADC_convert_supply_current
                0x000009b4       0x2a lib/ADC.o
                0x000009b4                ADC_convert_supply_current
 .text.ADC_read
                0x000009de       0x14 lib/ADC.o
                0x000009de                ADC_read
 .text.ADC_disable
                0x000009f2       0x18 lib/ADC.o
                0x000009f2                ADC_disable
 .text.debounce_keys
                0x00000a0a       0x7c lib/Button.o
                0x00000a0a                debounce_keys
 .text.get_key_press
                0x00000a86       0x16 lib/Button.o
                0x00000a86                get_key_press
 .text.get_key_rpt
                0x00000a9c       0x16 lib/Button.o
                0x00000a9c                get_key_rpt
 .text.get_key_short
                0x00000ab2        0xe lib/Button.o
                0x00000ab2                get_key_short
 .text.get_key_long
                0x00000ac0        0x6 lib/Button.o
                0x00000ac0                get_key_long
 .text.get_key_rpt_l
                0x00000ac6        0xc lib/Button.o
                0x00000ac6                get_key_rpt_l
 .text.key_handler_init
                0x00000ad2       0x22 lib/Button.o
                0x00000ad2                key_handler_init
 .text.task_register
                0x00000af4       0x10 lib/event.o
                0x00000af4                task_register
 .text.task_set_type
                0x00000b04        0x6 lib/event.o
                0x00000b04                task_set_type
 .text.task_set_id
                0x00000b0a        0x6 lib/event.o
                0x00000b0a                task_set_id
 .text.soft_PWM_start
                0x00000b10       0x3c lib/freq.o
                0x00000b10                soft_PWM_start
 .text.soft_PWM_stop
                0x00000b4c       0x16 lib/freq.o
                0x00000b4c                soft_PWM_stop
 .text.__vector_7
                0x00000b62        0x4 lib/freq.o
                0x00000b62                __vector_7
 .text.frequency_measurement_start
                0x00000b66       0x28 lib/freq.o
                0x00000b66                frequency_measurement_start
 .text.frequency_measurement_stop
                0x00000b8e       0x14 lib/freq.o
                0x00000b8e                frequency_measurement_stop
 .text.get_frequency
                0x00000ba2       0x68 lib/freq.o
                0x00000ba2                get_frequency
 .text.__vector_10
                0x00000c0a       0x62 lib/freq.o
                0x00000c0a                __vector_10
 .text.__vector_13
                0x00000c6c       0x3a lib/freq.o
                0x00000c6c                __vector_13
 .text.i2c_init
                0x00000ca6       0x12 lib/i2c.o
                0x00000ca6                i2c_init
 .text.i2c_disable
                0x00000cb8        0xc lib/i2c.o
                0x00000cb8                i2c_disable
 .text.i2c_busy_wait
                0x00000cc4       0x2a lib/i2c.o
 .text.i2c_start
                0x00000cee        0xa lib/i2c.o
                0x00000cee                i2c_start
 .text.i2c_stop
                0x00000cf8       0x10 lib/i2c.o
                0x00000cf8                i2c_stop
 .text.i2c_write
                0x00000d08        0xe lib/i2c.o
                0x00000d08                i2c_write
 .text.LCD_write_reg
                0x00000d16       0x14 lib/LCD_133X65_UC1601S.o
 .text.LCD_disable
                0x00000d2a        0x6 lib/LCD_133X65_UC1601S.o
                0x00000d2a                LCD_disable
 .text.LCD_open
                0x00000d30        0x8 lib/LCD_133X65_UC1601S.o
                0x00000d30                LCD_open
 .text.LCD_putchar
                0x00000d38       0x54 lib/LCD_133X65_UC1601S.o
                0x00000d38                LCD_putchar
 .text._LCD_putchar
                0x00000d8c        0xa lib/LCD_133X65_UC1601S.o
 .text.LCD_close
                0x00000d96        0x4 lib/LCD_133X65_UC1601S.o
                0x00000d96                LCD_close
 .text.LCD_goto
                0x00000d9a       0x24 lib/LCD_133X65_UC1601S.o
                0x00000d9a                LCD_goto
 .text.LCD_put_large_digit
                0x00000dbe       0x72 lib/LCD_133X65_UC1601S.o
 .text.LCD_put_large_int
                0x00000e30      0x13a lib/LCD_133X65_UC1601S.o
                0x00000e30                LCD_put_large_int
 .text.LCD_put_hz
                0x00000f6a       0x3a lib/LCD_133X65_UC1601S.o
                0x00000f6a                LCD_put_hz
 .text.LCD_put_volts
                0x00000fa4       0x2a lib/LCD_133X65_UC1601S.o
                0x00000fa4                LCD_put_volts
 .text.LCD_clear
                0x00000fce       0x2e lib/LCD_133X65_UC1601S.o
                0x00000fce                LCD_clear
 .text.LCD_init
                0x00000ffc       0x48 lib/LCD_133X65_UC1601S.o
                0x00000ffc                LCD_init
 .text.StartModbusTimer0
                0x00001044       0x10 lib/modbus/mbfanction0.o
 .text.crc16.constprop.0
                0x00001054       0x42 lib/modbus/mbfanction0.o
 .text.CheckCRC0
                0x00001096       0x24 lib/modbus/mbfanction0.o
                0x00001096                CheckCRC0
 .text.MBSerialSend
                0x000010ba       0x86 lib/modbus/mbfanction0.o
                0x000010ba                MBSerialSend
 .text.UartReceivePacket
                0x00001140       0x2e lib/modbus/mbfanction0.o
                0x00001140                UartReceivePacket
 .text.check_modbus_packet
                0x0000116e       0x6c lib/modbus/mbfanction0.o
                0x0000116e                check_modbus_packet
 .text.__vector_18
                0x000011da       0xb8 lib/modbus/mbfanction0.o
                0x000011da                __vector_18
 .text.__vector_20
                0x00001292       0x3e lib/modbus/mbfanction0.o
                0x00001292                __vector_20
 .text.__vector_19
                0x000012d0       0x88 lib/modbus/mbfanction0.o
                0x000012d0                __vector_19
 .text.__vector_9
                0x00001358       0x22 lib/modbus/mbfanction0.o
                0x00001358                __vector_9
 .text.modbus_ok
                0x0000137a       0x42 lib/modbus/MBServer.o
 .text.memrevercy.constprop.0
                0x000013bc       0x14 lib/modbus/MBServer.o
 .text.Modbus_enable
                0x000013d0       0x1c lib/modbus/MBServer.o
                0x000013d0                Modbus_enable
 .text.Modbus_disable
                0x000013ec       0x14 lib/modbus/MBServer.o
                0x000013ec                Modbus_disable
 .text.ServerReadInputRegister
                0x00001400       0x18 lib/modbus/MBServer.o
                0x00001400                ServerReadInputRegister
 .text.ServerWriteSingleRegister
                0x00001418       0x18 lib/modbus/MBServer.o
                0x00001418                ServerWriteSingleRegister
 .text.modbus_get_id
                0x00001430        0x6 lib/modbus/MBServer.o
                0x00001430                modbus_get_id
 .text.modbus_write_ok
                0x00001436        0xa lib/modbus/MBServer.o
                0x00001436                modbus_write_ok
 .text.modbus_read_ok
                0x00001440        0xa lib/modbus/MBServer.o
                0x00001440                modbus_read_ok
 .text.GetInpRegsUSHORT
                0x0000144a       0x24 lib/modbus/MBServer.o
                0x0000144a                GetInpRegsUSHORT
 .text.GetInpRegsFLOAT
                0x0000146e       0x46 lib/modbus/MBServer.o
                0x0000146e                GetInpRegsFLOAT
 .text.GetInpRegsLONG
                0x000014b4       0x46 lib/modbus/MBServer.o
                0x000014b4                GetInpRegsLONG
 .text.schedule_delayed_sleep
                0x000014fa       0x14 lib/timer.o
                0x000014fa                schedule_delayed_sleep
 .text.sleep_timer_reset
                0x0000150e       0x16 lib/timer.o
                0x0000150e                sleep_timer_reset
 .text.ready_to_sleep
                0x00001524        0x8 lib/timer.o
                0x00001524                ready_to_sleep
 .text.timer0_reset
                0x0000152c       0x14 lib/timer.o
                0x0000152c                timer0_reset
 .text.timer0_preload_ms
                0x00001540       0x12 lib/timer.o
                0x00001540                timer0_preload_ms
 .text.timer0_expired
                0x00001552       0x12 lib/timer.o
                0x00001552                timer0_expired
 .text.timer3s_reset
                0x00001564       0x14 lib/timer.o
                0x00001564                timer3s_reset
 .text.timer3s_expired
                0x00001578       0x12 lib/timer.o
                0x00001578                timer3s_expired
 .text.make_annoying_beep
                0x0000158a       0x22 lib/timer.o
                0x0000158a                make_annoying_beep
 .text.__vector_16
                0x000015ac      0x17e lib/timer.o
                0x000015ac                __vector_16
 .text.UART_init
                0x0000172a       0x52 lib/uart.o
                0x0000172a                UART_init
 .text.UART_disable
                0x0000177c        0xe lib/uart.o
                0x0000177c                UART_disable
 .text.rs485_disable
                0x0000178a        0x6 main.o
 .text.rs232_enable
                0x00001790        0x6 main.o
 .text.rs232_disable
                0x00001796        0x6 main.o
 .text.fb_clear_line
                0x0000179c       0x26 main.o
 .text.menu_row_highlight
                0x000017c2        0xe main.o
 .text.load_frame
                0x000017d0       0x5a main.o
 .text.redraw_partial
                0x0000182a      0x112 main.o
 .text.redraw   0x0000193c       0x1c main.o
 .text.fb_put_tag_str
                0x00001958       0x4a main.o
 .text.fb_put_str
                0x000019a2       0x30 main.o
 .text.lcpy.3054
                0x000019d2       0x78 main.o
 .text.fb_put_tag
                0x00001a4a       0x62 main.o
 .text.modbus_poll_wr
                0x00001aac       0x2a main.o
 .text.rs232_param_adjust_event_cb
                0x00001ad6      0x2a0 main.o
 .text.rs232_baud_select_event_cb
                0x00001d76      0x136 main.o
 .text.modbus_poll_r
                0x00001eac       0x2c main.o
 .text.print_ushort_register
                0x00001ed8       0x3a main.o
 .text.rs232_settings_event_cb
                0x00001f12      0x270 main.o
 .text.print_float_register
                0x00002182       0x3c main.o
 .text.mode_select_event_cb
                0x000021be       0xe8 main.o
 .text.fb_put_str_redraw.constprop.1
                0x000022a6        0xc main.o
 .text.fb_put_tag_at.constprop.2
                0x000022b2       0x66 main.o
 .text.fb_put_u8.constprop.3
                0x00002318       0x50 main.o
 .text.rs232_id_select_event_cb
                0x00002368      0x132 main.o
 .text.try_to_sleep
                0x0000249a      0x16e main.o
 .text.rs232_event_cb
                0x00002608      0x566 main.o
 .text.main_event_cb
                0x00002b6e      0x6b0 main.o
 .text.create_frames
                0x0000321e       0x56 main.o
                0x0000321e                create_frames
 .text.LCD_puts
                0x00003274       0x30 main.o
                0x00003274                LCD_puts
 .text.boot_logo_display
                0x000032a4       0x90 main.o
                0x000032a4                boot_logo_display
 .text.__vector_2
                0x00003334       0x14 main.o
                0x00003334                __vector_2
 .text.main     0x00003348      0x124 main.o
                0x00003348                main
 .text.avr-libc.fplib
                0x0000346c        0xa c:/program files (x86)/atmel/studio/7.0/toolchain/avr8/avr8-gnu-toolchain/bin/../lib/gcc/avr/5.4.0/../../../../avr/lib/avr5\libm.a(addsf3.o)
                0x0000346c                __subsf3
                0x0000346e                __addsf3
 .text.avr-libc.fplib
                0x00003476       0xc0 c:/program files (x86)/atmel/studio/7.0/toolchain/avr8/avr8-gnu-toolchain/bin/../lib/gcc/avr/5.4.0/../../../../avr/lib/avr5\libm.a(addsf3x.o)
                0x00003490                __addsf3x
 .text.avr-libc.fplib
                0x00003536       0x58 c:/program files (x86)/atmel/studio/7.0/toolchain/avr8/avr8-gnu-toolchain/bin/../lib/gcc/avr/5.4.0/../../../../avr/lib/avr5\libm.a(fixunssfsi.o)
                0x00003536                __fixunssfsi
 .text.avr-libc.fplib
                0x0000358e       0x7a c:/program files (x86)/atmel/studio/7.0/toolchain/avr8/avr8-gnu-toolchain/bin/../lib/gcc/avr/5.4.0/../../../../avr/lib/avr5\libm.a(floatsisf.o)
                0x0000358e                __floatunsisf
                0x00003592                __floatsisf
 .text.avr-libc.fplib
                0x00003608        0xc c:/program files (x86)/atmel/studio/7.0/toolchain/avr8/avr8-gnu-toolchain/bin/../lib/gcc/avr/5.4.0/../../../../avr/lib/avr5\libm.a(fp_inf.o)
                0x00003608                __fp_inf
 .text.avr-libc.fplib
                0x00003614        0x6 c:/program files (x86)/atmel/studio/7.0/toolchain/avr8/avr8-gnu-toolchain/bin/../lib/gcc/avr/5.4.0/../../../../avr/lib/avr5\libm.a(fp_nan.o)
                0x00003614                __fp_nan
 .text.avr-libc.fplib
                0x0000361a        0xe c:/program files (x86)/atmel/studio/7.0/toolchain/avr8/avr8-gnu-toolchain/bin/../lib/gcc/avr/5.4.0/../../../../avr/lib/avr5\libm.a(fp_pscA.o)
                0x0000361a                __fp_pscA
 .text.avr-libc.fplib
                0x00003628        0xe c:/program files (x86)/atmel/studio/7.0/toolchain/avr8/avr8-gnu-toolchain/bin/../lib/gcc/avr/5.4.0/../../../../avr/lib/avr5\libm.a(fp_pscB.o)
                0x00003628                __fp_pscB
 .text.avr-libc.fplib
                0x00003636       0x22 c:/program files (x86)/atmel/studio/7.0/toolchain/avr8/avr8-gnu-toolchain/bin/../lib/gcc/avr/5.4.0/../../../../avr/lib/avr5\libm.a(fp_round.o)
                0x00003636                __fp_round
 .text.avr-libc.fplib
                0x00003658       0x44 c:/program files (x86)/atmel/studio/7.0/toolchain/avr8/avr8-gnu-toolchain/bin/../lib/gcc/avr/5.4.0/../../../../avr/lib/avr5\libm.a(fp_split3.o)
                0x00003658                __fp_split3
                0x00003668                __fp_splitA
 .text.avr-libc.fplib
                0x0000369c        0xe c:/program files (x86)/atmel/studio/7.0/toolchain/avr8/avr8-gnu-toolchain/bin/../lib/gcc/avr/5.4.0/../../../../avr/lib/avr5\libm.a(fp_zero.o)
                0x0000369c                __fp_zero
                0x0000369e                __fp_szero
 .text.avr-libc.fplib
                0x000036aa        0x4 c:/program files (x86)/atmel/studio/7.0/toolchain/avr8/avr8-gnu-toolchain/bin/../lib/gcc/avr/5.4.0/../../../../avr/lib/avr5\libm.a(mulsf3.o)
                0x000036aa                __mulsf3
 .text.avr-libc.fplib
                0x000036ae       0xc2 c:/program files (x86)/atmel/studio/7.0/toolchain/avr8/avr8-gnu-toolchain/bin/../lib/gcc/avr/5.4.0/../../../../avr/lib/avr5\libm.a(mulsf3x.o)
                0x000036c2                __mulsf3x
                0x000036c6                __mulsf3_pse
 .text.libgcc.div
                0x00003770       0x28 c:/program files (x86)/atmel/studio/7.0/toolchain/avr8/avr8-gnu-toolchain/bin/../lib/gcc/avr/5.4.0/avr5\libgcc.a(_udivmodhi4.o)
                0x00003770                __udivmodhi4
 .text.libgcc.div
                0x00003798       0x44 c:/program files (x86)/atmel/studio/7.0/toolchain/avr8/avr8-gnu-toolchain/bin/../lib/gcc/avr/5.4.0/avr5\libgcc.a(_udivmodsi4.o)
                0x00003798                __udivmodsi4
 .text.libgcc   0x000037dc        0xc c:/program files (x86)/atmel/studio/7.0/toolchain/avr8/avr8-gnu-toolchain/bin/../lib/gcc/avr/5.4.0/avr5\libgcc.a(_tablejump2.o)
                0x000037dc                __tablejump2__
 .text.libgcc.prologue
                0x000037e8       0x38 c:/program files (x86)/atmel/studio/7.0/toolchain/avr8/avr8-gnu-toolchain/bin/../lib/gcc/avr/5.4.0/avr5\libgcc.a(_prologue.o)
                0x000037e8                __prologue_saves__
 .text.libgcc.prologue
                0x00003820       0x36 c:/program files (x86)/atmel/studio/7.0/toolchain/avr8/avr8-gnu-toolchain/bin/../lib/gcc/avr/5.4.0/avr5\libgcc.a(_epilogue.o)
                0x00003820                __epilogue_restores__
 .text.avr-libc
                0x00003856       0x4c c:/program files (x86)/atmel/studio/7.0/toolchain/avr8/avr8-gnu-toolchain/bin/../lib/gcc/avr/5.4.0/../../../../avr/lib/avr5\libc.a(atol.o)
                0x00003856                atol
 .text.avr-libc
                0x000038a2       0x12 c:/program files (x86)/atmel/studio/7.0/toolchain/avr8/avr8-gnu-toolchain/bin/../lib/gcc/avr/5.4.0/../../../../avr/lib/avr5\libc.a(memcpy_P.o)
                0x000038a2                memcpy_P
 .text.avr-libc
                0x000038b4        0xe c:/program files (x86)/atmel/studio/7.0/toolchain/avr8/avr8-gnu-toolchain/bin/../lib/gcc/avr/5.4.0/../../../../avr/lib/avr5\libc.a(strcpy_P.o)
                0x000038b4                strcpy_P
 .text.avr-libc
                0x000038c2       0x12 c:/program files (x86)/atmel/studio/7.0/toolchain/avr8/avr8-gnu-toolchain/bin/../lib/gcc/avr/5.4.0/../../../../avr/lib/avr5\libc.a(strlen_P.o)
                0x000038c2                __strlen_P
 .text.avr-libc
                0x000038d4       0x12 c:/program files (x86)/atmel/studio/7.0/toolchain/avr8/avr8-gnu-toolchain/bin/../lib/gcc/avr/5.4.0/../../../../avr/lib/avr5\libc.a(memcpy.o)
                0x000038d4                memcpy
 .text.avr-libc
                0x000038e6       0x14 c:/program files (x86)/atmel/studio/7.0/toolchain/avr8/avr8-gnu-toolchain/bin/../lib/gcc/avr/5.4.0/../../../../avr/lib/avr5\libc.a(itoa_ncheck.o)
                0x000038e6                __itoa_ncheck
 .text.avr-libc
                0x000038fa       0x2a c:/program files (x86)/atmel/studio/7.0/toolchain/avr8/avr8-gnu-toolchain/bin/../lib/gcc/avr/5.4.0/../../../../avr/lib/avr5\libc.a(mulsi10.o)
                0x000038fa                __mulsi_const_10
 .text.avr-libc
                0x00003924       0x42 c:/program files (x86)/atmel/studio/7.0/toolchain/avr8/avr8-gnu-toolchain/bin/../lib/gcc/avr/5.4.0/../../../../avr/lib/avr5\libc.a(ultoa_ncheck.o)
                0x00003924                __ultoa_ncheck
                0x00003926                __ultoa_common
 .text.avr-libc
                0x00003966       0x32 c:/program files (x86)/atmel/studio/7.0/toolchain/avr8/avr8-gnu-toolchain/bin/../lib/gcc/avr/5.4.0/../../../../avr/lib/avr5\libc.a(utoa_ncheck.o)
                0x00003966                __utoa_ncheck
                0x00003968                __utoa_common
 .text.avr-libc
                0x00003998       0x20 c:/program files (x86)/atmel/studio/7.0/toolchain/avr8/avr8-gnu-toolchain/bin/../lib/gcc/avr/5.4.0/../../../../avr/lib/avr5\libc.a(strrev.o)
                0x00003998                strrev
 .text.avr-libc
                0x000039b8       0x10 C:/Program Files (x86)/Atmel/Studio/7.0/Packs/atmel/ATmega_DFP/1.0.90/gcc/dev/atmega168pa/avr5\libatmega168pa.a(eerd_byte.o)
                0x000039b8                eeprom_read_byte
                0x000039c8                . = ALIGN (0x2)
 *(.fini9)
 .fini9         0x000039c8        0x0 c:/program files (x86)/atmel/studio/7.0/toolchain/avr8/avr8-gnu-toolchain/bin/../lib/gcc/avr/5.4.0/avr5\libgcc.a(_exit.o)
                0x000039c8                _exit
                0x000039c8                exit
 *(.fini9)
 *(.fini8)
 *(.fini8)
 *(.fini7)
 *(.fini7)
 *(.fini6)
 *(.fini6)
 *(.fini5)
 *(.fini5)
 *(.fini4)
 *(.fini4)
 *(.fini3)
 *(.fini3)
 *(.fini2)
 *(.fini2)
 *(.fini1)
 *(.fini1)
 *(.fini0)
 .fini0         0x000039c8        0x4 c:/program files (x86)/atmel/studio/7.0/toolchain/avr8/avr8-gnu-toolchain/bin/../lib/gcc/avr/5.4.0/avr5\libgcc.a(_exit.o)
 *(.fini0)
                0x000039cc                _etext = .

.data           0x00800100       0x30 load address 0x000039cc
                0x00800100                PROVIDE (__data_start, .)
 *(.data)
 *(.data*)
 .data.LCD_stdout
                0x00800100        0xe lib/LCD_133X65_UC1601S.o
 .data.state0   0x0080010e        0x1 lib/modbus/mbfanction0.o
 .data.firstBoot.3188
                0x0080010f        0x1 main.o
 .data.row_selector.2939
                0x00800110        0x1 main.o
 .data.baud_index
                0x00800111        0x1 main.o
 *(.rodata)
 .rodata        0x00800112        0x6 main.o
 *(.rodata*)
 .rodata.baud_lut
                0x00800118       0x18 main.o
 *(.gnu.linkonce.d*)
                0x00800130                . = ALIGN (0x2)
                0x00800130                _edata = .
                0x00800130                PROVIDE (__data_end, .)

.bss            0x00800130      0x1dc
                0x00800130                PROVIDE (__bss_start, .)
 *(.bss)
 *(.bss*)
 .bss.result    0x00800130        0x2 lib/ADC.o
 .bss.adc_channel
                0x00800132        0x1 lib/ADC.o
 .bss.rpt       0x00800133        0x1 lib/Button.o
 .bss.ct1       0x00800134        0x1 lib/Button.o
 .bss.ct0       0x00800135        0x1 lib/Button.o
 .bss.key_rpt   0x00800136        0x1 lib/Button.o
 .bss.key_press
                0x00800137        0x1 lib/Button.o
 .bss.key_state
                0x00800138        0x1 lib/Button.o
 .bss.BufferSize0
                0x00800139        0x1 lib/modbus/mbfanction0.o
 .bss.pBuf0     0x0080013a        0x2 lib/modbus/mbfanction0.o
 .bss.Buf_data  0x0080013c        0x2 lib/modbus/MBServer.o
 .bss.ctr.1666  0x0080013e        0x2 lib/timer.o
 .bss.TimerEvents
                0x00800140        0x1 lib/timer.o
 .bss.beeper_mode
                0x00800141        0x1 lib/timer.o
 .bss.ctr       0x00800142        0x2 lib/timer.o
 .bss.preload   0x00800144        0x2 lib/timer.o
 .bss.counter_3s
                0x00800146        0x2 lib/timer.o
 .bss.sleep_counter
                0x00800148        0x2 lib/timer.o
 .bss.clb_confirm_ctr.2922
                0x0080014a        0x4 main.o
 .bss.state.2921
                0x0080014e        0x1 main.o
 .bss.average_current.3159
                0x0080014f        0x4 main.o
 .bss.lcdLock.3156
                0x00800153        0x1 main.o
 .bss.lvl_percent.3168
                0x00800154        0x4 main.o
 .bss.option_selector.3167
                0x00800158        0x1 main.o
 .bss.average_val.3158
                0x00800159        0x4 main.o
 .bss.device_id.3160
                0x0080015d        0x1 main.o
 .bss.sensor_type.3157
                0x0080015e        0x1 main.o
 .bss.refresh_counter.3161
                0x0080015f        0x1 main.o
 .bss.isCalibrating.3155
                0x00800160        0x1 main.o
 .bss.item_selector.3154
                0x00800161        0x1 main.o
 .bss.lvl_percent.2998
                0x00800162        0x4 main.o
 .bss.row_selector.2990
                0x00800166        0x1 main.o
 .bss.option_selector.2993
                0x00800167        0x1 main.o
 .bss.scroll.2991
                0x00800168        0x1 main.o
 .bss.device_id.2992
                0x00800169        0x1 main.o
 .bss.omni_interval.3125
                0x0080016a        0x1 main.o
 .bss.auto_send.3124
                0x0080016b        0x1 main.o
 .bss.net_mode.3123
                0x0080016c        0x1 main.o
 .bss.write_reg.3122
                0x0080016d        0x1 main.o
 .bss.reg_value.3126
                0x0080016e        0x1 main.o
 .bss.option_selector.3120
                0x0080016f        0x1 main.o
 .bss.row_selector.3119
                0x00800170        0x1 main.o
 .bss.device_id.3121
                0x00800171        0x1 main.o
 .bss.menu_selector.3027
                0x00800172        0x1 main.o
 .bss.id.3028   0x00800173        0x1 main.o
 .bss.menu_selector.3088
                0x00800174        0x1 main.o
 .bss.device_id.3089
                0x00800175        0x1 main.o
 .bss.flip.3070
                0x00800176        0x1 main.o
 .bss.val.3052  0x00800177        0x7 main.o
 .bss.edit_mode.3051
                0x0080017e        0x1 main.o
 .bss.menu_selector.3049
                0x0080017f        0x1 main.o
 .bss.device_id.3050
                0x00800180        0x1 main.o
 .bss.current_task
                0x00800181        0x2 main.o
 .bss.rs232_param_adjust_task
                0x00800183        0x6 main.o
 .bss.rs232_baud_select_task
                0x00800189        0x6 main.o
 .bss.rs232_id_select_task
                0x0080018f        0x6 main.o
 .bss.rs232_settings_task
                0x00800195        0x6 main.o
 .bss.rs232_task
                0x0080019b        0x6 main.o
 .bss.rs485_main_task
                0x008001a1        0x6 main.o
 .bss.rs232_main_task
                0x008001a7        0x6 main.o
 .bss.freq_task
                0x008001ad        0x6 main.o
 .bss.analog_task
                0x008001b3        0x6 main.o
 .bss.mode_select_task
                0x008001b9        0x6 main.o
 .bss.adc       0x008001bf        0x6 main.o
 .bss.frameSelection
                0x008001c5        0x2 main.o
 .bss.framebuffer
                0x008001c7       0xb0 main.o
 *(COMMON)
 COMMON         0x00800277        0x6 lib/freq.o
                0x00800277                capture_count
                0x00800278                timer_ovf_count
                0x00800279                result_val
                0x0080027b                result_timer_ovf_count
 COMMON         0x0080027d       0x55 lib/modbus/mbfanction0.o
                0x0080027d                CPT0
                0x0080028f                DataBuffer0
                0x008002cf                use_rs485
                0x008002d0                pUDR0
 COMMON         0x008002d2       0x34 main.o
                0x008002d2                modbus_rx_data
                0x008002e2                ApplicationFlags
                0x008002e3                ApplicationEvents
                0x008002e4                parameters
                0x008002f2                frame
 COMMON         0x00800306        0x6 c:/program files (x86)/atmel/studio/7.0/toolchain/avr8/avr8-gnu-toolchain/bin/../lib/gcc/avr/5.4.0/../../../../avr/lib/avr5\libc.a(iob.o)
                0x00800306                __iob
                0x0080030c                PROVIDE (__bss_end, .)
                0x000039cc                __data_load_start = LOADADDR (.data)
                0x000039fc                __data_load_end = (__data_load_start + SIZEOF (.data))

.noinit         0x0080030c        0x0
                [!provide]                PROVIDE (__noinit_start, .)
 *(.noinit*)
                [!provide]                PROVIDE (__noinit_end, .)
                0x0080030c                _end = .
                [!provide]                PROVIDE (__heap_start, .)

.eeprom         0x00810000      0x200
 *(.eeprom*)
 .eeprom        0x00810000      0x200 main.o
                0x00810000                logo
                0x00810200                __eeprom_end = .

.fuse
 *(.fuse)
 *(.lfuse)
 *(.hfuse)
 *(.efuse)

.lock
 *(.lock*)

.signature
 *(.signature*)

.user_signatures
 *(.user_signatures*)

.stab
 *(.stab)

.stabstr
 *(.stabstr)

.stab.excl
 *(.stab.excl)

.stab.exclstr
 *(.stab.exclstr)

.stab.index
 *(.stab.index)

.stab.indexstr
 *(.stab.indexstr)

.comment        0x00000000       0x30
 *(.comment)
 .comment       0x00000000       0x30 lib/ADC.o
                                 0x31 (size before relaxing)
 .comment       0x00000030       0x31 lib/Button.o
 .comment       0x00000030       0x31 lib/event.o
 .comment       0x00000030       0x31 lib/freq.o
 .comment       0x00000030       0x31 lib/i2c.o
 .comment       0x00000030       0x31 lib/LCD_133X65_UC1601S.o
 .comment       0x00000030       0x31 lib/modbus/mbfanction0.o
 .comment       0x00000030       0x31 lib/modbus/MBServer.o
 .comment       0x00000030       0x31 lib/timer.o
 .comment       0x00000030       0x31 lib/uart.o
 .comment       0x00000030       0x31 main.o
 .comment       0x00000030       0x31 c:/program files (x86)/atmel/studio/7.0/toolchain/avr8/avr8-gnu-toolchain/bin/../lib/gcc/avr/5.4.0/../../../../avr/lib/avr5\libc.a(iob.o)

.note.gnu.avr.deviceinfo
                0x00000000       0x40
 .note.gnu.avr.deviceinfo
                0x00000000       0x40 C:/Program Files (x86)/Atmel/Studio/7.0/Packs/atmel/ATmega_DFP/1.0.90/gcc/dev/atmega168pa/avr5/crtatmega168pa.o

.note.gnu.build-id
 *(.note.gnu.build-id)

.debug
 *(.debug)

.line
 *(.line)

.debug_srcinfo
 *(.debug_srcinfo)

.debug_sfnames
 *(.debug_sfnames)

.debug_aranges
 *(.debug_aranges)

.debug_pubnames
 *(.debug_pubnames)

.debug_info
 *(.debug_info .gnu.linkonce.wi.*)

.debug_abbrev
 *(.debug_abbrev)

.debug_line
 *(.debug_line .debug_line.* .debug_line_end)

.debug_frame
 *(.debug_frame)

.debug_str
 *(.debug_str)

.debug_loc
 *(.debug_loc)

.debug_macinfo
 *(.debug_macinfo)

.debug_weaknames
 *(.debug_weaknames)

.debug_funcnames
 *(.debug_funcnames)

.debug_typenames
 *(.debug_typenames)

.debug_varnames
 *(.debug_varnames)

.debug_pubtypes
 *(.debug_pubtypes)

.debug_ranges
 *(.debug_ranges)

.debug_macro
 *(.debug_macro)
OUTPUT(Calibrator_v3.0.elf elf32-avr)
LOAD linker stubs

Cross Reference Table

Symbol                                            File
ADC_convert_external_voltage                      lib/ADC.o
ADC_convert_sensor_voltage                        lib/ADC.o
                                                  main.o
ADC_convert_supply_current                        lib/ADC.o
                                                  main.o
ADC_disable                                       lib/ADC.o
                                                  main.o
ADC_enable                                        lib/ADC.o
                                                  main.o
ADC_read                                          lib/ADC.o
                                                  main.o
ADC_ready                                         lib/ADC.o
                                                  main.o
ApplicationEvents                                 main.o
ApplicationFlags                                  main.o
CPT0                                              lib/modbus/mbfanction0.o
CheckCRC0                                         lib/modbus/mbfanction0.o
DataBuffer0                                       lib/modbus/mbfanction0.o
                                                  lib/modbus/MBServer.o
GetInpRegsFLOAT                                   lib/modbus/MBServer.o
                                                  main.o
GetInpRegsLONG                                    lib/modbus/MBServer.o
                                                  main.o
GetInpRegsUSHORT                                  lib/modbus/MBServer.o
                                                  main.o
LCD_clear                                         lib/LCD_133X65_UC1601S.o
                                                  main.o
LCD_close                                         lib/LCD_133X65_UC1601S.o
                                                  main.o
LCD_disable                                       lib/LCD_133X65_UC1601S.o
                                                  main.o
LCD_goto                                          lib/LCD_133X65_UC1601S.o
                                                  main.o
LCD_init                                          lib/LCD_133X65_UC1601S.o
                                                  main.o
LCD_open                                          lib/LCD_133X65_UC1601S.o
                                                  main.o
LCD_put_hz                                        lib/LCD_133X65_UC1601S.o
                                                  main.o
LCD_put_large_int                                 lib/LCD_133X65_UC1601S.o
                                                  main.o
LCD_put_volts                                     lib/LCD_133X65_UC1601S.o
                                                  main.o
LCD_putchar                                       lib/LCD_133X65_UC1601S.o
                                                  main.o
LCD_puts                                          main.o
LCD_set_inverse_mode                              lib/LCD_133X65_UC1601S.o
MBSerialSend                                      lib/modbus/mbfanction0.o
                                                  lib/modbus/MBServer.o
Modbus_disable                                    lib/modbus/MBServer.o
                                                  main.o
Modbus_enable                                     lib/modbus/MBServer.o
                                                  main.o
PWM_start                                         lib/freq.o
PWM_stop                                          lib/freq.o
STR_DEVICE_NAME                                   main.o
STR_FW_TITLE                                      main.o
STR_FW_VERSION                                    main.o
ServerReadInputRegister                           lib/modbus/MBServer.o
                                                  main.o
ServerWriteSingleRegister                         lib/modbus/MBServer.o
                                                  main.o
UART_disable                                      lib/uart.o
                                                  main.o
UART_init                                         lib/uart.o
                                                  main.o
UART_transmit                                     lib/uart.o
UartReceivePacket                                 lib/modbus/mbfanction0.o
                                                  lib/modbus/MBServer.o
__addsf3                                          c:/program files (x86)/atmel/studio/7.0/toolchain/avr8/avr8-gnu-toolchain/bin/../lib/gcc/avr/5.4.0/../../../../avr/lib/avr5\libm.a(addsf3.o)
                                                  lib/ADC.o
__addsf3x                                         c:/program files (x86)/atmel/studio/7.0/toolchain/avr8/avr8-gnu-toolchain/bin/../lib/gcc/avr/5.4.0/../../../../avr/lib/avr5\libm.a(addsf3x.o)
                                                  c:/program files (x86)/atmel/studio/7.0/toolchain/avr8/avr8-gnu-toolchain/bin/../lib/gcc/avr/5.4.0/../../../../avr/lib/avr5\libm.a(addsf3.o)
__bad_interrupt                                   C:/Program Files (x86)/Atmel/Studio/7.0/Packs/atmel/ATmega_DFP/1.0.90/gcc/dev/atmega168pa/avr5/crtatmega168pa.o
__bss_end                                         c:/program files (x86)/atmel/studio/7.0/toolchain/avr8/avr8-gnu-toolchain/bin/../lib/gcc/avr/5.4.0/avr5\libgcc.a(_clear_bss.o)
__bss_start                                       c:/program files (x86)/atmel/studio/7.0/toolchain/avr8/avr8-gnu-toolchain/bin/../lib/gcc/avr/5.4.0/avr5\libgcc.a(_clear_bss.o)
__data_end                                        c:/program files (x86)/atmel/studio/7.0/toolchain/avr8/avr8-gnu-toolchain/bin/../lib/gcc/avr/5.4.0/avr5\libgcc.a(_copy_data.o)
__data_load_start                                 c:/program files (x86)/atmel/studio/7.0/toolchain/avr8/avr8-gnu-toolchain/bin/../lib/gcc/avr/5.4.0/avr5\libgcc.a(_copy_data.o)
__data_start                                      c:/program files (x86)/atmel/studio/7.0/toolchain/avr8/avr8-gnu-toolchain/bin/../lib/gcc/avr/5.4.0/avr5\libgcc.a(_copy_data.o)
__divmodsi4                                       c:/program files (x86)/atmel/studio/7.0/toolchain/avr8/avr8-gnu-toolchain/bin/../lib/gcc/avr/5.4.0/avr5\libgcc.a(_divmodsi4.o)
                                                  lib/freq.o
__do_clear_bss                                    c:/program files (x86)/atmel/studio/7.0/toolchain/avr8/avr8-gnu-toolchain/bin/../lib/gcc/avr/5.4.0/avr5\libgcc.a(_clear_bss.o)
                                                  c:/program files (x86)/atmel/studio/7.0/toolchain/avr8/avr8-gnu-toolchain/bin/../lib/gcc/avr/5.4.0/../../../../avr/lib/avr5\libc.a(iob.o)
                                                  main.o
                                                  lib/timer.o
                                                  lib/modbus/MBServer.o
                                                  lib/modbus/mbfanction0.o
                                                  lib/freq.o
                                                  lib/Button.o
                                                  lib/ADC.o
__do_copy_data                                    c:/program files (x86)/atmel/studio/7.0/toolchain/avr8/avr8-gnu-toolchain/bin/../lib/gcc/avr/5.4.0/avr5\libgcc.a(_copy_data.o)
                                                  main.o
                                                  lib/modbus/mbfanction0.o
                                                  lib/LCD_133X65_UC1601S.o
__epilogue_restores__                             c:/program files (x86)/atmel/studio/7.0/toolchain/avr8/avr8-gnu-toolchain/bin/../lib/gcc/avr/5.4.0/avr5\libgcc.a(_epilogue.o)
                                                  main.o
                                                  lib/modbus/MBServer.o
                                                  lib/LCD_133X65_UC1601S.o
__fixunssfsi                                      c:/program files (x86)/atmel/studio/7.0/toolchain/avr8/avr8-gnu-toolchain/bin/../lib/gcc/avr/5.4.0/../../../../avr/lib/avr5\libm.a(fixunssfsi.o)
                                                  main.o
                                                  lib/ADC.o
__floatsisf                                       c:/program files (x86)/atmel/studio/7.0/toolchain/avr8/avr8-gnu-toolchain/bin/../lib/gcc/avr/5.4.0/../../../../avr/lib/avr5\libm.a(floatsisf.o)
                                                  main.o
__floatunsisf                                     c:/program files (x86)/atmel/studio/7.0/toolchain/avr8/avr8-gnu-toolchain/bin/../lib/gcc/avr/5.4.0/../../../../avr/lib/avr5\libm.a(floatsisf.o)
                                                  main.o
                                                  lib/ADC.o
__fp_inf                                          c:/program files (x86)/atmel/studio/7.0/toolchain/avr8/avr8-gnu-toolchain/bin/../lib/gcc/avr/5.4.0/../../../../avr/lib/avr5\libm.a(fp_inf.o)
                                                  c:/program files (x86)/atmel/studio/7.0/toolchain/avr8/avr8-gnu-toolchain/bin/../lib/gcc/avr/5.4.0/../../../../avr/lib/avr5\libm.a(mulsf3x.o)
                                                  c:/program files (x86)/atmel/studio/7.0/toolchain/avr8/avr8-gnu-toolchain/bin/../lib/gcc/avr/5.4.0/../../../../avr/lib/avr5\libm.a(addsf3x.o)
__fp_nan                                          c:/program files (x86)/atmel/studio/7.0/toolchain/avr8/avr8-gnu-toolchain/bin/../lib/gcc/avr/5.4.0/../../../../avr/lib/avr5\libm.a(fp_nan.o)
                                                  c:/program files (x86)/atmel/studio/7.0/toolchain/avr8/avr8-gnu-toolchain/bin/../lib/gcc/avr/5.4.0/../../../../avr/lib/avr5\libm.a(mulsf3x.o)
                                                  c:/program files (x86)/atmel/studio/7.0/toolchain/avr8/avr8-gnu-toolchain/bin/../lib/gcc/avr/5.4.0/../../../../avr/lib/avr5\libm.a(addsf3x.o)
__fp_pscA                                         c:/program files (x86)/atmel/studio/7.0/toolchain/avr8/avr8-gnu-toolchain/bin/../lib/gcc/avr/5.4.0/../../../../avr/lib/avr5\libm.a(fp_pscA.o)
                                                  c:/program files (x86)/atmel/studio/7.0/toolchain/avr8/avr8-gnu-toolchain/bin/../lib/gcc/avr/5.4.0/../../../../avr/lib/avr5\libm.a(mulsf3x.o)
                                                  c:/program files (x86)/atmel/studio/7.0/toolchain/avr8/avr8-gnu-toolchain/bin/../lib/gcc/avr/5.4.0/../../../../avr/lib/avr5\libm.a(addsf3x.o)
__fp_pscB                                         c:/program files (x86)/atmel/studio/7.0/toolchain/avr8/avr8-gnu-toolchain/bin/../lib/gcc/avr/5.4.0/../../../../avr/lib/avr5\libm.a(fp_pscB.o)
                                                  c:/program files (x86)/atmel/studio/7.0/toolchain/avr8/avr8-gnu-toolchain/bin/../lib/gcc/avr/5.4.0/../../../../avr/lib/avr5\libm.a(mulsf3x.o)
                                                  c:/program files (x86)/atmel/studio/7.0/toolchain/avr8/avr8-gnu-toolchain/bin/../lib/gcc/avr/5.4.0/../../../../avr/lib/avr5\libm.a(addsf3x.o)
__fp_round                                        c:/program files (x86)/atmel/studio/7.0/toolchain/avr8/avr8-gnu-toolchain/bin/../lib/gcc/avr/5.4.0/../../../../avr/lib/avr5\libm.a(fp_round.o)
                                                  c:/program files (x86)/atmel/studio/7.0/toolchain/avr8/avr8-gnu-toolchain/bin/../lib/gcc/avr/5.4.0/../../../../avr/lib/avr5\libm.a(mulsf3.o)
                                                  c:/program files (x86)/atmel/studio/7.0/toolchain/avr8/avr8-gnu-toolchain/bin/../lib/gcc/avr/5.4.0/../../../../avr/lib/avr5\libm.a(addsf3.o)
__fp_split3                                       c:/program files (x86)/atmel/studio/7.0/toolchain/avr8/avr8-gnu-toolchain/bin/../lib/gcc/avr/5.4.0/../../../../avr/lib/avr5\libm.a(fp_split3.o)
                                                  c:/program files (x86)/atmel/studio/7.0/toolchain/avr8/avr8-gnu-toolchain/bin/../lib/gcc/avr/5.4.0/../../../../avr/lib/avr5\libm.a(mulsf3x.o)
                                                  c:/program files (x86)/atmel/studio/7.0/toolchain/avr8/avr8-gnu-toolchain/bin/../lib/gcc/avr/5.4.0/../../../../avr/lib/avr5\libm.a(addsf3x.o)
__fp_splitA                                       c:/program files (x86)/atmel/studio/7.0/toolchain/avr8/avr8-gnu-toolchain/bin/../lib/gcc/avr/5.4.0/../../../../avr/lib/avr5\libm.a(fp_split3.o)
                                                  c:/program files (x86)/atmel/studio/7.0/toolchain/avr8/avr8-gnu-toolchain/bin/../lib/gcc/avr/5.4.0/../../../../avr/lib/avr5\libm.a(fixunssfsi.o)
__fp_szero                                        c:/program files (x86)/atmel/studio/7.0/toolchain/avr8/avr8-gnu-toolchain/bin/../lib/gcc/avr/5.4.0/../../../../avr/lib/avr5\libm.a(fp_zero.o)
                                                  c:/program files (x86)/atmel/studio/7.0/toolchain/avr8/avr8-gnu-toolchain/bin/../lib/gcc/avr/5.4.0/../../../../avr/lib/avr5\libm.a(mulsf3x.o)
__fp_zero                                         c:/program files (x86)/atmel/studio/7.0/toolchain/avr8/avr8-gnu-toolchain/bin/../lib/gcc/avr/5.4.0/../../../../avr/lib/avr5\libm.a(fp_zero.o)
                                                  c:/program files (x86)/atmel/studio/7.0/toolchain/avr8/avr8-gnu-toolchain/bin/../lib/gcc/avr/5.4.0/../../../../avr/lib/avr5\libm.a(fixunssfsi.o)
                                                  c:/program files (x86)/atmel/studio/7.0/toolchain/avr8/avr8-gnu-toolchain/bin/../lib/gcc/avr/5.4.0/../../../../avr/lib/avr5\libm.a(addsf3x.o)
__heap_end                                        C:/Program Files (x86)/Atmel/Studio/7.0/Packs/atmel/ATmega_DFP/1.0.90/gcc/dev/atmega168pa/avr5/crtatmega168pa.o
__init                                            C:/Program Files (x86)/Atmel/Studio/7.0/Packs/atmel/ATmega_DFP/1.0.90/gcc/dev/atmega168pa/avr5/crtatmega168pa.o
__iob                                             c:/program files (x86)/atmel/studio/7.0/toolchain/avr8/avr8-gnu-toolchain/bin/../lib/gcc/avr/5.4.0/../../../../avr/lib/avr5\libc.a(iob.o)
                                                  lib/LCD_133X65_UC1601S.o
__itoa_ncheck                                     c:/program files (x86)/atmel/studio/7.0/toolchain/avr8/avr8-gnu-toolchain/bin/../lib/gcc/avr/5.4.0/../../../../avr/lib/avr5\libc.a(itoa_ncheck.o)
                                                  main.o
__mulsf3                                          c:/program files (x86)/atmel/studio/7.0/toolchain/avr8/avr8-gnu-toolchain/bin/../lib/gcc/avr/5.4.0/../../../../avr/lib/avr5\libm.a(mulsf3.o)
                                                  main.o
                                                  lib/ADC.o
__mulsf3_pse                                      c:/program files (x86)/atmel/studio/7.0/toolchain/avr8/avr8-gnu-toolchain/bin/../lib/gcc/avr/5.4.0/../../../../avr/lib/avr5\libm.a(mulsf3x.o)
__mulsf3x                                         c:/program files (x86)/atmel/studio/7.0/toolchain/avr8/avr8-gnu-toolchain/bin/../lib/gcc/avr/5.4.0/../../../../avr/lib/avr5\libm.a(mulsf3x.o)
                                                  c:/program files (x86)/atmel/studio/7.0/toolchain/avr8/avr8-gnu-toolchain/bin/../lib/gcc/avr/5.4.0/../../../../avr/lib/avr5\libm.a(mulsf3.o)
__mulsi_const_10                                  c:/program files (x86)/atmel/studio/7.0/toolchain/avr8/avr8-gnu-toolchain/bin/../lib/gcc/avr/5.4.0/../../../../avr/lib/avr5\libc.a(mulsi10.o)
                                                  c:/program files (x86)/atmel/studio/7.0/toolchain/avr8/avr8-gnu-toolchain/bin/../lib/gcc/avr/5.4.0/../../../../avr/lib/avr5\libc.a(atol.o)
__negsi2                                          c:/program files (x86)/atmel/studio/7.0/toolchain/avr8/avr8-gnu-toolchain/bin/../lib/gcc/avr/5.4.0/avr5\libgcc.a(_negsi2.o)
                                                  c:/program files (x86)/atmel/studio/7.0/toolchain/avr8/avr8-gnu-toolchain/bin/../lib/gcc/avr/5.4.0/avr5\libgcc.a(_divmodsi4.o)
__prologue_saves__                                c:/program files (x86)/atmel/studio/7.0/toolchain/avr8/avr8-gnu-toolchain/bin/../lib/gcc/avr/5.4.0/avr5\libgcc.a(_prologue.o)
                                                  main.o
                                                  lib/modbus/MBServer.o
                                                  lib/LCD_133X65_UC1601S.o
__stack                                           C:/Program Files (x86)/Atmel/Studio/7.0/Packs/atmel/ATmega_DFP/1.0.90/gcc/dev/atmega168pa/avr5/crtatmega168pa.o
__strlen_P                                        c:/program files (x86)/atmel/studio/7.0/toolchain/avr8/avr8-gnu-toolchain/bin/../lib/gcc/avr/5.4.0/../../../../avr/lib/avr5\libc.a(strlen_P.o)
                                                  main.o
__subsf3                                          c:/program files (x86)/atmel/studio/7.0/toolchain/avr8/avr8-gnu-toolchain/bin/../lib/gcc/avr/5.4.0/../../../../avr/lib/avr5\libm.a(addsf3.o)
__tablejump2__                                    c:/program files (x86)/atmel/studio/7.0/toolchain/avr8/avr8-gnu-toolchain/bin/../lib/gcc/avr/5.4.0/avr5\libgcc.a(_tablejump2.o)
                                                  main.o
__udivmodhi4                                      c:/program files (x86)/atmel/studio/7.0/toolchain/avr8/avr8-gnu-toolchain/bin/../lib/gcc/avr/5.4.0/avr5\libgcc.a(_udivmodhi4.o)
                                                  lib/timer.o
                                                  lib/freq.o
__udivmodsi4                                      c:/program files (x86)/atmel/studio/7.0/toolchain/avr8/avr8-gnu-toolchain/bin/../lib/gcc/avr/5.4.0/avr5\libgcc.a(_udivmodsi4.o)
                                                  c:/program files (x86)/atmel/studio/7.0/toolchain/avr8/avr8-gnu-toolchain/bin/../lib/gcc/avr/5.4.0/avr5\libgcc.a(_divmodsi4.o)
                                                  lib/uart.o
                                                  lib/LCD_133X65_UC1601S.o
                                                  lib/freq.o
__ultoa_common                                    c:/program files (x86)/atmel/studio/7.0/toolchain/avr8/avr8-gnu-toolchain/bin/../lib/gcc/avr/5.4.0/../../../../avr/lib/avr5\libc.a(ultoa_ncheck.o)
__ultoa_ncheck                                    c:/program files (x86)/atmel/studio/7.0/toolchain/avr8/avr8-gnu-toolchain/bin/../lib/gcc/avr/5.4.0/../../../../avr/lib/avr5\libc.a(ultoa_ncheck.o)
                                                  main.o
__utoa_common                                     c:/program files (x86)/atmel/studio/7.0/toolchain/avr8/avr8-gnu-toolchain/bin/../lib/gcc/avr/5.4.0/../../../../avr/lib/avr5\libc.a(utoa_ncheck.o)
                                                  c:/program files (x86)/atmel/studio/7.0/toolchain/avr8/avr8-gnu-toolchain/bin/../lib/gcc/avr/5.4.0/../../../../avr/lib/avr5\libc.a(itoa_ncheck.o)
__utoa_ncheck                                     c:/program files (x86)/atmel/studio/7.0/toolchain/avr8/avr8-gnu-toolchain/bin/../lib/gcc/avr/5.4.0/../../../../avr/lib/avr5\libc.a(utoa_ncheck.o)
__vector_1                                        C:/Program Files (x86)/Atmel/Studio/7.0/Packs/atmel/ATmega_DFP/1.0.90/gcc/dev/atmega168pa/avr5/crtatmega168pa.o
__vector_10                                       lib/freq.o
                                                  C:/Program Files (x86)/Atmel/Studio/7.0/Packs/atmel/ATmega_DFP/1.0.90/gcc/dev/atmega168pa/avr5/crtatmega168pa.o
__vector_11                                       C:/Program Files (x86)/Atmel/Studio/7.0/Packs/atmel/ATmega_DFP/1.0.90/gcc/dev/atmega168pa/avr5/crtatmega168pa.o
__vector_12                                       C:/Program Files (x86)/Atmel/Studio/7.0/Packs/atmel/ATmega_DFP/1.0.90/gcc/dev/atmega168pa/avr5/crtatmega168pa.o
__vector_13                                       lib/freq.o
                                                  C:/Program Files (x86)/Atmel/Studio/7.0/Packs/atmel/ATmega_DFP/1.0.90/gcc/dev/atmega168pa/avr5/crtatmega168pa.o
__vector_14                                       C:/Program Files (x86)/Atmel/Studio/7.0/Packs/atmel/ATmega_DFP/1.0.90/gcc/dev/atmega168pa/avr5/crtatmega168pa.o
__vector_15                                       C:/Program Files (x86)/Atmel/Studio/7.0/Packs/atmel/ATmega_DFP/1.0.90/gcc/dev/atmega168pa/avr5/crtatmega168pa.o
__vector_16                                       lib/timer.o
                                                  C:/Program Files (x86)/Atmel/Studio/7.0/Packs/atmel/ATmega_DFP/1.0.90/gcc/dev/atmega168pa/avr5/crtatmega168pa.o
__vector_17                                       C:/Program Files (x86)/Atmel/Studio/7.0/Packs/atmel/ATmega_DFP/1.0.90/gcc/dev/atmega168pa/avr5/crtatmega168pa.o
__vector_18                                       lib/modbus/mbfanction0.o
                                                  C:/Program Files (x86)/Atmel/Studio/7.0/Packs/atmel/ATmega_DFP/1.0.90/gcc/dev/atmega168pa/avr5/crtatmega168pa.o
__vector_19                                       lib/modbus/mbfanction0.o
                                                  C:/Program Files (x86)/Atmel/Studio/7.0/Packs/atmel/ATmega_DFP/1.0.90/gcc/dev/atmega168pa/avr5/crtatmega168pa.o
__vector_2                                        main.o
                                                  C:/Program Files (x86)/Atmel/Studio/7.0/Packs/atmel/ATmega_DFP/1.0.90/gcc/dev/atmega168pa/avr5/crtatmega168pa.o
__vector_20                                       lib/modbus/mbfanction0.o
                                                  C:/Program Files (x86)/Atmel/Studio/7.0/Packs/atmel/ATmega_DFP/1.0.90/gcc/dev/atmega168pa/avr5/crtatmega168pa.o
__vector_21                                       C:/Program Files (x86)/Atmel/Studio/7.0/Packs/atmel/ATmega_DFP/1.0.90/gcc/dev/atmega168pa/avr5/crtatmega168pa.o
__vector_22                                       C:/Program Files (x86)/Atmel/Studio/7.0/Packs/atmel/ATmega_DFP/1.0.90/gcc/dev/atmega168pa/avr5/crtatmega168pa.o
__vector_23                                       C:/Program Files (x86)/Atmel/Studio/7.0/Packs/atmel/ATmega_DFP/1.0.90/gcc/dev/atmega168pa/avr5/crtatmega168pa.o
__vector_24                                       C:/Program Files (x86)/Atmel/Studio/7.0/Packs/atmel/ATmega_DFP/1.0.90/gcc/dev/atmega168pa/avr5/crtatmega168pa.o
__vector_25                                       C:/Program Files (x86)/Atmel/Studio/7.0/Packs/atmel/ATmega_DFP/1.0.90/gcc/dev/atmega168pa/avr5/crtatmega168pa.o
__vector_3                                        C:/Program Files (x86)/Atmel/Studio/7.0/Packs/atmel/ATmega_DFP/1.0.90/gcc/dev/atmega168pa/avr5/crtatmega168pa.o
__vector_4                                        C:/Program Files (x86)/Atmel/Studio/7.0/Packs/atmel/ATmega_DFP/1.0.90/gcc/dev/atmega168pa/avr5/crtatmega168pa.o
__vector_5                                        C:/Program Files (x86)/Atmel/Studio/7.0/Packs/atmel/ATmega_DFP/1.0.90/gcc/dev/atmega168pa/avr5/crtatmega168pa.o
__vector_6                                        C:/Program Files (x86)/Atmel/Studio/7.0/Packs/atmel/ATmega_DFP/1.0.90/gcc/dev/atmega168pa/avr5/crtatmega168pa.o
__vector_7                                        lib/freq.o
                                                  C:/Program Files (x86)/Atmel/Studio/7.0/Packs/atmel/ATmega_DFP/1.0.90/gcc/dev/atmega168pa/avr5/crtatmega168pa.o
__vector_8                                        C:/Program Files (x86)/Atmel/Studio/7.0/Packs/atmel/ATmega_DFP/1.0.90/gcc/dev/atmega168pa/avr5/crtatmega168pa.o
__vector_9                                        lib/modbus/mbfanction0.o
                                                  C:/Program Files (x86)/Atmel/Studio/7.0/Packs/atmel/ATmega_DFP/1.0.90/gcc/dev/atmega168pa/avr5/crtatmega168pa.o
__vector_default                                  C:/Program Files (x86)/Atmel/Studio/7.0/Packs/atmel/ATmega_DFP/1.0.90/gcc/dev/atmega168pa/avr5/crtatmega168pa.o
__vectors                                         C:/Program Files (x86)/Atmel/Studio/7.0/Packs/atmel/ATmega_DFP/1.0.90/gcc/dev/atmega168pa/avr5/crtatmega168pa.o
_exit                                             c:/program files (x86)/atmel/studio/7.0/toolchain/avr8/avr8-gnu-toolchain/bin/../lib/gcc/avr/5.4.0/avr5\libgcc.a(_exit.o)
atol                                              c:/program files (x86)/atmel/studio/7.0/toolchain/avr8/avr8-gnu-toolchain/bin/../lib/gcc/avr/5.4.0/../../../../avr/lib/avr5\libc.a(atol.o)
                                                  main.o
boot_logo_display                                 main.o
capture_count                                     lib/freq.o
check_modbus_packet                               lib/modbus/mbfanction0.o
                                                  lib/modbus/MBServer.o
create_frames                                     main.o
debounce_keys                                     lib/Button.o
                                                  lib/timer.o
eeprom_read_byte                                  C:/Program Files (x86)/Atmel/Studio/7.0/Packs/atmel/ATmega_DFP/1.0.90/gcc/dev/atmega168pa/avr5\libatmega168pa.a(eerd_byte.o)
                                                  main.o
exit                                              c:/program files (x86)/atmel/studio/7.0/toolchain/avr8/avr8-gnu-toolchain/bin/../lib/gcc/avr/5.4.0/avr5\libgcc.a(_exit.o)
                                                  C:/Program Files (x86)/Atmel/Studio/7.0/Packs/atmel/ATmega_DFP/1.0.90/gcc/dev/atmega168pa/avr5/crtatmega168pa.o
font                                              lib/LCD_133X65_UC1601S.o
font11x15                                         lib/LCD_133X65_UC1601S.o
frame                                             main.o
frame_analog                                      main.o
frame_baud_select                                 main.o
frame_freq                                        main.o
frame_id_select                                   main.o
frame_mode_select                                 main.o
frame_param_adjust                                main.o
frame_rs232                                       main.o
frame_rs232_main                                  main.o
frame_rs232_settings                              main.o
frame_rs485_main                                  main.o
frequency_measurement_start                       lib/freq.o
                                                  main.o
frequency_measurement_stop                        lib/freq.o
                                                  main.o
get_frequency                                     lib/freq.o
                                                  main.o
get_key_long                                      lib/Button.o
                                                  main.o
get_key_press                                     lib/Button.o
get_key_rpt                                       lib/Button.o
get_key_rpt_l                                     lib/Button.o
                                                  main.o
get_key_short                                     lib/Button.o
                                                  main.o
i2c_disable                                       lib/i2c.o
                                                  main.o
i2c_init                                          lib/i2c.o
                                                  main.o
i2c_read                                          lib/i2c.o
i2c_start                                         lib/i2c.o
                                                  lib/LCD_133X65_UC1601S.o
i2c_stop                                          lib/i2c.o
                                                  lib/LCD_133X65_UC1601S.o
i2c_write                                         lib/i2c.o
                                                  main.o
                                                  lib/LCD_133X65_UC1601S.o
key_handler_init                                  lib/Button.o
                                                  main.o
logo                                              main.o
main                                              main.o
                                                  C:/Program Files (x86)/Atmel/Studio/7.0/Packs/atmel/ATmega_DFP/1.0.90/gcc/dev/atmega168pa/avr5/crtatmega168pa.o
make_annoying_beep                                lib/timer.o
                                                  main.o
memcpy                                            c:/program files (x86)/atmel/studio/7.0/toolchain/avr8/avr8-gnu-toolchain/bin/../lib/gcc/avr/5.4.0/../../../../avr/lib/avr5\libc.a(memcpy.o)
                                                  main.o
memcpy_P                                          c:/program files (x86)/atmel/studio/7.0/toolchain/avr8/avr8-gnu-toolchain/bin/../lib/gcc/avr/5.4.0/../../../../avr/lib/avr5\libc.a(memcpy_P.o)
                                                  main.o
modbus_get_id                                     lib/modbus/MBServer.o
                                                  main.o
modbus_read_ok                                    lib/modbus/MBServer.o
                                                  main.o
modbus_rx_data                                    main.o
modbus_write_ok                                   lib/modbus/MBServer.o
                                                  main.o
pUDR0                                             lib/modbus/mbfanction0.o
                                                  lib/modbus/MBServer.o
parameters                                        main.o
ready_to_sleep                                    lib/timer.o
                                                  main.o
result_timer_ovf_count                            lib/freq.o
result_val                                        lib/freq.o
schedule_delayed_sleep                            lib/timer.o
                                                  main.o
sleep_timer_reset                                 lib/timer.o
                                                  main.o
soft_PWM_start                                    lib/freq.o
                                                  main.o
soft_PWM_stop                                     lib/freq.o
                                                  main.o
str_auto_send                                     main.o
str_baudrate                                      main.o
str_bin_mode                                      main.o
str_cal_check                                     main.o
str_cal_error                                     main.o
str_cal_in_progress                               main.o
str_cal_success                                   main.o
str_conn_settings                                 main.o
str_connect_electrode                             main.o
str_current_draw                                  main.o
str_disconnect_electrode                          main.o
str_empty_tank                                    main.o
str_excl                                          main.o
str_exit                                          main.o
str_exset                                         main.o
str_f0_0                                          main.o
str_f0_1                                          main.o
str_f0_2                                          main.o
str_f0_3                                          main.o
str_f0_4                                          main.o
str_f0_7                                          main.o
str_f2_0                                          main.o
str_f4_0                                          main.o
str_f5_0                                          main.o
str_f6_0                                          main.o
str_f6_3                                          main.o
str_f7_0                                          main.o
str_f7_2                                          main.o
str_f7_3                                          main.o
str_f7_5                                          main.o
str_f7_7                                          main.o
str_f8_0                                          main.o
str_f8_5                                          main.o
str_freq                                          main.o
str_full_tank                                     main.o
str_id                                            main.o
str_interval                                      main.o
str_level_n                                       main.o
str_level_precent                                 main.o
str_modbus_error                                  main.o
str_n_max                                         main.o
str_net_mode                                      main.o
str_no_conn                                       main.o
str_null                                          main.o
str_off                                           main.o
str_okcn                                          main.o
str_on                                            main.o
str_param_edit                                    main.o
str_t_average                                     main.o
str_text_mode                                     main.o
str_title_rs232                                   main.o
str_title_rs485                                   main.o
strcpy_P                                          c:/program files (x86)/atmel/studio/7.0/toolchain/avr8/avr8-gnu-toolchain/bin/../lib/gcc/avr/5.4.0/../../../../avr/lib/avr5\libc.a(strcpy_P.o)
                                                  main.o
strrev                                            c:/program files (x86)/atmel/studio/7.0/toolchain/avr8/avr8-gnu-toolchain/bin/../lib/gcc/avr/5.4.0/../../../../avr/lib/avr5\libc.a(strrev.o)
                                                  c:/program files (x86)/atmel/studio/7.0/toolchain/avr8/avr8-gnu-toolchain/bin/../lib/gcc/avr/5.4.0/../../../../avr/lib/avr5\libc.a(utoa_ncheck.o)
                                                  c:/program files (x86)/atmel/studio/7.0/toolchain/avr8/avr8-gnu-toolchain/bin/../lib/gcc/avr/5.4.0/../../../../avr/lib/avr5\libc.a(ultoa_ncheck.o)
task_callback_register                            lib/event.o
task_register                                     lib/event.o
                                                  main.o
task_set_id                                       lib/event.o
                                                  main.o
task_set_type                                     lib/event.o
                                                  main.o
timer0_expired                                    lib/timer.o
                                                  main.o
timer0_preload_ms                                 lib/timer.o
                                                  main.o
timer0_reset                                      lib/timer.o
                                                  main.o
timer3s_expired                                   lib/timer.o
                                                  main.o
timer3s_reset                                     lib/timer.o
                                                  main.o
timer_ovf_count                                   lib/freq.o
use_rs485                                         lib/modbus/mbfanction0.o
                                                  lib/modbus/MBServer.o
